Setting up dataset W300...
Dataset W300
    Number of datapoints: 1
    Root location: ../300W/
Setting up dataset W300...
Dataset W300
    Number of datapoints: 689
    Root location: ../300W/
Trainable params Q: 11,379,491
Trainable params P: 10,868,096
Trainable params D_z: 1,102,001
Trainable params D: 1,743,744
Trainable params LMH: 880,640
Learning rate: 2e-05
[2020-09-04 16:14:53] Resuming session test from snapshot ./...
[2020-09-04 16:14:53] Model ./ trained for 0 iterations (0:00:00).
[2020-09-04 16:14:53] 
[2020-09-04 16:14:53] Starting training session 'test'...
[2020-09-04 16:14:53] 
[2020-09-04 16:14:53] Epoch 1/1000
[2020-09-04 16:14:53] ==========
[2020-09-04 16:14:54] ----------------------------------------------------------------------------------------------------
[2020-09-04 16:14:54]            l_rec=11.825 l_lms=3.0133 err_lms=0.00/0.00/0.00 	T: 0:00:00
[2020-09-04 16:14:54] 
[2020-09-04 16:14:54] Epoch 2/1000
[2020-09-04 16:14:54] ==========
[2020-09-04 16:14:54] ----------------------------------------------------------------------------------------------------
[2020-09-04 16:14:54]            l_rec=11.825 l_lms=2.8647 err_lms=0.00/0.00/0.00 	T: 0:00:00
[2020-09-04 16:14:54] 
[2020-09-04 16:14:54] Epoch 3/1000
[2020-09-04 16:14:54] ==========
[2020-09-04 16:14:55] ----------------------------------------------------------------------------------------------------
[2020-09-04 16:14:55]            l_rec=11.825 l_lms=2.8099 err_lms=0.00/0.00/0.00 	T: 0:00:00
[2020-09-04 16:14:55] 
[2020-09-04 16:14:55] Epoch 4/1000
[2020-09-04 16:14:55] ==========
[2020-09-04 16:14:55] ----------------------------------------------------------------------------------------------------
[2020-09-04 16:14:55]            l_rec=11.825 l_lms=2.7603 err_lms=0.00/0.00/0.00 	T: 0:00:00
[2020-09-04 16:14:55] 
[2020-09-04 16:14:55] Epoch 5/1000
[2020-09-04 16:14:55] ==========
[2020-09-04 16:14:56] ----------------------------------------------------------------------------------------------------
[2020-09-04 16:14:56]            l_rec=11.825 l_lms=2.7314 err_lms=0.00/0.00/0.00 	T: 0:00:00
[2020-09-04 16:14:56] 
[2020-09-04 16:14:56] Epoch 6/1000
[2020-09-04 16:14:56] ==========
[2020-09-04 16:14:56] ----------------------------------------------------------------------------------------------------
[2020-09-04 16:14:56]            l_rec=11.825 l_lms=2.7137 err_lms=0.00/0.00/0.00 	T: 0:00:00
[2020-09-04 16:14:56] 
[2020-09-04 16:14:56] Epoch 7/1000
[2020-09-04 16:14:56] ==========
[2020-09-04 16:14:57] ----------------------------------------------------------------------------------------------------
[2020-09-04 16:14:57]            l_rec=11.825 l_lms=2.6925 err_lms=0.00/0.00/0.00 	T: 0:00:00
[2020-09-04 16:14:57] 
[2020-09-04 16:14:57] Epoch 8/1000
[2020-09-04 16:14:57] ==========
[2020-09-04 16:14:57] ----------------------------------------------------------------------------------------------------
[2020-09-04 16:14:57]            l_rec=11.825 l_lms=2.6658 err_lms=0.00/0.00/0.00 	T: 0:00:00
[2020-09-04 16:14:57] 
[2020-09-04 16:14:57] Epoch 9/1000
[2020-09-04 16:14:57] ==========
[2020-09-04 16:14:58] ----------------------------------------------------------------------------------------------------
[2020-09-04 16:14:58]            l_rec=11.825 l_lms=2.6278 err_lms=0.00/0.00/0.00 	T: 0:00:00
[2020-09-04 16:14:58] 
[2020-09-04 16:14:58] Epoch 10/1000
[2020-09-04 16:14:58] ==========
[2020-09-04 16:14:58] ----------------------------------------------------------------------------------------------------
[2020-09-04 16:14:58]            l_rec=11.825 l_lms=2.5842 err_lms=0.00/0.00/0.00 	T: 0:00:00
[2020-09-04 16:14:58] 
[2020-09-04 16:14:58] Epoch 11/1000
[2020-09-04 16:14:58] ==========
[2020-09-04 16:14:59] ----------------------------------------------------------------------------------------------------
[2020-09-04 16:14:59]            l_rec=11.825 l_lms=2.5764 err_lms=0.00/0.00/0.00 	T: 0:00:00
[2020-09-04 16:14:59] 
[2020-09-04 16:14:59] Epoch 12/1000
[2020-09-04 16:14:59] ==========
[2020-09-04 16:14:59] ----------------------------------------------------------------------------------------------------
[2020-09-04 16:14:59]            l_rec=11.825 l_lms=2.5936 err_lms=0.00/0.00/0.00 	T: 0:00:00
[2020-09-04 16:14:59] 
[2020-09-04 16:14:59] Epoch 13/1000
[2020-09-04 16:14:59] ==========
[2020-09-04 16:15:00] ----------------------------------------------------------------------------------------------------
[2020-09-04 16:15:00]            l_rec=11.825 l_lms=2.4759 err_lms=0.00/0.00/0.00 	T: 0:00:00
[2020-09-04 16:15:00] 
[2020-09-04 16:15:00] Epoch 14/1000
[2020-09-04 16:15:00] ==========
[2020-09-04 16:15:00] ----------------------------------------------------------------------------------------------------
[2020-09-04 16:15:00]            l_rec=11.825 l_lms=2.3799 err_lms=0.00/0.00/0.00 	T: 0:00:00
[2020-09-04 16:15:00] 
[2020-09-04 16:15:00] Epoch 15/1000
[2020-09-04 16:15:00] ==========
[2020-09-04 16:15:01] ----------------------------------------------------------------------------------------------------
[2020-09-04 16:15:01]            l_rec=11.825 l_lms=2.4181 err_lms=0.00/0.00/0.00 	T: 0:00:00
[2020-09-04 16:15:01] 
[2020-09-04 16:15:01] Epoch 16/1000
[2020-09-04 16:15:01] ==========
[2020-09-04 16:15:01] ----------------------------------------------------------------------------------------------------
[2020-09-04 16:15:01]            l_rec=11.825 l_lms=2.2681 err_lms=0.00/0.00/0.00 	T: 0:00:00
[2020-09-04 16:15:01] 
[2020-09-04 16:15:01] Epoch 17/1000
[2020-09-04 16:15:01] ==========
[2020-09-04 16:15:02] ----------------------------------------------------------------------------------------------------
[2020-09-04 16:15:02]            l_rec=11.825 l_lms=2.3003 err_lms=0.00/0.00/0.00 	T: 0:00:00
[2020-09-04 16:15:02] 
[2020-09-04 16:15:02] Epoch 18/1000
[2020-09-04 16:15:02] ==========
[2020-09-04 16:15:02] ----------------------------------------------------------------------------------------------------
[2020-09-04 16:15:02]            l_rec=11.825 l_lms=2.2587 err_lms=0.00/0.00/0.00 	T: 0:00:00
[2020-09-04 16:15:02] 
[2020-09-04 16:15:02] Epoch 19/1000
[2020-09-04 16:15:02] ==========
[2020-09-04 16:15:03] ----------------------------------------------------------------------------------------------------
[2020-09-04 16:15:03]            l_rec=11.825 l_lms=2.2079 err_lms=0.00/0.00/0.00 	T: 0:00:00
[2020-09-04 16:15:03] 
[2020-09-04 16:15:03] Epoch 20/1000
[2020-09-04 16:15:03] ==========
[2020-09-04 16:15:03] ----------------------------------------------------------------------------------------------------
[2020-09-04 16:15:03]            l_rec=11.825 l_lms=2.2224 err_lms=0.00/0.00/0.00 	T: 0:00:00
[2020-09-04 16:15:03] 
[2020-09-04 16:15:03] Epoch 21/1000
[2020-09-04 16:15:03] ==========
[2020-09-04 16:15:04] ----------------------------------------------------------------------------------------------------
[2020-09-04 16:15:04]            l_rec=11.825 l_lms=2.1514 err_lms=0.00/0.00/0.00 	T: 0:00:00
[2020-09-04 16:15:04] 
[2020-09-04 16:15:04] Epoch 22/1000
[2020-09-04 16:15:04] ==========
[2020-09-04 16:15:04] ----------------------------------------------------------------------------------------------------
[2020-09-04 16:15:04]            l_rec=11.825 l_lms=2.1464 err_lms=0.00/0.00/0.00 	T: 0:00:00
[2020-09-04 16:15:04] 
[2020-09-04 16:15:04] Epoch 23/1000
[2020-09-04 16:15:04] ==========
[2020-09-04 16:15:05] ----------------------------------------------------------------------------------------------------
[2020-09-04 16:15:05]            l_rec=11.825 l_lms=2.1242 err_lms=0.00/0.00/0.00 	T: 0:00:00
[2020-09-04 16:15:05] 
[2020-09-04 16:15:05] Epoch 24/1000
[2020-09-04 16:15:05] ==========
[2020-09-04 16:15:05] ----------------------------------------------------------------------------------------------------
[2020-09-04 16:15:05]            l_rec=11.825 l_lms=2.0732 err_lms=0.00/0.00/0.00 	T: 0:00:00
[2020-09-04 16:15:05] 
[2020-09-04 16:15:05] Epoch 25/1000
[2020-09-04 16:15:05] ==========
[2020-09-04 16:15:06] ----------------------------------------------------------------------------------------------------
[2020-09-04 16:15:06]            l_rec=11.825 l_lms=2.0609 err_lms=0.00/0.00/0.00 	T: 0:00:00
[2020-09-04 16:15:06] 
[2020-09-04 16:15:06] Epoch 26/1000
[2020-09-04 16:15:06] ==========
[2020-09-04 16:15:06] ----------------------------------------------------------------------------------------------------
[2020-09-04 16:15:06]            l_rec=11.825 l_lms=2.0448 err_lms=0.00/0.00/0.00 	T: 0:00:00
[2020-09-04 16:15:06] 
[2020-09-04 16:15:06] Epoch 27/1000
[2020-09-04 16:15:06] ==========
[2020-09-04 16:15:07] ----------------------------------------------------------------------------------------------------
[2020-09-04 16:15:07]            l_rec=11.825 l_lms=2.0060 err_lms=0.00/0.00/0.00 	T: 0:00:00
[2020-09-04 16:15:07] 
[2020-09-04 16:15:07] Epoch 28/1000
[2020-09-04 16:15:07] ==========
[2020-09-04 16:15:07] ----------------------------------------------------------------------------------------------------
[2020-09-04 16:15:07]            l_rec=11.825 l_lms=1.9897 err_lms=0.00/0.00/0.00 	T: 0:00:00
[2020-09-04 16:15:07] 
[2020-09-04 16:15:07] Epoch 29/1000
[2020-09-04 16:15:07] ==========
[2020-09-04 16:15:08] ----------------------------------------------------------------------------------------------------
[2020-09-04 16:15:08]            l_rec=11.825 l_lms=1.9546 err_lms=0.00/0.00/0.00 	T: 0:00:00
[2020-09-04 16:15:08] 
[2020-09-04 16:15:08] Epoch 30/1000
[2020-09-04 16:15:08] ==========
[2020-09-04 16:15:08] ----------------------------------------------------------------------------------------------------
[2020-09-04 16:15:08]            l_rec=11.825 l_lms=1.9274 err_lms=0.00/0.00/0.00 	T: 0:00:00
[2020-09-04 16:15:08] 
[2020-09-04 16:15:08] Epoch 31/1000
[2020-09-04 16:15:08] ==========
[2020-09-04 16:15:09] ----------------------------------------------------------------------------------------------------
[2020-09-04 16:15:09]            l_rec=11.825 l_lms=1.9029 err_lms=0.00/0.00/0.00 	T: 0:00:00
[2020-09-04 16:15:09] 
[2020-09-04 16:15:09] Epoch 32/1000
[2020-09-04 16:15:09] ==========
[2020-09-04 16:15:09] ----------------------------------------------------------------------------------------------------
[2020-09-04 16:15:09]            l_rec=11.825 l_lms=1.8673 err_lms=0.00/0.00/0.00 	T: 0:00:00
[2020-09-04 16:15:09] 
[2020-09-04 16:15:09] Epoch 33/1000
[2020-09-04 16:15:09] ==========
[2020-09-04 16:15:10] ----------------------------------------------------------------------------------------------------
[2020-09-04 16:15:10]            l_rec=11.825 l_lms=1.8384 err_lms=0.00/0.00/0.00 	T: 0:00:00
[2020-09-04 16:15:10] 
[2020-09-04 16:15:10] Epoch 34/1000
[2020-09-04 16:15:10] ==========
[2020-09-04 16:15:10] ----------------------------------------------------------------------------------------------------
[2020-09-04 16:15:10]            l_rec=11.825 l_lms=1.8146 err_lms=0.00/0.00/0.00 	T: 0:00:00
[2020-09-04 16:15:10] 
[2020-09-04 16:15:10] Epoch 35/1000
[2020-09-04 16:15:10] ==========
[2020-09-04 16:15:11] ----------------------------------------------------------------------------------------------------
[2020-09-04 16:15:11]            l_rec=11.825 l_lms=1.7831 err_lms=0.00/0.00/0.00 	T: 0:00:00
[2020-09-04 16:15:11] 
[2020-09-04 16:15:11] Epoch 36/1000
[2020-09-04 16:15:11] ==========
[2020-09-04 16:15:11] ----------------------------------------------------------------------------------------------------
[2020-09-04 16:15:11]            l_rec=11.825 l_lms=1.7540 err_lms=0.00/0.00/0.00 	T: 0:00:00
[2020-09-04 16:15:11] 
[2020-09-04 16:15:11] Epoch 37/1000
[2020-09-04 16:15:11] ==========
[2020-09-04 16:15:12] ----------------------------------------------------------------------------------------------------
[2020-09-04 16:15:12]            l_rec=11.825 l_lms=1.7238 err_lms=0.00/0.00/0.00 	T: 0:00:00
[2020-09-04 16:15:12] 
[2020-09-04 16:15:12] Epoch 38/1000
[2020-09-04 16:15:12] ==========
[2020-09-04 16:15:12] ----------------------------------------------------------------------------------------------------
[2020-09-04 16:15:12]            l_rec=11.825 l_lms=1.6911 err_lms=0.00/0.00/0.00 	T: 0:00:00
[2020-09-04 16:15:12] 
[2020-09-04 16:15:12] Epoch 39/1000
[2020-09-04 16:15:12] ==========
[2020-09-04 16:15:13] ----------------------------------------------------------------------------------------------------
[2020-09-04 16:15:13]            l_rec=11.825 l_lms=1.6648 err_lms=0.00/0.00/0.00 	T: 0:00:00
[2020-09-04 16:15:13] 
[2020-09-04 16:15:13] Epoch 40/1000
[2020-09-04 16:15:13] ==========
[2020-09-04 16:15:13] ----------------------------------------------------------------------------------------------------
[2020-09-04 16:15:13]            l_rec=11.825 l_lms=1.6323 err_lms=0.00/0.00/0.00 	T: 0:00:00
[2020-09-04 16:15:13] 
[2020-09-04 16:15:13] Epoch 41/1000
[2020-09-04 16:15:13] ==========
[2020-09-04 16:15:14] ----------------------------------------------------------------------------------------------------
[2020-09-04 16:15:14]            l_rec=11.825 l_lms=1.6005 err_lms=0.00/0.00/0.00 	T: 0:00:00
[2020-09-04 16:15:14] 
[2020-09-04 16:15:14] Epoch 42/1000
[2020-09-04 16:15:14] ==========
[2020-09-04 16:15:14] ----------------------------------------------------------------------------------------------------
[2020-09-04 16:15:14]            l_rec=11.825 l_lms=1.5752 err_lms=0.00/0.00/0.00 	T: 0:00:00
[2020-09-04 16:15:14] 
[2020-09-04 16:15:14] Epoch 43/1000
[2020-09-04 16:15:14] ==========
[2020-09-04 16:15:15] ----------------------------------------------------------------------------------------------------
[2020-09-04 16:15:15]            l_rec=11.825 l_lms=1.5507 err_lms=0.00/0.00/0.00 	T: 0:00:00
[2020-09-04 16:15:15] 
[2020-09-04 16:15:15] Epoch 44/1000
[2020-09-04 16:15:15] ==========
[2020-09-04 16:15:15] ----------------------------------------------------------------------------------------------------
[2020-09-04 16:15:15]            l_rec=11.825 l_lms=1.5270 err_lms=0.00/0.00/0.00 	T: 0:00:00
[2020-09-04 16:15:15] 
[2020-09-04 16:15:15] Epoch 45/1000
[2020-09-04 16:15:15] ==========
[2020-09-04 16:15:16] ----------------------------------------------------------------------------------------------------
[2020-09-04 16:15:16]            l_rec=11.825 l_lms=1.5009 err_lms=0.00/0.00/0.00 	T: 0:00:00
[2020-09-04 16:15:16] 
[2020-09-04 16:15:16] Epoch 46/1000
[2020-09-04 16:15:16] ==========
[2020-09-04 16:15:16] ----------------------------------------------------------------------------------------------------
[2020-09-04 16:15:16]            l_rec=11.825 l_lms=1.4732 err_lms=0.00/0.00/0.00 	T: 0:00:00
[2020-09-04 16:15:16] 
[2020-09-04 16:15:16] Epoch 47/1000
[2020-09-04 16:15:16] ==========
[2020-09-04 16:15:17] ----------------------------------------------------------------------------------------------------
[2020-09-04 16:15:17]            l_rec=11.825 l_lms=1.4439 err_lms=0.00/0.00/0.00 	T: 0:00:00
[2020-09-04 16:15:17] 
[2020-09-04 16:15:17] Epoch 48/1000
[2020-09-04 16:15:17] ==========
[2020-09-04 16:15:17] ----------------------------------------------------------------------------------------------------
[2020-09-04 16:15:17]            l_rec=11.825 l_lms=1.4161 err_lms=0.00/0.00/0.00 	T: 0:00:00
[2020-09-04 16:15:17] 
[2020-09-04 16:15:17] Epoch 49/1000
[2020-09-04 16:15:17] ==========
[2020-09-04 16:15:18] ----------------------------------------------------------------------------------------------------
[2020-09-04 16:15:18]            l_rec=11.825 l_lms=1.3929 err_lms=0.00/0.00/0.00 	T: 0:00:00
[2020-09-04 16:15:18] 
[2020-09-04 16:15:18] Epoch 50/1000
[2020-09-04 16:15:18] ==========
[2020-09-04 16:15:18] ----------------------------------------------------------------------------------------------------
[2020-09-04 16:15:18]            l_rec=11.825 l_lms=1.3738 err_lms=0.00/0.00/0.00 	T: 0:00:00
[2020-09-04 16:15:18] 
[2020-09-04 16:15:18] Epoch 51/1000
[2020-09-04 16:15:18] ==========
[2020-09-04 16:15:19] ----------------------------------------------------------------------------------------------------
[2020-09-04 16:15:19]            l_rec=11.825 l_lms=1.3718 err_lms=0.00/0.00/0.00 	T: 0:00:00
[2020-09-04 16:15:19] 
[2020-09-04 16:15:19] Epoch 52/1000
[2020-09-04 16:15:19] ==========
[2020-09-04 16:15:19] ----------------------------------------------------------------------------------------------------
[2020-09-04 16:15:19]            l_rec=11.825 l_lms=1.3116 err_lms=0.00/0.00/0.00 	T: 0:00:00
[2020-09-04 16:15:19] 
[2020-09-04 16:15:19] Epoch 53/1000
[2020-09-04 16:15:19] ==========
[2020-09-04 16:15:20] ----------------------------------------------------------------------------------------------------
[2020-09-04 16:15:20]            l_rec=11.825 l_lms=1.3271 err_lms=0.00/0.00/0.00 	T: 0:00:00
[2020-09-04 16:15:20] 
[2020-09-04 16:15:20] Epoch 54/1000
[2020-09-04 16:15:20] ==========
[2020-09-04 16:15:20] ----------------------------------------------------------------------------------------------------
[2020-09-04 16:15:20]            l_rec=11.825 l_lms=1.3134 err_lms=0.00/0.00/0.00 	T: 0:00:00
[2020-09-04 16:15:20] 
[2020-09-04 16:15:20] Epoch 55/1000
[2020-09-04 16:15:20] ==========
[2020-09-04 16:15:21] ----------------------------------------------------------------------------------------------------
[2020-09-04 16:15:21]            l_rec=11.825 l_lms=1.2773 err_lms=0.00/0.00/0.00 	T: 0:00:00
[2020-09-04 16:15:21] 
[2020-09-04 16:15:21] Epoch 56/1000
[2020-09-04 16:15:21] ==========
[2020-09-04 16:15:21] ----------------------------------------------------------------------------------------------------
[2020-09-04 16:15:21]            l_rec=11.825 l_lms=1.2550 err_lms=0.00/0.00/0.00 	T: 0:00:00
[2020-09-04 16:15:21] 
[2020-09-04 16:15:21] Epoch 57/1000
[2020-09-04 16:15:21] ==========
[2020-09-04 16:15:22] ----------------------------------------------------------------------------------------------------
[2020-09-04 16:15:22]            l_rec=11.825 l_lms=1.2309 err_lms=0.00/0.00/0.00 	T: 0:00:00
[2020-09-04 16:15:22] 
[2020-09-04 16:15:22] Epoch 58/1000
[2020-09-04 16:15:22] ==========
[2020-09-04 16:15:22] ----------------------------------------------------------------------------------------------------
[2020-09-04 16:15:22]            l_rec=11.825 l_lms=1.2181 err_lms=0.00/0.00/0.00 	T: 0:00:00
[2020-09-04 16:15:22] 
[2020-09-04 16:15:22] Epoch 59/1000
[2020-09-04 16:15:22] ==========
[2020-09-04 16:15:23] ----------------------------------------------------------------------------------------------------
[2020-09-04 16:15:23]            l_rec=11.825 l_lms=1.1750 err_lms=0.00/0.00/0.00 	T: 0:00:00
[2020-09-04 16:15:23] 
[2020-09-04 16:15:23] Epoch 60/1000
[2020-09-04 16:15:23] ==========
[2020-09-04 16:15:23] ----------------------------------------------------------------------------------------------------
[2020-09-04 16:15:23]            l_rec=11.825 l_lms=1.1753 err_lms=0.00/0.00/0.00 	T: 0:00:00
[2020-09-04 16:15:23] 
[2020-09-04 16:15:23] Epoch 61/1000
[2020-09-04 16:15:23] ==========
[2020-09-04 16:15:24] ----------------------------------------------------------------------------------------------------
[2020-09-04 16:15:24]            l_rec=11.825 l_lms=1.1357 err_lms=0.00/0.00/0.00 	T: 0:00:00
[2020-09-04 16:15:24] 
[2020-09-04 16:15:24] Epoch 62/1000
[2020-09-04 16:15:24] ==========
[2020-09-04 16:15:24] ----------------------------------------------------------------------------------------------------
[2020-09-04 16:15:24]            l_rec=11.825 l_lms=1.1254 err_lms=0.00/0.00/0.00 	T: 0:00:00
[2020-09-04 16:15:24] 
[2020-09-04 16:15:24] Epoch 63/1000
[2020-09-04 16:15:24] ==========
[2020-09-04 16:15:25] ----------------------------------------------------------------------------------------------------
[2020-09-04 16:15:25]            l_rec=11.825 l_lms=1.0940 err_lms=0.00/0.00/0.00 	T: 0:00:00
[2020-09-04 16:15:25] 
[2020-09-04 16:15:25] Epoch 64/1000
[2020-09-04 16:15:25] ==========
[2020-09-04 16:15:25] ----------------------------------------------------------------------------------------------------
[2020-09-04 16:15:25]            l_rec=11.825 l_lms=1.0825 err_lms=0.00/0.00/0.00 	T: 0:00:00
[2020-09-04 16:15:25] 
[2020-09-04 16:15:25] Epoch 65/1000
[2020-09-04 16:15:25] ==========
[2020-09-04 16:15:26] ----------------------------------------------------------------------------------------------------
[2020-09-04 16:15:26]            l_rec=11.825 l_lms=1.0532 err_lms=0.00/0.00/0.00 	T: 0:00:00
[2020-09-04 16:15:26] 
[2020-09-04 16:15:26] Epoch 66/1000
[2020-09-04 16:15:26] ==========
[2020-09-04 16:15:26] ----------------------------------------------------------------------------------------------------
[2020-09-04 16:15:26]            l_rec=11.825 l_lms=1.0353 err_lms=0.00/0.00/0.00 	T: 0:00:00
[2020-09-04 16:15:26] 
[2020-09-04 16:15:26] Epoch 67/1000
[2020-09-04 16:15:26] ==========
[2020-09-04 16:15:27] ----------------------------------------------------------------------------------------------------
[2020-09-04 16:15:27]            l_rec=11.825 l_lms=1.0171 err_lms=0.00/0.00/0.00 	T: 0:00:00
[2020-09-04 16:15:27] 
[2020-09-04 16:15:27] Epoch 68/1000
[2020-09-04 16:15:27] ==========
[2020-09-04 16:15:27] ----------------------------------------------------------------------------------------------------
[2020-09-04 16:15:27]            l_rec=11.825 l_lms=0.9903 err_lms=0.00/0.00/0.00 	T: 0:00:00
[2020-09-04 16:15:27] 
[2020-09-04 16:15:27] Epoch 69/1000
[2020-09-04 16:15:27] ==========
[2020-09-04 16:15:28] ----------------------------------------------------------------------------------------------------
[2020-09-04 16:15:28]            l_rec=11.825 l_lms=0.9793 err_lms=0.00/0.00/0.00 	T: 0:00:00
[2020-09-04 16:15:28] 
[2020-09-04 16:15:28] Epoch 70/1000
[2020-09-04 16:15:28] ==========
[2020-09-04 16:15:28] ----------------------------------------------------------------------------------------------------
[2020-09-04 16:15:28]            l_rec=11.825 l_lms=0.9554 err_lms=0.00/0.00/0.00 	T: 0:00:00
[2020-09-04 16:15:28] 
[2020-09-04 16:15:28] Epoch 71/1000
[2020-09-04 16:15:28] ==========
[2020-09-04 16:15:29] ----------------------------------------------------------------------------------------------------
[2020-09-04 16:15:29]            l_rec=11.825 l_lms=0.9409 err_lms=0.00/0.00/0.00 	T: 0:00:00
[2020-09-04 16:15:29] 
[2020-09-04 16:15:29] Epoch 72/1000
[2020-09-04 16:15:29] ==========
[2020-09-04 16:15:29] ----------------------------------------------------------------------------------------------------
[2020-09-04 16:15:29]            l_rec=11.825 l_lms=0.9227 err_lms=0.00/0.00/0.00 	T: 0:00:00
[2020-09-04 16:15:29] 
[2020-09-04 16:15:29] Epoch 73/1000
[2020-09-04 16:15:29] ==========
[2020-09-04 16:15:30] ----------------------------------------------------------------------------------------------------
[2020-09-04 16:15:30]            l_rec=11.825 l_lms=0.9084 err_lms=0.00/0.00/0.00 	T: 0:00:00
[2020-09-04 16:15:30] 
[2020-09-04 16:15:30] Epoch 74/1000
[2020-09-04 16:15:30] ==========
[2020-09-04 16:15:30] ----------------------------------------------------------------------------------------------------
[2020-09-04 16:15:30]            l_rec=11.825 l_lms=0.8934 err_lms=0.00/0.00/0.00 	T: 0:00:00
[2020-09-04 16:15:30] 
[2020-09-04 16:15:30] Epoch 75/1000
[2020-09-04 16:15:30] ==========
[2020-09-04 16:15:30] ----------------------------------------------------------------------------------------------------
[2020-09-04 16:15:30]            l_rec=11.825 l_lms=0.8776 err_lms=0.00/0.00/0.00 	T: 0:00:00
[2020-09-04 16:15:30] 
[2020-09-04 16:15:30] Epoch 76/1000
[2020-09-04 16:15:30] ==========
[2020-09-04 16:15:31] ----------------------------------------------------------------------------------------------------
[2020-09-04 16:15:31]            l_rec=11.825 l_lms=0.8663 err_lms=0.00/0.00/0.00 	T: 0:00:00
[2020-09-04 16:15:31] 
[2020-09-04 16:15:31] Epoch 77/1000
[2020-09-04 16:15:31] ==========
[2020-09-04 16:15:31] ----------------------------------------------------------------------------------------------------
[2020-09-04 16:15:31]            l_rec=11.825 l_lms=0.8500 err_lms=0.00/0.00/0.00 	T: 0:00:00
[2020-09-04 16:15:31] 
[2020-09-04 16:15:31] Epoch 78/1000
[2020-09-04 16:15:31] ==========
[2020-09-04 16:15:32] ----------------------------------------------------------------------------------------------------
[2020-09-04 16:15:32]            l_rec=11.825 l_lms=0.8387 err_lms=0.00/0.00/0.00 	T: 0:00:00
[2020-09-04 16:15:32] 
[2020-09-04 16:15:32] Epoch 79/1000
[2020-09-04 16:15:32] ==========
[2020-09-04 16:15:32] ----------------------------------------------------------------------------------------------------
[2020-09-04 16:15:32]            l_rec=11.825 l_lms=0.8249 err_lms=0.00/0.00/0.00 	T: 0:00:00
[2020-09-04 16:15:32] 
[2020-09-04 16:15:32] Epoch 80/1000
[2020-09-04 16:15:32] ==========
[2020-09-04 16:15:33] ----------------------------------------------------------------------------------------------------
[2020-09-04 16:15:33]            l_rec=11.825 l_lms=0.8111 err_lms=0.00/0.00/0.00 	T: 0:00:00
[2020-09-04 16:15:33] 
[2020-09-04 16:15:33] Epoch 81/1000
[2020-09-04 16:15:33] ==========
[2020-09-04 16:15:33] ----------------------------------------------------------------------------------------------------
[2020-09-04 16:15:33]            l_rec=11.825 l_lms=0.7991 err_lms=0.00/0.00/0.00 	T: 0:00:00
[2020-09-04 16:15:33] 
[2020-09-04 16:15:33] Epoch 82/1000
[2020-09-04 16:15:33] ==========
[2020-09-04 16:15:34] ----------------------------------------------------------------------------------------------------
[2020-09-04 16:15:34]            l_rec=11.825 l_lms=0.7851 err_lms=0.00/0.00/0.00 	T: 0:00:00
[2020-09-04 16:15:34] 
[2020-09-04 16:15:34] Epoch 83/1000
[2020-09-04 16:15:34] ==========
[2020-09-04 16:15:34] ----------------------------------------------------------------------------------------------------
[2020-09-04 16:15:34]            l_rec=11.825 l_lms=0.7727 err_lms=0.00/0.00/0.00 	T: 0:00:00
[2020-09-04 16:15:34] 
[2020-09-04 16:15:34] Epoch 84/1000
[2020-09-04 16:15:34] ==========
[2020-09-04 16:15:35] ----------------------------------------------------------------------------------------------------
[2020-09-04 16:15:35]            l_rec=11.825 l_lms=0.7595 err_lms=0.00/0.00/0.00 	T: 0:00:00
[2020-09-04 16:15:35] 
[2020-09-04 16:15:35] Epoch 85/1000
[2020-09-04 16:15:35] ==========
[2020-09-04 16:15:35] ----------------------------------------------------------------------------------------------------
[2020-09-04 16:15:35]            l_rec=11.825 l_lms=0.7470 err_lms=0.00/0.00/0.00 	T: 0:00:00
[2020-09-04 16:15:35] 
[2020-09-04 16:15:35] Epoch 86/1000
[2020-09-04 16:15:35] ==========
[2020-09-04 16:15:36] ----------------------------------------------------------------------------------------------------
[2020-09-04 16:15:36]            l_rec=11.825 l_lms=0.7337 err_lms=0.00/0.00/0.00 	T: 0:00:00
[2020-09-04 16:15:36] 
[2020-09-04 16:15:36] Epoch 87/1000
[2020-09-04 16:15:36] ==========
[2020-09-04 16:15:36] ----------------------------------------------------------------------------------------------------
[2020-09-04 16:15:36]            l_rec=11.825 l_lms=0.7214 err_lms=0.00/0.00/0.00 	T: 0:00:00
[2020-09-04 16:15:36] 
[2020-09-04 16:15:36] Epoch 88/1000
[2020-09-04 16:15:36] ==========
[2020-09-04 16:15:37] ----------------------------------------------------------------------------------------------------
[2020-09-04 16:15:37]            l_rec=11.825 l_lms=0.7092 err_lms=0.00/0.00/0.00 	T: 0:00:00
[2020-09-04 16:15:37] 
[2020-09-04 16:15:37] Epoch 89/1000
[2020-09-04 16:15:37] ==========
[2020-09-04 16:15:37] ----------------------------------------------------------------------------------------------------
[2020-09-04 16:15:37]            l_rec=11.825 l_lms=0.6960 err_lms=0.00/0.00/0.00 	T: 0:00:00
[2020-09-04 16:15:37] 
[2020-09-04 16:15:37] Epoch 90/1000
[2020-09-04 16:15:37] ==========
[2020-09-04 16:15:38] ----------------------------------------------------------------------------------------------------
[2020-09-04 16:15:38]            l_rec=11.825 l_lms=0.6841 err_lms=0.00/0.00/0.00 	T: 0:00:00
[2020-09-04 16:15:38] 
[2020-09-04 16:15:38] Epoch 91/1000
[2020-09-04 16:15:38] ==========
[2020-09-04 16:15:38] ----------------------------------------------------------------------------------------------------
[2020-09-04 16:15:38]            l_rec=11.825 l_lms=0.6712 err_lms=0.00/0.00/0.00 	T: 0:00:00
[2020-09-04 16:15:38] 
[2020-09-04 16:15:38] Epoch 92/1000
[2020-09-04 16:15:38] ==========
[2020-09-04 16:15:39] ----------------------------------------------------------------------------------------------------
[2020-09-04 16:15:39]            l_rec=11.825 l_lms=0.6593 err_lms=0.00/0.00/0.00 	T: 0:00:00
[2020-09-04 16:15:39] 
[2020-09-04 16:15:39] Epoch 93/1000
[2020-09-04 16:15:39] ==========
[2020-09-04 16:15:39] ----------------------------------------------------------------------------------------------------
[2020-09-04 16:15:39]            l_rec=11.825 l_lms=0.6472 err_lms=0.00/0.00/0.00 	T: 0:00:00
[2020-09-04 16:15:39] 
[2020-09-04 16:15:39] Epoch 94/1000
[2020-09-04 16:15:39] ==========
[2020-09-04 16:15:40] ----------------------------------------------------------------------------------------------------
[2020-09-04 16:15:40]            l_rec=11.825 l_lms=0.6350 err_lms=0.00/0.00/0.00 	T: 0:00:00
[2020-09-04 16:15:40] 
[2020-09-04 16:15:40] Epoch 95/1000
[2020-09-04 16:15:40] ==========
[2020-09-04 16:15:40] ----------------------------------------------------------------------------------------------------
[2020-09-04 16:15:40]            l_rec=11.825 l_lms=0.6245 err_lms=0.00/0.00/0.00 	T: 0:00:00
[2020-09-04 16:15:40] 
[2020-09-04 16:15:40] Epoch 96/1000
[2020-09-04 16:15:40] ==========
[2020-09-04 16:15:41] ----------------------------------------------------------------------------------------------------
[2020-09-04 16:15:41]            l_rec=11.825 l_lms=0.6135 err_lms=0.00/0.00/0.00 	T: 0:00:00
[2020-09-04 16:15:41] 
[2020-09-04 16:15:41] Epoch 97/1000
[2020-09-04 16:15:41] ==========
[2020-09-04 16:15:41] ----------------------------------------------------------------------------------------------------
[2020-09-04 16:15:41]            l_rec=11.825 l_lms=0.6040 err_lms=0.00/0.00/0.00 	T: 0:00:00
[2020-09-04 16:15:41] 
[2020-09-04 16:15:41] Epoch 98/1000
[2020-09-04 16:15:41] ==========
[2020-09-04 16:15:42] ----------------------------------------------------------------------------------------------------
[2020-09-04 16:15:42]            l_rec=11.825 l_lms=0.6001 err_lms=0.00/0.00/0.00 	T: 0:00:00
[2020-09-04 16:15:42] 
[2020-09-04 16:15:42] Epoch 99/1000
[2020-09-04 16:15:42] ==========
[2020-09-04 16:15:42] ----------------------------------------------------------------------------------------------------
[2020-09-04 16:15:42]            l_rec=11.825 l_lms=0.5956 err_lms=0.00/0.00/0.00 	T: 0:00:00
[2020-09-04 16:15:42] 
[2020-09-04 16:15:42] Epoch 100/1000
[2020-09-04 16:15:42] ==========
[2020-09-04 16:15:43] ----------------------------------------------------------------------------------------------------
[2020-09-04 16:15:43]            l_rec=11.825 l_lms=0.5994 err_lms=0.00/0.00/0.00 	T: 0:00:00
[2020-09-04 16:15:43] 
[2020-09-04 16:15:43] Evaluating 'test'...
[2020-09-04 16:15:44] [100][1/34] l_rec=17.692 l_lms=1.7039 err_lms=11.86/20.79/14.09 0.79/0.53/1.33s (000101 0:00:51)
[2020-09-04 16:15:44] [100][2/34] l_rec=18.864 l_lms=1.6990 err_lms=10.87/21.22/13.46 0.04/0.27/0.31s (000102 0:00:51)
[2020-09-04 16:15:45] [100][3/34] l_rec=18.910 l_lms=1.7567 err_lms=13.00/22.57/15.39 0.03/0.27/0.31s (000103 0:00:52)
[2020-09-04 16:15:45] [100][4/34] l_rec=17.424 l_lms=1.6134 err_lms=10.83/22.75/13.81 0.04/0.27/0.31s (000104 0:00:52)
[2020-09-04 16:15:45] [100][5/34] l_rec=14.632 l_lms=1.5845 err_lms=11.52/19.83/13.60 0.04/0.27/0.31s (000105 0:00:52)
[2020-09-04 16:15:46] [100][6/34] l_rec=15.156 l_lms=1.7806 err_lms=11.61/25.82/15.16 0.03/0.27/0.30s (000106 0:00:53)
[2020-09-04 16:15:46] [100][7/34] l_rec=15.814 l_lms=1.5532 err_lms=10.39/19.94/12.78 0.05/0.27/0.32s (000107 0:00:53)
[2020-09-04 16:15:46] [100][8/34] l_rec=17.165 l_lms=1.6167 err_lms=12.69/20.26/14.58 0.04/0.27/0.31s (000108 0:00:53)
[2020-09-04 16:15:47] [100][9/34] l_rec=17.000 l_lms=1.6385 err_lms=16.90/23.11/18.46 0.03/0.28/0.31s (000109 0:00:53)
[2020-09-04 16:15:47] [100][10/34] l_rec=16.566 l_lms=1.6111 err_lms=10.80/20.83/13.31 0.03/0.27/0.31s (000110 0:00:54)
[2020-09-04 16:15:47] [100][11/34] l_rec=15.644 l_lms=1.6686 err_lms=11.84/23.35/14.72 0.03/0.27/0.31s (000111 0:00:54)
[2020-09-04 16:15:48] [100][12/34] l_rec=18.277 l_lms=1.6911 err_lms=11.33/21.18/13.79 0.03/0.27/0.31s (000112 0:00:54)
[2020-09-04 16:15:48] [100][13/34] l_rec=13.183 l_lms=1.6028 err_lms=13.00/20.21/14.80 0.03/0.28/0.31s (000113 0:00:55)
[2020-09-04 16:15:48] [100][14/34] l_rec=13.438 l_lms=1.3835 err_lms=10.23/18.65/12.34 0.03/0.27/0.31s (000114 0:00:55)
[2020-09-04 16:15:48] [100][15/34] l_rec=14.831 l_lms=1.5881 err_lms=10.98/22.41/13.84 0.03/0.27/0.31s (000115 0:00:55)
[2020-09-04 16:15:49] [100][16/34] l_rec=18.122 l_lms=1.7553 err_lms=13.16/22.19/15.41 0.03/0.27/0.31s (000116 0:00:56)
[2020-09-04 16:15:49] [100][17/34] l_rec=16.159 l_lms=1.5172 err_lms=10.03/20.74/12.70 0.03/0.28/0.32s (000117 0:00:56)
[2020-09-04 16:15:49] [100][18/34] l_rec=15.427 l_lms=1.4995 err_lms=10.57/18.00/12.43 0.04/0.28/0.33s (000118 0:00:56)
[2020-09-04 16:15:50] [100][19/34] l_rec=16.121 l_lms=1.5900 err_lms=11.24/20.41/13.53 0.04/0.28/0.32s (000119 0:00:57)
[2020-09-04 16:15:50] [100][20/34] l_rec=16.219 l_lms=1.4695 err_lms=10.47/20.73/13.03 0.04/0.28/0.32s (000120 0:00:57)
[2020-09-04 16:15:50] [100][21/34] l_rec=14.441 l_lms=1.5174 err_lms=11.00/18.06/12.77 0.04/0.28/0.32s (000121 0:00:57)
[2020-09-04 16:15:51] [100][22/34] l_rec=16.949 l_lms=1.4754 err_lms=9.94/21.01/12.71 0.03/0.28/0.32s (000122 0:00:58)
[2020-09-04 16:15:51] [100][23/34] l_rec=17.735 l_lms=1.6693 err_lms=11.95/21.87/14.43 0.03/0.28/0.31s (000123 0:00:58)
[2020-09-04 16:15:51] [100][24/34] l_rec=14.685 l_lms=1.7120 err_lms=13.34/23.10/15.78 0.04/0.28/0.32s (000124 0:00:58)
[2020-09-04 16:15:52] [100][25/34] l_rec=15.637 l_lms=1.6130 err_lms=11.61/22.67/14.37 0.04/0.28/0.32s (000125 0:00:58)
[2020-09-04 16:15:52] [100][26/34] l_rec=17.508 l_lms=1.4542 err_lms=9.75/18.31/11.89 0.03/0.28/0.31s (000126 0:00:59)
[2020-09-04 16:15:52] [100][27/34] l_rec=16.127 l_lms=1.5445 err_lms=10.75/20.07/13.08 0.03/0.28/0.31s (000127 0:00:59)
[2020-09-04 16:15:53] [100][28/34] l_rec=15.755 l_lms=1.5888 err_lms=17.65/23.13/19.02 0.03/0.28/0.31s (000128 0:00:59)
[2020-09-04 16:15:53] [100][29/34] l_rec=20.286 l_lms=2.3120 err_lms=22.97/33.02/25.49 0.03/0.28/0.31s (000129 0:01:00)
[2020-09-04 16:15:53] [100][30/34] l_rec=17.811 l_lms=2.4636 err_lms=35.43/41.39/36.92 0.04/0.28/0.32s (000130 0:01:00)
[2020-09-04 16:15:54] [100][31/34] l_rec=14.738 l_lms=2.3757 err_lms=25.90/37.05/28.69 0.05/0.29/0.33s (000131 0:01:00)
[2020-09-04 16:15:54] [100][32/34] l_rec=15.827 l_lms=2.3103 err_lms=26.00/39.68/29.42 0.04/0.28/0.32s (000132 0:01:01)
[2020-09-04 16:15:54] [100][33/34] l_rec=18.535 l_lms=2.2301 err_lms=21.65/38.22/25.79 0.04/0.27/0.31s (000133 0:01:01)
[2020-09-04 16:15:54] [100][34/34] l_rec=16.345 l_lms=2.4967 err_lms=28.44/49.65/33.74 0.03/0.27/0.30s (000134 0:01:01)
[2020-09-04 16:15:55] [100][35/34] l_rec=17.976 l_lms=2.5102 err_lms=29.10/45.13/33.11 0.03/0.34/0.37s (000135 0:01:02)
[2020-09-04 16:15:55] ----------------------------------------------------------------------------------------------------
[2020-09-04 16:15:55]            l_rec=16.486 l_lms=1.7599 err_lms=14.59/24.75/17.13 	T: 0:00:12
[2020-09-04 16:15:55] 
[2020-09-04 16:15:55] Epoch 101/1000
[2020-09-04 16:15:55] ==========
[2020-09-04 16:15:55] ----------------------------------------------------------------------------------------------------
[2020-09-04 16:15:55]            l_rec=11.825 l_lms=0.5659 err_lms=0.00/0.00/0.00 	T: 0:00:00
[2020-09-04 16:15:55] 
[2020-09-04 16:15:55] Epoch 102/1000
[2020-09-04 16:15:55] ==========
[2020-09-04 16:15:56] ----------------------------------------------------------------------------------------------------
[2020-09-04 16:15:56]            l_rec=11.825 l_lms=0.5801 err_lms=0.00/0.00/0.00 	T: 0:00:00
[2020-09-04 16:15:56] 
[2020-09-04 16:15:56] Epoch 103/1000
[2020-09-04 16:15:56] ==========
[2020-09-04 16:15:56] ----------------------------------------------------------------------------------------------------
[2020-09-04 16:15:56]            l_rec=11.825 l_lms=0.5606 err_lms=0.00/0.00/0.00 	T: 0:00:00
[2020-09-04 16:15:56] 
[2020-09-04 16:15:56] Epoch 104/1000
[2020-09-04 16:15:56] ==========
[2020-09-04 16:15:57] ----------------------------------------------------------------------------------------------------
[2020-09-04 16:15:57]            l_rec=11.825 l_lms=0.5473 err_lms=0.00/0.00/0.00 	T: 0:00:00
[2020-09-04 16:15:57] 
[2020-09-04 16:15:57] Epoch 105/1000
[2020-09-04 16:15:57] ==========
[2020-09-04 16:15:57] ----------------------------------------------------------------------------------------------------
[2020-09-04 16:15:57]            l_rec=11.825 l_lms=0.5355 err_lms=0.00/0.00/0.00 	T: 0:00:00
[2020-09-04 16:15:57] 
[2020-09-04 16:15:57] Epoch 106/1000
[2020-09-04 16:15:57] ==========
[2020-09-04 16:15:58] ----------------------------------------------------------------------------------------------------
[2020-09-04 16:15:58]            l_rec=11.825 l_lms=0.5220 err_lms=0.00/0.00/0.00 	T: 0:00:00
[2020-09-04 16:15:58] 
[2020-09-04 16:15:58] Epoch 107/1000
[2020-09-04 16:15:58] ==========
[2020-09-04 16:15:58] ----------------------------------------------------------------------------------------------------
[2020-09-04 16:15:58]            l_rec=11.825 l_lms=0.5128 err_lms=0.00/0.00/0.00 	T: 0:00:00
[2020-09-04 16:15:58] 
[2020-09-04 16:15:58] Epoch 108/1000
[2020-09-04 16:15:58] ==========
[2020-09-04 16:15:59] ----------------------------------------------------------------------------------------------------
[2020-09-04 16:15:59]            l_rec=11.825 l_lms=0.5004 err_lms=0.00/0.00/0.00 	T: 0:00:00
[2020-09-04 16:15:59] 
[2020-09-04 16:15:59] Epoch 109/1000
[2020-09-04 16:15:59] ==========
[2020-09-04 16:15:59] ----------------------------------------------------------------------------------------------------
[2020-09-04 16:15:59]            l_rec=11.825 l_lms=0.4920 err_lms=0.00/0.00/0.00 	T: 0:00:00
[2020-09-04 16:15:59] 
[2020-09-04 16:15:59] Epoch 110/1000
[2020-09-04 16:15:59] ==========
[2020-09-04 16:16:00] ----------------------------------------------------------------------------------------------------
[2020-09-04 16:16:00]            l_rec=11.825 l_lms=0.4802 err_lms=0.00/0.00/0.00 	T: 0:00:00
[2020-09-04 16:16:00] 
[2020-09-04 16:16:00] Epoch 111/1000
[2020-09-04 16:16:00] ==========
[2020-09-04 16:16:00] ----------------------------------------------------------------------------------------------------
[2020-09-04 16:16:00]            l_rec=11.825 l_lms=0.4722 err_lms=0.00/0.00/0.00 	T: 0:00:00
[2020-09-04 16:16:00] 
[2020-09-04 16:16:00] Epoch 112/1000
[2020-09-04 16:16:00] ==========
[2020-09-04 16:16:01] ----------------------------------------------------------------------------------------------------
[2020-09-04 16:16:01]            l_rec=11.825 l_lms=0.4626 err_lms=0.00/0.00/0.00 	T: 0:00:00
[2020-09-04 16:16:01] 
[2020-09-04 16:16:01] Epoch 113/1000
[2020-09-04 16:16:01] ==========
[2020-09-04 16:16:01] ----------------------------------------------------------------------------------------------------
[2020-09-04 16:16:01]            l_rec=11.825 l_lms=0.4538 err_lms=0.00/0.00/0.00 	T: 0:00:00
[2020-09-04 16:16:01] 
[2020-09-04 16:16:01] Epoch 114/1000
[2020-09-04 16:16:01] ==========
[2020-09-04 16:16:02] ----------------------------------------------------------------------------------------------------
[2020-09-04 16:16:02]            l_rec=11.825 l_lms=0.4463 err_lms=0.00/0.00/0.00 	T: 0:00:00
[2020-09-04 16:16:02] 
[2020-09-04 16:16:02] Epoch 115/1000
[2020-09-04 16:16:02] ==========
[2020-09-04 16:16:02] ----------------------------------------------------------------------------------------------------
[2020-09-04 16:16:02]            l_rec=11.825 l_lms=0.4368 err_lms=0.00/0.00/0.00 	T: 0:00:00
[2020-09-04 16:16:02] 
[2020-09-04 16:16:02] Epoch 116/1000
[2020-09-04 16:16:02] ==========
[2020-09-04 16:16:03] ----------------------------------------------------------------------------------------------------
[2020-09-04 16:16:03]            l_rec=11.825 l_lms=0.4309 err_lms=0.00/0.00/0.00 	T: 0:00:00
[2020-09-04 16:16:03] 
[2020-09-04 16:16:03] Epoch 117/1000
[2020-09-04 16:16:03] ==========
[2020-09-04 16:16:03] ----------------------------------------------------------------------------------------------------
[2020-09-04 16:16:03]            l_rec=11.825 l_lms=0.4217 err_lms=0.00/0.00/0.00 	T: 0:00:00
[2020-09-04 16:16:03] 
[2020-09-04 16:16:03] Epoch 118/1000
[2020-09-04 16:16:03] ==========
[2020-09-04 16:16:04] ----------------------------------------------------------------------------------------------------
[2020-09-04 16:16:04]            l_rec=11.825 l_lms=0.4161 err_lms=0.00/0.00/0.00 	T: 0:00:00
[2020-09-04 16:16:04] 
[2020-09-04 16:16:04] Epoch 119/1000
[2020-09-04 16:16:04] ==========
[2020-09-04 16:16:04] ----------------------------------------------------------------------------------------------------
[2020-09-04 16:16:04]            l_rec=11.825 l_lms=0.4076 err_lms=0.00/0.00/0.00 	T: 0:00:00
[2020-09-04 16:16:04] 
[2020-09-04 16:16:04] Epoch 120/1000
[2020-09-04 16:16:04] ==========
[2020-09-04 16:16:05] ----------------------------------------------------------------------------------------------------
[2020-09-04 16:16:05]            l_rec=11.825 l_lms=0.4020 err_lms=0.00/0.00/0.00 	T: 0:00:00
[2020-09-04 16:16:05] 
[2020-09-04 16:16:05] Epoch 121/1000
[2020-09-04 16:16:05] ==========
[2020-09-04 16:16:05] ----------------------------------------------------------------------------------------------------
[2020-09-04 16:16:05]            l_rec=11.825 l_lms=0.3953 err_lms=0.00/0.00/0.00 	T: 0:00:00
[2020-09-04 16:16:05] 
[2020-09-04 16:16:05] Epoch 122/1000
[2020-09-04 16:16:05] ==========
[2020-09-04 16:16:06] ----------------------------------------------------------------------------------------------------
[2020-09-04 16:16:06]            l_rec=11.825 l_lms=0.3904 err_lms=0.00/0.00/0.00 	T: 0:00:00
[2020-09-04 16:16:06] 
[2020-09-04 16:16:06] Epoch 123/1000
[2020-09-04 16:16:06] ==========
[2020-09-04 16:16:06] ----------------------------------------------------------------------------------------------------
[2020-09-04 16:16:06]            l_rec=11.825 l_lms=0.3884 err_lms=0.00/0.00/0.00 	T: 0:00:00
[2020-09-04 16:16:06] 
[2020-09-04 16:16:06] Epoch 124/1000
[2020-09-04 16:16:06] ==========
[2020-09-04 16:16:07] ----------------------------------------------------------------------------------------------------
[2020-09-04 16:16:07]            l_rec=11.825 l_lms=0.3961 err_lms=0.00/0.00/0.00 	T: 0:00:00
[2020-09-04 16:16:07] 
[2020-09-04 16:16:07] Epoch 125/1000
[2020-09-04 16:16:07] ==========
[2020-09-04 16:16:08] ----------------------------------------------------------------------------------------------------
[2020-09-04 16:16:08]            l_rec=11.825 l_lms=0.4037 err_lms=0.00/0.00/0.00 	T: 0:00:00
[2020-09-04 16:16:08] 
[2020-09-04 16:16:08] Epoch 126/1000
[2020-09-04 16:16:08] ==========
[2020-09-04 16:16:08] ----------------------------------------------------------------------------------------------------
[2020-09-04 16:16:08]            l_rec=11.825 l_lms=0.3897 err_lms=0.00/0.00/0.00 	T: 0:00:00
[2020-09-04 16:16:08] 
[2020-09-04 16:16:08] Epoch 127/1000
[2020-09-04 16:16:08] ==========
[2020-09-04 16:16:08] ----------------------------------------------------------------------------------------------------
[2020-09-04 16:16:08]            l_rec=11.825 l_lms=0.3623 err_lms=0.00/0.00/0.00 	T: 0:00:00
[2020-09-04 16:16:08] 
[2020-09-04 16:16:08] Epoch 128/1000
[2020-09-04 16:16:08] ==========
[2020-09-04 16:16:09] ----------------------------------------------------------------------------------------------------
[2020-09-04 16:16:09]            l_rec=11.825 l_lms=0.3667 err_lms=0.00/0.00/0.00 	T: 0:00:00
[2020-09-04 16:16:09] 
[2020-09-04 16:16:09] Epoch 129/1000
[2020-09-04 16:16:09] ==========
[2020-09-04 16:16:09] ----------------------------------------------------------------------------------------------------
[2020-09-04 16:16:09]            l_rec=11.825 l_lms=0.3623 err_lms=0.00/0.00/0.00 	T: 0:00:00
[2020-09-04 16:16:09] 
[2020-09-04 16:16:09] Epoch 130/1000
[2020-09-04 16:16:09] ==========
[2020-09-04 16:16:10] ----------------------------------------------------------------------------------------------------
[2020-09-04 16:16:10]            l_rec=11.825 l_lms=0.3461 err_lms=0.00/0.00/0.00 	T: 0:00:00
[2020-09-04 16:16:10] 
[2020-09-04 16:16:10] Epoch 131/1000
[2020-09-04 16:16:10] ==========
[2020-09-04 16:16:10] ----------------------------------------------------------------------------------------------------
[2020-09-04 16:16:10]            l_rec=11.825 l_lms=0.3494 err_lms=0.00/0.00/0.00 	T: 0:00:00
[2020-09-04 16:16:10] 
[2020-09-04 16:16:10] Epoch 132/1000
[2020-09-04 16:16:10] ==========
[2020-09-04 16:16:11] ----------------------------------------------------------------------------------------------------
[2020-09-04 16:16:11]            l_rec=11.825 l_lms=0.3383 err_lms=0.00/0.00/0.00 	T: 0:00:00
[2020-09-04 16:16:11] 
[2020-09-04 16:16:11] Epoch 133/1000
[2020-09-04 16:16:11] ==========
[2020-09-04 16:16:11] ----------------------------------------------------------------------------------------------------
[2020-09-04 16:16:11]            l_rec=11.825 l_lms=0.3348 err_lms=0.00/0.00/0.00 	T: 0:00:00
[2020-09-04 16:16:11] 
[2020-09-04 16:16:11] Epoch 134/1000
[2020-09-04 16:16:11] ==========
[2020-09-04 16:16:12] ----------------------------------------------------------------------------------------------------
[2020-09-04 16:16:12]            l_rec=11.825 l_lms=0.3311 err_lms=0.00/0.00/0.00 	T: 0:00:00
[2020-09-04 16:16:12] 
[2020-09-04 16:16:12] Epoch 135/1000
[2020-09-04 16:16:12] ==========
[2020-09-04 16:16:12] ----------------------------------------------------------------------------------------------------
[2020-09-04 16:16:12]            l_rec=11.825 l_lms=0.3231 err_lms=0.00/0.00/0.00 	T: 0:00:00
[2020-09-04 16:16:12] 
[2020-09-04 16:16:12] Epoch 136/1000
[2020-09-04 16:16:12] ==========
[2020-09-04 16:16:13] ----------------------------------------------------------------------------------------------------
[2020-09-04 16:16:13]            l_rec=11.825 l_lms=0.3215 err_lms=0.00/0.00/0.00 	T: 0:00:00
[2020-09-04 16:16:13] 
[2020-09-04 16:16:13] Epoch 137/1000
[2020-09-04 16:16:13] ==========
[2020-09-04 16:16:13] ----------------------------------------------------------------------------------------------------
[2020-09-04 16:16:13]            l_rec=11.825 l_lms=0.3147 err_lms=0.00/0.00/0.00 	T: 0:00:00
[2020-09-04 16:16:13] 
[2020-09-04 16:16:13] Epoch 138/1000
[2020-09-04 16:16:13] ==========
[2020-09-04 16:16:14] ----------------------------------------------------------------------------------------------------
[2020-09-04 16:16:14]            l_rec=11.825 l_lms=0.3101 err_lms=0.00/0.00/0.00 	T: 0:00:00
[2020-09-04 16:16:14] 
[2020-09-04 16:16:14] Epoch 139/1000
[2020-09-04 16:16:14] ==========
[2020-09-04 16:16:14] ----------------------------------------------------------------------------------------------------
[2020-09-04 16:16:14]            l_rec=11.825 l_lms=0.3059 err_lms=0.00/0.00/0.00 	T: 0:00:00
[2020-09-04 16:16:14] 
[2020-09-04 16:16:14] Epoch 140/1000
[2020-09-04 16:16:14] ==========
[2020-09-04 16:16:15] ----------------------------------------------------------------------------------------------------
[2020-09-04 16:16:15]            l_rec=11.825 l_lms=0.3005 err_lms=0.00/0.00/0.00 	T: 0:00:00
[2020-09-04 16:16:15] 
[2020-09-04 16:16:15] Epoch 141/1000
[2020-09-04 16:16:15] ==========
[2020-09-04 16:16:15] ----------------------------------------------------------------------------------------------------
[2020-09-04 16:16:15]            l_rec=11.825 l_lms=0.2967 err_lms=0.00/0.00/0.00 	T: 0:00:00
[2020-09-04 16:16:15] 
[2020-09-04 16:16:15] Epoch 142/1000
[2020-09-04 16:16:15] ==========
[2020-09-04 16:16:16] ----------------------------------------------------------------------------------------------------
[2020-09-04 16:16:16]            l_rec=11.825 l_lms=0.2919 err_lms=0.00/0.00/0.00 	T: 0:00:00
[2020-09-04 16:16:16] 
[2020-09-04 16:16:16] Epoch 143/1000
[2020-09-04 16:16:16] ==========
[2020-09-04 16:16:16] ----------------------------------------------------------------------------------------------------
[2020-09-04 16:16:16]            l_rec=11.825 l_lms=0.2883 err_lms=0.00/0.00/0.00 	T: 0:00:00
[2020-09-04 16:16:16] 
[2020-09-04 16:16:16] Epoch 144/1000
[2020-09-04 16:16:16] ==========
[2020-09-04 16:16:17] ----------------------------------------------------------------------------------------------------
[2020-09-04 16:16:17]            l_rec=11.825 l_lms=0.2832 err_lms=0.00/0.00/0.00 	T: 0:00:00
[2020-09-04 16:16:17] 
[2020-09-04 16:16:17] Epoch 145/1000
[2020-09-04 16:16:17] ==========
[2020-09-04 16:16:17] ----------------------------------------------------------------------------------------------------
[2020-09-04 16:16:17]            l_rec=11.825 l_lms=0.2806 err_lms=0.00/0.00/0.00 	T: 0:00:00
[2020-09-04 16:16:17] 
[2020-09-04 16:16:17] Epoch 146/1000
[2020-09-04 16:16:17] ==========
[2020-09-04 16:16:18] ----------------------------------------------------------------------------------------------------
[2020-09-04 16:16:18]            l_rec=11.825 l_lms=0.2751 err_lms=0.00/0.00/0.00 	T: 0:00:00
[2020-09-04 16:16:18] 
[2020-09-04 16:16:18] Epoch 147/1000
[2020-09-04 16:16:18] ==========
[2020-09-04 16:16:18] ----------------------------------------------------------------------------------------------------
[2020-09-04 16:16:18]            l_rec=11.825 l_lms=0.2726 err_lms=0.00/0.00/0.00 	T: 0:00:00
[2020-09-04 16:16:18] 
[2020-09-04 16:16:18] Epoch 148/1000
[2020-09-04 16:16:18] ==========
[2020-09-04 16:16:19] ----------------------------------------------------------------------------------------------------
[2020-09-04 16:16:19]            l_rec=11.825 l_lms=0.2682 err_lms=0.00/0.00/0.00 	T: 0:00:00
[2020-09-04 16:16:19] 
[2020-09-04 16:16:19] Epoch 149/1000
[2020-09-04 16:16:19] ==========
[2020-09-04 16:16:19] ----------------------------------------------------------------------------------------------------
[2020-09-04 16:16:19]            l_rec=11.825 l_lms=0.2651 err_lms=0.00/0.00/0.00 	T: 0:00:00
[2020-09-04 16:16:19] 
[2020-09-04 16:16:19] Epoch 150/1000
[2020-09-04 16:16:19] ==========
[2020-09-04 16:16:20] ----------------------------------------------------------------------------------------------------
[2020-09-04 16:16:20]            l_rec=11.825 l_lms=0.2614 err_lms=0.00/0.00/0.00 	T: 0:00:00
[2020-09-04 16:16:20] 
[2020-09-04 16:16:20] Epoch 151/1000
[2020-09-04 16:16:20] ==========
[2020-09-04 16:16:20] ----------------------------------------------------------------------------------------------------
[2020-09-04 16:16:20]            l_rec=11.825 l_lms=0.2575 err_lms=0.00/0.00/0.00 	T: 0:00:00
[2020-09-04 16:16:20] 
[2020-09-04 16:16:20] Epoch 152/1000
[2020-09-04 16:16:20] ==========
[2020-09-04 16:16:20] ----------------------------------------------------------------------------------------------------
[2020-09-04 16:16:20]            l_rec=11.825 l_lms=0.2540 err_lms=0.00/0.00/0.00 	T: 0:00:00
[2020-09-04 16:16:20] 
[2020-09-04 16:16:20] Epoch 153/1000
[2020-09-04 16:16:20] ==========
[2020-09-04 16:16:21] ----------------------------------------------------------------------------------------------------
[2020-09-04 16:16:21]            l_rec=11.825 l_lms=0.2503 err_lms=0.00/0.00/0.00 	T: 0:00:00
[2020-09-04 16:16:21] 
[2020-09-04 16:16:21] Epoch 154/1000
[2020-09-04 16:16:21] ==========
[2020-09-04 16:16:21] ----------------------------------------------------------------------------------------------------
[2020-09-04 16:16:21]            l_rec=11.825 l_lms=0.2467 err_lms=0.00/0.00/0.00 	T: 0:00:00
[2020-09-04 16:16:21] 
[2020-09-04 16:16:21] Epoch 155/1000
[2020-09-04 16:16:21] ==========
[2020-09-04 16:16:22] ----------------------------------------------------------------------------------------------------
[2020-09-04 16:16:22]            l_rec=11.825 l_lms=0.2436 err_lms=0.00/0.00/0.00 	T: 0:00:00
[2020-09-04 16:16:22] 
[2020-09-04 16:16:22] Epoch 156/1000
[2020-09-04 16:16:22] ==========
[2020-09-04 16:16:22] ----------------------------------------------------------------------------------------------------
[2020-09-04 16:16:22]            l_rec=11.825 l_lms=0.2399 err_lms=0.00/0.00/0.00 	T: 0:00:00
[2020-09-04 16:16:22] 
[2020-09-04 16:16:22] Epoch 157/1000
[2020-09-04 16:16:22] ==========
[2020-09-04 16:16:23] ----------------------------------------------------------------------------------------------------
[2020-09-04 16:16:23]            l_rec=11.825 l_lms=0.2368 err_lms=0.00/0.00/0.00 	T: 0:00:00
[2020-09-04 16:16:23] 
[2020-09-04 16:16:23] Epoch 158/1000
[2020-09-04 16:16:23] ==========
[2020-09-04 16:16:23] ----------------------------------------------------------------------------------------------------
[2020-09-04 16:16:23]            l_rec=11.825 l_lms=0.2334 err_lms=0.00/0.00/0.00 	T: 0:00:00
[2020-09-04 16:16:23] 
[2020-09-04 16:16:23] Epoch 159/1000
[2020-09-04 16:16:23] ==========
[2020-09-04 16:16:24] ----------------------------------------------------------------------------------------------------
[2020-09-04 16:16:24]            l_rec=11.825 l_lms=0.2301 err_lms=0.00/0.00/0.00 	T: 0:00:00
[2020-09-04 16:16:24] 
[2020-09-04 16:16:24] Epoch 160/1000
[2020-09-04 16:16:24] ==========
[2020-09-04 16:16:25] ----------------------------------------------------------------------------------------------------
[2020-09-04 16:16:25]            l_rec=11.825 l_lms=0.2268 err_lms=0.00/0.00/0.00 	T: 0:00:00
[2020-09-04 16:16:25] 
[2020-09-04 16:16:25] Epoch 161/1000
[2020-09-04 16:16:25] ==========
[2020-09-04 16:16:25] ----------------------------------------------------------------------------------------------------
[2020-09-04 16:16:25]            l_rec=11.825 l_lms=0.2236 err_lms=0.00/0.00/0.00 	T: 0:00:00
[2020-09-04 16:16:25] 
[2020-09-04 16:16:25] Epoch 162/1000
[2020-09-04 16:16:25] ==========
[2020-09-04 16:16:26] ----------------------------------------------------------------------------------------------------
[2020-09-04 16:16:26]            l_rec=11.825 l_lms=0.2204 err_lms=0.00/0.00/0.00 	T: 0:00:00
[2020-09-04 16:16:26] 
[2020-09-04 16:16:26] Epoch 163/1000
[2020-09-04 16:16:26] ==========
[2020-09-04 16:16:26] ----------------------------------------------------------------------------------------------------
[2020-09-04 16:16:26]            l_rec=11.825 l_lms=0.2174 err_lms=0.00/0.00/0.00 	T: 0:00:00
[2020-09-04 16:16:26] 
[2020-09-04 16:16:26] Epoch 164/1000
[2020-09-04 16:16:26] ==========
[2020-09-04 16:16:26] ----------------------------------------------------------------------------------------------------
[2020-09-04 16:16:26]            l_rec=11.825 l_lms=0.2150 err_lms=0.00/0.00/0.00 	T: 0:00:00
[2020-09-04 16:16:26] 
[2020-09-04 16:16:26] Epoch 165/1000
[2020-09-04 16:16:26] ==========
[2020-09-04 16:16:27] ----------------------------------------------------------------------------------------------------
[2020-09-04 16:16:27]            l_rec=11.825 l_lms=0.2142 err_lms=0.00/0.00/0.00 	T: 0:00:00
[2020-09-04 16:16:27] 
[2020-09-04 16:16:27] Epoch 166/1000
[2020-09-04 16:16:27] ==========
[2020-09-04 16:16:27] ----------------------------------------------------------------------------------------------------
[2020-09-04 16:16:27]            l_rec=11.825 l_lms=0.2154 err_lms=0.00/0.00/0.00 	T: 0:00:00
[2020-09-04 16:16:27] 
[2020-09-04 16:16:27] Epoch 167/1000
[2020-09-04 16:16:27] ==========
[2020-09-04 16:16:28] ----------------------------------------------------------------------------------------------------
[2020-09-04 16:16:28]            l_rec=11.825 l_lms=0.2238 err_lms=0.00/0.00/0.00 	T: 0:00:00
[2020-09-04 16:16:28] 
[2020-09-04 16:16:28] Epoch 168/1000
[2020-09-04 16:16:28] ==========
[2020-09-04 16:16:28] ----------------------------------------------------------------------------------------------------
[2020-09-04 16:16:28]            l_rec=11.825 l_lms=0.2243 err_lms=0.00/0.00/0.00 	T: 0:00:00
[2020-09-04 16:16:28] 
[2020-09-04 16:16:28] Epoch 169/1000
[2020-09-04 16:16:28] ==========
[2020-09-04 16:16:29] ----------------------------------------------------------------------------------------------------
[2020-09-04 16:16:29]            l_rec=11.825 l_lms=0.2177 err_lms=0.00/0.00/0.00 	T: 0:00:00
[2020-09-04 16:16:29] 
[2020-09-04 16:16:29] Epoch 170/1000
[2020-09-04 16:16:29] ==========
[2020-09-04 16:16:29] ----------------------------------------------------------------------------------------------------
[2020-09-04 16:16:29]            l_rec=11.825 l_lms=0.1967 err_lms=0.00/0.00/0.00 	T: 0:00:00
[2020-09-04 16:16:29] 
[2020-09-04 16:16:29] Epoch 171/1000
[2020-09-04 16:16:29] ==========
[2020-09-04 16:16:30] ----------------------------------------------------------------------------------------------------
[2020-09-04 16:16:30]            l_rec=11.825 l_lms=0.1999 err_lms=0.00/0.00/0.00 	T: 0:00:00
[2020-09-04 16:16:30] 
[2020-09-04 16:16:30] Epoch 172/1000
[2020-09-04 16:16:30] ==========
[2020-09-04 16:16:30] ----------------------------------------------------------------------------------------------------
[2020-09-04 16:16:30]            l_rec=11.825 l_lms=0.2059 err_lms=0.00/0.00/0.00 	T: 0:00:00
[2020-09-04 16:16:30] 
[2020-09-04 16:16:30] Epoch 173/1000
[2020-09-04 16:16:30] ==========
[2020-09-04 16:16:31] ----------------------------------------------------------------------------------------------------
[2020-09-04 16:16:31]            l_rec=11.825 l_lms=0.1892 err_lms=0.00/0.00/0.00 	T: 0:00:00
[2020-09-04 16:16:31] 
[2020-09-04 16:16:31] Epoch 174/1000
[2020-09-04 16:16:31] ==========
[2020-09-04 16:16:31] ----------------------------------------------------------------------------------------------------
[2020-09-04 16:16:31]            l_rec=11.825 l_lms=0.1890 err_lms=0.00/0.00/0.00 	T: 0:00:00
[2020-09-04 16:16:31] 
[2020-09-04 16:16:31] Epoch 175/1000
[2020-09-04 16:16:31] ==========
[2020-09-04 16:16:32] ----------------------------------------------------------------------------------------------------
[2020-09-04 16:16:32]            l_rec=11.825 l_lms=0.1925 err_lms=0.00/0.00/0.00 	T: 0:00:00
[2020-09-04 16:16:32] 
[2020-09-04 16:16:32] Epoch 176/1000
[2020-09-04 16:16:32] ==========
[2020-09-04 16:16:32] ----------------------------------------------------------------------------------------------------
[2020-09-04 16:16:32]            l_rec=11.825 l_lms=0.1787 err_lms=0.00/0.00/0.00 	T: 0:00:00
[2020-09-04 16:16:32] 
[2020-09-04 16:16:32] Epoch 177/1000
[2020-09-04 16:16:32] ==========
[2020-09-04 16:16:33] ----------------------------------------------------------------------------------------------------
[2020-09-04 16:16:33]            l_rec=11.825 l_lms=0.1828 err_lms=0.00/0.00/0.00 	T: 0:00:00
[2020-09-04 16:16:33] 
[2020-09-04 16:16:33] Epoch 178/1000
[2020-09-04 16:16:33] ==========
[2020-09-04 16:16:33] ----------------------------------------------------------------------------------------------------
[2020-09-04 16:16:33]            l_rec=11.825 l_lms=0.1807 err_lms=0.00/0.00/0.00 	T: 0:00:00
[2020-09-04 16:16:33] 
[2020-09-04 16:16:33] Epoch 179/1000
[2020-09-04 16:16:33] ==========
[2020-09-04 16:16:34] ----------------------------------------------------------------------------------------------------
[2020-09-04 16:16:34]            l_rec=11.825 l_lms=0.1711 err_lms=0.00/0.00/0.00 	T: 0:00:00
[2020-09-04 16:16:34] 
[2020-09-04 16:16:34] Epoch 180/1000
[2020-09-04 16:16:34] ==========
[2020-09-04 16:16:34] ----------------------------------------------------------------------------------------------------
[2020-09-04 16:16:34]            l_rec=11.825 l_lms=0.1762 err_lms=0.00/0.00/0.00 	T: 0:00:00
[2020-09-04 16:16:34] 
[2020-09-04 16:16:34] Epoch 181/1000
[2020-09-04 16:16:34] ==========
[2020-09-04 16:16:35] ----------------------------------------------------------------------------------------------------
[2020-09-04 16:16:35]            l_rec=11.825 l_lms=0.1686 err_lms=0.00/0.00/0.00 	T: 0:00:00
[2020-09-04 16:16:35] 
[2020-09-04 16:16:35] Epoch 182/1000
[2020-09-04 16:16:35] ==========
[2020-09-04 16:16:35] ----------------------------------------------------------------------------------------------------
[2020-09-04 16:16:35]            l_rec=11.825 l_lms=0.1650 err_lms=0.00/0.00/0.00 	T: 0:00:00
[2020-09-04 16:16:35] 
[2020-09-04 16:16:35] Epoch 183/1000
[2020-09-04 16:16:35] ==========
[2020-09-04 16:16:36] ----------------------------------------------------------------------------------------------------
[2020-09-04 16:16:36]            l_rec=11.825 l_lms=0.1668 err_lms=0.00/0.00/0.00 	T: 0:00:00
[2020-09-04 16:16:36] 
[2020-09-04 16:16:36] Epoch 184/1000
[2020-09-04 16:16:36] ==========
[2020-09-04 16:16:36] ----------------------------------------------------------------------------------------------------
[2020-09-04 16:16:36]            l_rec=11.825 l_lms=0.1584 err_lms=0.00/0.00/0.00 	T: 0:00:00
[2020-09-04 16:16:36] 
[2020-09-04 16:16:36] Epoch 185/1000
[2020-09-04 16:16:36] ==========
[2020-09-04 16:16:37] ----------------------------------------------------------------------------------------------------
[2020-09-04 16:16:37]            l_rec=11.825 l_lms=0.1587 err_lms=0.00/0.00/0.00 	T: 0:00:00
[2020-09-04 16:16:37] 
[2020-09-04 16:16:37] Epoch 186/1000
[2020-09-04 16:16:37] ==========
[2020-09-04 16:16:37] ----------------------------------------------------------------------------------------------------
[2020-09-04 16:16:37]            l_rec=11.825 l_lms=0.1556 err_lms=0.00/0.00/0.00 	T: 0:00:00
[2020-09-04 16:16:37] 
[2020-09-04 16:16:37] Epoch 187/1000
[2020-09-04 16:16:37] ==========
[2020-09-04 16:16:38] ----------------------------------------------------------------------------------------------------
[2020-09-04 16:16:38]            l_rec=11.825 l_lms=0.1516 err_lms=0.00/0.00/0.00 	T: 0:00:00
[2020-09-04 16:16:38] 
[2020-09-04 16:16:38] Epoch 188/1000
[2020-09-04 16:16:38] ==========
[2020-09-04 16:16:38] ----------------------------------------------------------------------------------------------------
[2020-09-04 16:16:38]            l_rec=11.825 l_lms=0.1520 err_lms=0.00/0.00/0.00 	T: 0:00:00
[2020-09-04 16:16:38] 
[2020-09-04 16:16:38] Epoch 189/1000
[2020-09-04 16:16:38] ==========
[2020-09-04 16:16:39] ----------------------------------------------------------------------------------------------------
[2020-09-04 16:16:39]            l_rec=11.825 l_lms=0.1472 err_lms=0.00/0.00/0.00 	T: 0:00:00
[2020-09-04 16:16:39] 
[2020-09-04 16:16:39] Epoch 190/1000
[2020-09-04 16:16:39] ==========
[2020-09-04 16:16:39] ----------------------------------------------------------------------------------------------------
[2020-09-04 16:16:39]            l_rec=11.825 l_lms=0.1459 err_lms=0.00/0.00/0.00 	T: 0:00:00
[2020-09-04 16:16:39] 
[2020-09-04 16:16:39] Epoch 191/1000
[2020-09-04 16:16:39] ==========
[2020-09-04 16:16:39] ----------------------------------------------------------------------------------------------------
[2020-09-04 16:16:39]            l_rec=11.825 l_lms=0.1445 err_lms=0.00/0.00/0.00 	T: 0:00:00
[2020-09-04 16:16:39] 
[2020-09-04 16:16:39] Epoch 192/1000
[2020-09-04 16:16:39] ==========
[2020-09-04 16:16:40] ----------------------------------------------------------------------------------------------------
[2020-09-04 16:16:40]            l_rec=11.825 l_lms=0.1410 err_lms=0.00/0.00/0.00 	T: 0:00:00
[2020-09-04 16:16:40] 
[2020-09-04 16:16:40] Epoch 193/1000
[2020-09-04 16:16:40] ==========
[2020-09-04 16:16:40] ----------------------------------------------------------------------------------------------------
[2020-09-04 16:16:40]            l_rec=11.825 l_lms=0.1403 err_lms=0.00/0.00/0.00 	T: 0:00:00
[2020-09-04 16:16:40] 
[2020-09-04 16:16:40] Epoch 194/1000
[2020-09-04 16:16:40] ==========
[2020-09-04 16:16:41] ----------------------------------------------------------------------------------------------------
[2020-09-04 16:16:41]            l_rec=11.825 l_lms=0.1381 err_lms=0.00/0.00/0.00 	T: 0:00:00
[2020-09-04 16:16:41] 
[2020-09-04 16:16:41] Epoch 195/1000
[2020-09-04 16:16:41] ==========
[2020-09-04 16:16:41] ----------------------------------------------------------------------------------------------------
[2020-09-04 16:16:41]            l_rec=11.825 l_lms=0.1357 err_lms=0.00/0.00/0.00 	T: 0:00:00
[2020-09-04 16:16:41] 
[2020-09-04 16:16:41] Epoch 196/1000
[2020-09-04 16:16:41] ==========
[2020-09-04 16:16:42] ----------------------------------------------------------------------------------------------------
[2020-09-04 16:16:42]            l_rec=11.825 l_lms=0.1346 err_lms=0.00/0.00/0.00 	T: 0:00:00
[2020-09-04 16:16:42] 
[2020-09-04 16:16:42] Epoch 197/1000
[2020-09-04 16:16:42] ==========
[2020-09-04 16:16:42] ----------------------------------------------------------------------------------------------------
[2020-09-04 16:16:42]            l_rec=11.825 l_lms=0.1324 err_lms=0.00/0.00/0.00 	T: 0:00:00
[2020-09-04 16:16:42] 
[2020-09-04 16:16:42] Epoch 198/1000
[2020-09-04 16:16:42] ==========
[2020-09-04 16:16:43] ----------------------------------------------------------------------------------------------------
[2020-09-04 16:16:43]            l_rec=11.825 l_lms=0.1312 err_lms=0.00/0.00/0.00 	T: 0:00:00
[2020-09-04 16:16:43] 
[2020-09-04 16:16:43] Epoch 199/1000
[2020-09-04 16:16:43] ==========
[2020-09-04 16:16:43] ----------------------------------------------------------------------------------------------------
[2020-09-04 16:16:43]            l_rec=11.825 l_lms=0.1293 err_lms=0.00/0.00/0.00 	T: 0:00:00
[2020-09-04 16:16:43] 
[2020-09-04 16:16:43] Epoch 200/1000
[2020-09-04 16:16:43] ==========
[2020-09-04 16:16:44] ----------------------------------------------------------------------------------------------------
[2020-09-04 16:16:44]            l_rec=11.825 l_lms=0.1284 err_lms=0.00/0.00/0.00 	T: 0:00:00
[2020-09-04 16:16:44] 
[2020-09-04 16:16:44] Evaluating 'test'...
[2020-09-04 16:16:45] [200][1/34] l_rec=17.692 l_lms=1.5830 err_lms=11.30/19.34/13.31 0.76/0.30/1.05s (000236 0:01:52)
[2020-09-04 16:16:45] [200][2/34] l_rec=18.864 l_lms=1.6058 err_lms=10.45/20.24/12.90 0.05/0.28/0.33s (000237 0:01:52)
[2020-09-04 16:16:46] [200][3/34] l_rec=18.910 l_lms=1.6537 err_lms=12.30/22.45/14.83 0.04/0.28/0.32s (000238 0:01:52)
[2020-09-04 16:16:46] [200][4/34] l_rec=17.424 l_lms=1.5076 err_lms=10.61/21.50/13.33 0.03/0.28/0.31s (000239 0:01:53)
[2020-09-04 16:16:46] [200][5/34] l_rec=14.632 l_lms=1.4655 err_lms=10.91/20.95/13.42 0.03/0.28/0.31s (000240 0:01:53)
[2020-09-04 16:16:47] [200][6/34] l_rec=15.156 l_lms=1.7007 err_lms=11.20/26.21/14.95 0.04/0.28/0.31s (000241 0:01:53)
[2020-09-04 16:16:47] [200][7/34] l_rec=15.814 l_lms=1.4456 err_lms=9.93/19.54/12.34 0.04/0.28/0.32s (000242 0:01:54)
[2020-09-04 16:16:47] [200][8/34] l_rec=17.165 l_lms=1.4999 err_lms=12.09/18.67/13.74 0.04/0.28/0.32s (000243 0:01:54)
[2020-09-04 16:16:47] [200][9/34] l_rec=17.000 l_lms=1.5150 err_lms=15.57/22.58/17.32 0.04/0.27/0.31s (000244 0:01:54)
[2020-09-04 16:16:48] [200][10/34] l_rec=16.566 l_lms=1.5092 err_lms=10.36/21.69/13.19 0.03/0.27/0.30s (000245 0:01:55)
[2020-09-04 16:16:48] [200][11/34] l_rec=15.644 l_lms=1.5813 err_lms=11.53/22.64/14.31 0.03/0.28/0.31s (000246 0:01:55)
[2020-09-04 16:16:48] [200][12/34] l_rec=18.277 l_lms=1.5818 err_lms=10.92/22.22/13.75 0.04/0.27/0.31s (000247 0:01:55)
[2020-09-04 16:16:49] [200][13/34] l_rec=13.183 l_lms=1.4997 err_lms=13.19/19.88/14.86 0.03/0.28/0.32s (000248 0:01:56)
[2020-09-04 16:16:49] [200][14/34] l_rec=13.438 l_lms=1.2644 err_lms=9.89/18.71/12.10 0.04/0.28/0.32s (000249 0:01:56)
[2020-09-04 16:16:49] [200][15/34] l_rec=14.831 l_lms=1.4877 err_lms=10.61/21.14/13.24 0.04/0.28/0.32s (000250 0:01:56)
[2020-09-04 16:16:50] [200][16/34] l_rec=18.122 l_lms=1.6699 err_lms=12.62/22.09/14.99 0.03/0.28/0.32s (000251 0:01:57)
[2020-09-04 16:16:50] [200][17/34] l_rec=16.159 l_lms=1.4047 err_lms=9.62/19.31/12.04 0.04/0.28/0.32s (000252 0:01:57)
[2020-09-04 16:16:50] [200][18/34] l_rec=15.427 l_lms=1.3588 err_lms=10.44/17.00/12.08 0.04/0.28/0.31s (000253 0:01:57)
[2020-09-04 16:16:51] [200][19/34] l_rec=16.121 l_lms=1.4835 err_lms=10.80/20.54/13.24 0.03/0.28/0.32s (000254 0:01:58)
[2020-09-04 16:16:51] [200][20/34] l_rec=16.219 l_lms=1.3723 err_lms=10.19/20.16/12.68 0.04/0.28/0.32s (000255 0:01:58)
[2020-09-04 16:16:51] [200][21/34] l_rec=14.441 l_lms=1.3733 err_lms=10.68/17.07/12.28 0.04/0.28/0.32s (000256 0:01:58)
[2020-09-04 16:16:52] [200][22/34] l_rec=16.949 l_lms=1.3306 err_lms=9.54/18.78/11.85 0.03/0.28/0.32s (000257 0:01:58)
[2020-09-04 16:16:52] [200][23/34] l_rec=17.735 l_lms=1.5805 err_lms=11.62/24.81/14.92 0.04/0.28/0.32s (000258 0:01:59)
[2020-09-04 16:16:52] [200][24/34] l_rec=14.685 l_lms=1.6208 err_lms=13.02/23.37/15.61 0.04/0.28/0.31s (000259 0:01:59)
[2020-09-04 16:16:53] [200][25/34] l_rec=15.637 l_lms=1.5272 err_lms=11.31/23.57/14.37 0.03/0.28/0.32s (000260 0:01:59)
[2020-09-04 16:16:53] [200][26/34] l_rec=17.508 l_lms=1.3212 err_lms=9.48/17.40/11.46 0.04/0.28/0.32s (000261 0:02:00)
[2020-09-04 16:16:53] [200][27/34] l_rec=16.127 l_lms=1.4154 err_lms=10.50/19.55/12.76 0.03/0.28/0.31s (000262 0:02:00)
[2020-09-04 16:16:53] [200][28/34] l_rec=15.755 l_lms=1.4571 err_lms=16.61/22.56/18.10 0.03/0.28/0.31s (000263 0:02:00)
[2020-09-04 16:16:54] [200][29/34] l_rec=20.286 l_lms=2.2793 err_lms=22.61/34.80/25.66 0.03/0.28/0.31s (000264 0:02:01)
[2020-09-04 16:16:54] [200][30/34] l_rec=17.811 l_lms=2.4487 err_lms=31.88/41.23/34.22 0.03/0.28/0.31s (000265 0:02:01)
[2020-09-04 16:16:54] [200][31/34] l_rec=14.738 l_lms=2.3560 err_lms=24.70/37.81/27.98 0.03/0.28/0.32s (000266 0:02:01)
[2020-09-04 16:16:55] [200][32/34] l_rec=15.827 l_lms=2.2882 err_lms=25.00/37.92/28.23 0.04/0.28/0.32s (000267 0:02:02)
[2020-09-04 16:16:55] [200][33/34] l_rec=18.535 l_lms=2.2131 err_lms=21.32/36.29/25.06 0.03/0.28/0.31s (000268 0:02:02)
[2020-09-04 16:16:55] [200][34/34] l_rec=16.345 l_lms=2.4799 err_lms=28.04/49.05/33.29 0.03/0.28/0.31s (000269 0:02:02)
[2020-09-04 16:16:56] [200][35/34] l_rec=17.976 l_lms=2.4882 err_lms=27.93/49.82/33.40 0.03/0.13/0.16s (000270 0:02:02)
[2020-09-04 16:16:56] ----------------------------------------------------------------------------------------------------
[2020-09-04 16:16:56]            l_rec=16.486 l_lms=1.6677 err_lms=14.03/24.48/16.65 	T: 0:00:11
[2020-09-04 16:16:56] 
[2020-09-04 16:16:56] Epoch 201/1000
[2020-09-04 16:16:56] ==========
[2020-09-04 16:16:56] ----------------------------------------------------------------------------------------------------
[2020-09-04 16:16:56]            l_rec=11.825 l_lms=0.1275 err_lms=0.00/0.00/0.00 	T: 0:00:00
[2020-09-04 16:16:56] 
[2020-09-04 16:16:56] Epoch 202/1000
[2020-09-04 16:16:56] ==========
[2020-09-04 16:16:57] ----------------------------------------------------------------------------------------------------
[2020-09-04 16:16:57]            l_rec=11.825 l_lms=0.1261 err_lms=0.00/0.00/0.00 	T: 0:00:00
[2020-09-04 16:16:57] 
[2020-09-04 16:16:57] Epoch 203/1000
[2020-09-04 16:16:57] ==========
[2020-09-04 16:16:57] ----------------------------------------------------------------------------------------------------
[2020-09-04 16:16:57]            l_rec=11.825 l_lms=0.1256 err_lms=0.00/0.00/0.00 	T: 0:00:00
[2020-09-04 16:16:57] 
[2020-09-04 16:16:57] Epoch 204/1000
[2020-09-04 16:16:57] ==========
[2020-09-04 16:16:58] ----------------------------------------------------------------------------------------------------
[2020-09-04 16:16:58]            l_rec=11.825 l_lms=0.1246 err_lms=0.00/0.00/0.00 	T: 0:00:00
[2020-09-04 16:16:58] 
[2020-09-04 16:16:58] Epoch 205/1000
[2020-09-04 16:16:58] ==========
[2020-09-04 16:16:58] ----------------------------------------------------------------------------------------------------
[2020-09-04 16:16:58]            l_rec=11.825 l_lms=0.1220 err_lms=0.00/0.00/0.00 	T: 0:00:00
[2020-09-04 16:16:58] 
[2020-09-04 16:16:58] Epoch 206/1000
[2020-09-04 16:16:58] ==========
[2020-09-04 16:16:59] ----------------------------------------------------------------------------------------------------
[2020-09-04 16:16:59]            l_rec=11.825 l_lms=0.1200 err_lms=0.00/0.00/0.00 	T: 0:00:00
[2020-09-04 16:16:59] 
[2020-09-04 16:16:59] Epoch 207/1000
[2020-09-04 16:16:59] ==========
[2020-09-04 16:16:59] ----------------------------------------------------------------------------------------------------
[2020-09-04 16:16:59]            l_rec=11.825 l_lms=0.1167 err_lms=0.00/0.00/0.00 	T: 0:00:00
[2020-09-04 16:16:59] 
[2020-09-04 16:16:59] Epoch 208/1000
[2020-09-04 16:16:59] ==========
[2020-09-04 16:17:00] ----------------------------------------------------------------------------------------------------
[2020-09-04 16:17:00]            l_rec=11.825 l_lms=0.1139 err_lms=0.00/0.00/0.00 	T: 0:00:00
[2020-09-04 16:17:00] 
[2020-09-04 16:17:00] Epoch 209/1000
[2020-09-04 16:17:00] ==========
[2020-09-04 16:17:00] ----------------------------------------------------------------------------------------------------
[2020-09-04 16:17:00]            l_rec=11.825 l_lms=0.1126 err_lms=0.00/0.00/0.00 	T: 0:00:00
[2020-09-04 16:17:00] 
[2020-09-04 16:17:00] Epoch 210/1000
[2020-09-04 16:17:00] ==========
[2020-09-04 16:17:01] ----------------------------------------------------------------------------------------------------
[2020-09-04 16:17:01]            l_rec=11.825 l_lms=0.1115 err_lms=0.00/0.00/0.00 	T: 0:00:00
[2020-09-04 16:17:01] 
[2020-09-04 16:17:01] Epoch 211/1000
[2020-09-04 16:17:01] ==========
[2020-09-04 16:17:01] ----------------------------------------------------------------------------------------------------
[2020-09-04 16:17:01]            l_rec=11.825 l_lms=0.1110 err_lms=0.00/0.00/0.00 	T: 0:00:00
[2020-09-04 16:17:01] 
[2020-09-04 16:17:01] Epoch 212/1000
[2020-09-04 16:17:01] ==========
[2020-09-04 16:17:01] ----------------------------------------------------------------------------------------------------
[2020-09-04 16:17:01]            l_rec=11.825 l_lms=0.1100 err_lms=0.00/0.00/0.00 	T: 0:00:00
[2020-09-04 16:17:01] 
[2020-09-04 16:17:01] Epoch 213/1000
[2020-09-04 16:17:01] ==========
[2020-09-04 16:17:02] ----------------------------------------------------------------------------------------------------
[2020-09-04 16:17:02]            l_rec=11.825 l_lms=0.1083 err_lms=0.00/0.00/0.00 	T: 0:00:00
[2020-09-04 16:17:02] 
[2020-09-04 16:17:02] Epoch 214/1000
[2020-09-04 16:17:02] ==========
[2020-09-04 16:17:02] ----------------------------------------------------------------------------------------------------
[2020-09-04 16:17:02]            l_rec=11.825 l_lms=0.1063 err_lms=0.00/0.00/0.00 	T: 0:00:00
[2020-09-04 16:17:02] 
[2020-09-04 16:17:02] Epoch 215/1000
[2020-09-04 16:17:02] ==========
[2020-09-04 16:17:03] ----------------------------------------------------------------------------------------------------
[2020-09-04 16:17:03]            l_rec=11.825 l_lms=0.1045 err_lms=0.00/0.00/0.00 	T: 0:00:00
[2020-09-04 16:17:03] 
[2020-09-04 16:17:03] Epoch 216/1000
[2020-09-04 16:17:03] ==========
[2020-09-04 16:17:03] ----------------------------------------------------------------------------------------------------
[2020-09-04 16:17:03]            l_rec=11.825 l_lms=0.1033 err_lms=0.00/0.00/0.00 	T: 0:00:00
[2020-09-04 16:17:03] 
[2020-09-04 16:17:03] Epoch 217/1000
[2020-09-04 16:17:03] ==========
[2020-09-04 16:17:04] ----------------------------------------------------------------------------------------------------
[2020-09-04 16:17:04]            l_rec=11.825 l_lms=0.1029 err_lms=0.00/0.00/0.00 	T: 0:00:00
[2020-09-04 16:17:04] 
[2020-09-04 16:17:04] Epoch 218/1000
[2020-09-04 16:17:04] ==========
[2020-09-04 16:17:04] ----------------------------------------------------------------------------------------------------
[2020-09-04 16:17:04]            l_rec=11.825 l_lms=0.1029 err_lms=0.00/0.00/0.00 	T: 0:00:00
[2020-09-04 16:17:04] 
[2020-09-04 16:17:04] Epoch 219/1000
[2020-09-04 16:17:04] ==========
[2020-09-04 16:17:05] ----------------------------------------------------------------------------------------------------
[2020-09-04 16:17:05]            l_rec=11.825 l_lms=0.1031 err_lms=0.00/0.00/0.00 	T: 0:00:00
[2020-09-04 16:17:05] 
[2020-09-04 16:17:05] Epoch 220/1000
[2020-09-04 16:17:05] ==========
[2020-09-04 16:17:05] ----------------------------------------------------------------------------------------------------
[2020-09-04 16:17:05]            l_rec=11.825 l_lms=0.1026 err_lms=0.00/0.00/0.00 	T: 0:00:00
[2020-09-04 16:17:05] 
[2020-09-04 16:17:05] Epoch 221/1000
[2020-09-04 16:17:05] ==========
[2020-09-04 16:17:06] ----------------------------------------------------------------------------------------------------
[2020-09-04 16:17:06]            l_rec=11.825 l_lms=0.1012 err_lms=0.00/0.00/0.00 	T: 0:00:00
[2020-09-04 16:17:06] 
[2020-09-04 16:17:06] Epoch 222/1000
[2020-09-04 16:17:06] ==========
[2020-09-04 16:17:06] ----------------------------------------------------------------------------------------------------
[2020-09-04 16:17:06]            l_rec=11.825 l_lms=0.0984 err_lms=0.00/0.00/0.00 	T: 0:00:00
[2020-09-04 16:17:06] 
[2020-09-04 16:17:06] Epoch 223/1000
[2020-09-04 16:17:06] ==========
[2020-09-04 16:17:07] ----------------------------------------------------------------------------------------------------
[2020-09-04 16:17:07]            l_rec=11.825 l_lms=0.0954 err_lms=0.00/0.00/0.00 	T: 0:00:00
[2020-09-04 16:17:07] 
[2020-09-04 16:17:07] Epoch 224/1000
[2020-09-04 16:17:07] ==========
[2020-09-04 16:17:07] ----------------------------------------------------------------------------------------------------
[2020-09-04 16:17:07]            l_rec=11.825 l_lms=0.0932 err_lms=0.00/0.00/0.00 	T: 0:00:00
[2020-09-04 16:17:07] 
[2020-09-04 16:17:07] Epoch 225/1000
[2020-09-04 16:17:07] ==========
[2020-09-04 16:17:08] ----------------------------------------------------------------------------------------------------
[2020-09-04 16:17:08]            l_rec=11.825 l_lms=0.0926 err_lms=0.00/0.00/0.00 	T: 0:00:00
[2020-09-04 16:17:08] 
[2020-09-04 16:17:08] Epoch 226/1000
[2020-09-04 16:17:08] ==========
[2020-09-04 16:17:08] ----------------------------------------------------------------------------------------------------
[2020-09-04 16:17:08]            l_rec=11.825 l_lms=0.0924 err_lms=0.00/0.00/0.00 	T: 0:00:00
[2020-09-04 16:17:08] 
[2020-09-04 16:17:08] Epoch 227/1000
[2020-09-04 16:17:08] ==========
[2020-09-04 16:17:09] ----------------------------------------------------------------------------------------------------
[2020-09-04 16:17:09]            l_rec=11.825 l_lms=0.0915 err_lms=0.00/0.00/0.00 	T: 0:00:00
[2020-09-04 16:17:09] 
[2020-09-04 16:17:09] Epoch 228/1000
[2020-09-04 16:17:09] ==========
[2020-09-04 16:17:09] ----------------------------------------------------------------------------------------------------
[2020-09-04 16:17:09]            l_rec=11.825 l_lms=0.0894 err_lms=0.00/0.00/0.00 	T: 0:00:00
[2020-09-04 16:17:09] 
[2020-09-04 16:17:09] Epoch 229/1000
[2020-09-04 16:17:09] ==========
[2020-09-04 16:17:10] ----------------------------------------------------------------------------------------------------
[2020-09-04 16:17:10]            l_rec=11.825 l_lms=0.0871 err_lms=0.00/0.00/0.00 	T: 0:00:00
[2020-09-04 16:17:10] 
[2020-09-04 16:17:10] Epoch 230/1000
[2020-09-04 16:17:10] ==========
[2020-09-04 16:17:10] ----------------------------------------------------------------------------------------------------
[2020-09-04 16:17:10]            l_rec=11.825 l_lms=0.0859 err_lms=0.00/0.00/0.00 	T: 0:00:00
[2020-09-04 16:17:10] 
[2020-09-04 16:17:10] Epoch 231/1000
[2020-09-04 16:17:10] ==========
[2020-09-04 16:17:11] ----------------------------------------------------------------------------------------------------
[2020-09-04 16:17:11]            l_rec=11.825 l_lms=0.0857 err_lms=0.00/0.00/0.00 	T: 0:00:00
[2020-09-04 16:17:11] 
[2020-09-04 16:17:11] Epoch 232/1000
[2020-09-04 16:17:11] ==========
[2020-09-04 16:17:11] ----------------------------------------------------------------------------------------------------
[2020-09-04 16:17:11]            l_rec=11.825 l_lms=0.0855 err_lms=0.00/0.00/0.00 	T: 0:00:00
[2020-09-04 16:17:11] 
[2020-09-04 16:17:11] Epoch 233/1000
[2020-09-04 16:17:11] ==========
[2020-09-04 16:17:12] ----------------------------------------------------------------------------------------------------
[2020-09-04 16:17:12]            l_rec=11.825 l_lms=0.0841 err_lms=0.00/0.00/0.00 	T: 0:00:00
[2020-09-04 16:17:12] 
[2020-09-04 16:17:12] Epoch 234/1000
[2020-09-04 16:17:12] ==========
[2020-09-04 16:17:12] ----------------------------------------------------------------------------------------------------
[2020-09-04 16:17:12]            l_rec=11.825 l_lms=0.0822 err_lms=0.00/0.00/0.00 	T: 0:00:00
[2020-09-04 16:17:12] 
[2020-09-04 16:17:12] Epoch 235/1000
[2020-09-04 16:17:12] ==========
[2020-09-04 16:17:13] ----------------------------------------------------------------------------------------------------
[2020-09-04 16:17:13]            l_rec=11.825 l_lms=0.0806 err_lms=0.00/0.00/0.00 	T: 0:00:00
[2020-09-04 16:17:13] 
[2020-09-04 16:17:13] Epoch 236/1000
[2020-09-04 16:17:13] ==========
[2020-09-04 16:17:13] ----------------------------------------------------------------------------------------------------
[2020-09-04 16:17:13]            l_rec=11.825 l_lms=0.0798 err_lms=0.00/0.00/0.00 	T: 0:00:00
[2020-09-04 16:17:13] 
[2020-09-04 16:17:13] Epoch 237/1000
[2020-09-04 16:17:13] ==========
[2020-09-04 16:17:14] ----------------------------------------------------------------------------------------------------
[2020-09-04 16:17:14]            l_rec=11.825 l_lms=0.0793 err_lms=0.00/0.00/0.00 	T: 0:00:00
[2020-09-04 16:17:14] 
[2020-09-04 16:17:14] Epoch 238/1000
[2020-09-04 16:17:14] ==========
[2020-09-04 16:17:14] ----------------------------------------------------------------------------------------------------
[2020-09-04 16:17:14]            l_rec=11.825 l_lms=0.0786 err_lms=0.00/0.00/0.00 	T: 0:00:00
[2020-09-04 16:17:14] 
[2020-09-04 16:17:14] Epoch 239/1000
[2020-09-04 16:17:14] ==========
[2020-09-04 16:17:15] ----------------------------------------------------------------------------------------------------
[2020-09-04 16:17:15]            l_rec=11.825 l_lms=0.0775 err_lms=0.00/0.00/0.00 	T: 0:00:00
[2020-09-04 16:17:15] 
[2020-09-04 16:17:15] Epoch 240/1000
[2020-09-04 16:17:15] ==========
[2020-09-04 16:17:15] ----------------------------------------------------------------------------------------------------
[2020-09-04 16:17:15]            l_rec=11.825 l_lms=0.0762 err_lms=0.00/0.00/0.00 	T: 0:00:00
[2020-09-04 16:17:15] 
[2020-09-04 16:17:15] Epoch 241/1000
[2020-09-04 16:17:15] ==========
[2020-09-04 16:17:16] ----------------------------------------------------------------------------------------------------
[2020-09-04 16:17:16]            l_rec=11.825 l_lms=0.0750 err_lms=0.00/0.00/0.00 	T: 0:00:00
[2020-09-04 16:17:16] 
[2020-09-04 16:17:16] Epoch 242/1000
[2020-09-04 16:17:16] ==========
[2020-09-04 16:17:16] ----------------------------------------------------------------------------------------------------
[2020-09-04 16:17:16]            l_rec=11.825 l_lms=0.0740 err_lms=0.00/0.00/0.00 	T: 0:00:00
[2020-09-04 16:17:16] 
[2020-09-04 16:17:16] Epoch 243/1000
[2020-09-04 16:17:16] ==========
[2020-09-04 16:17:17] ----------------------------------------------------------------------------------------------------
[2020-09-04 16:17:17]            l_rec=11.825 l_lms=0.0734 err_lms=0.00/0.00/0.00 	T: 0:00:00
[2020-09-04 16:17:17] 
[2020-09-04 16:17:17] Epoch 244/1000
[2020-09-04 16:17:17] ==========
[2020-09-04 16:17:17] ----------------------------------------------------------------------------------------------------
[2020-09-04 16:17:17]            l_rec=11.825 l_lms=0.0727 err_lms=0.00/0.00/0.00 	T: 0:00:00
[2020-09-04 16:17:17] 
[2020-09-04 16:17:17] Epoch 245/1000
[2020-09-04 16:17:17] ==========
[2020-09-04 16:17:18] ----------------------------------------------------------------------------------------------------
[2020-09-04 16:17:18]            l_rec=11.825 l_lms=0.0721 err_lms=0.00/0.00/0.00 	T: 0:00:00
[2020-09-04 16:17:18] 
[2020-09-04 16:17:18] Epoch 246/1000
[2020-09-04 16:17:18] ==========
[2020-09-04 16:17:18] ----------------------------------------------------------------------------------------------------
[2020-09-04 16:17:18]            l_rec=11.825 l_lms=0.0714 err_lms=0.00/0.00/0.00 	T: 0:00:00
[2020-09-04 16:17:18] 
[2020-09-04 16:17:18] Epoch 247/1000
[2020-09-04 16:17:18] ==========
[2020-09-04 16:17:18] ----------------------------------------------------------------------------------------------------
[2020-09-04 16:17:18]            l_rec=11.825 l_lms=0.0711 err_lms=0.00/0.00/0.00 	T: 0:00:00
[2020-09-04 16:17:18] 
[2020-09-04 16:17:18] Epoch 248/1000
[2020-09-04 16:17:18] ==========
[2020-09-04 16:17:19] ----------------------------------------------------------------------------------------------------
[2020-09-04 16:17:19]            l_rec=11.825 l_lms=0.0711 err_lms=0.00/0.00/0.00 	T: 0:00:00
[2020-09-04 16:17:19] 
[2020-09-04 16:17:19] Epoch 249/1000
[2020-09-04 16:17:19] ==========
[2020-09-04 16:17:19] ----------------------------------------------------------------------------------------------------
[2020-09-04 16:17:19]            l_rec=11.825 l_lms=0.0731 err_lms=0.00/0.00/0.00 	T: 0:00:00
[2020-09-04 16:17:19] 
[2020-09-04 16:17:19] Epoch 250/1000
[2020-09-04 16:17:19] ==========
[2020-09-04 16:17:20] ----------------------------------------------------------------------------------------------------
[2020-09-04 16:17:20]            l_rec=11.825 l_lms=0.0755 err_lms=0.00/0.00/0.00 	T: 0:00:00
[2020-09-04 16:17:20] 
[2020-09-04 16:17:20] Epoch 251/1000
[2020-09-04 16:17:20] ==========
[2020-09-04 16:17:20] ----------------------------------------------------------------------------------------------------
[2020-09-04 16:17:20]            l_rec=11.825 l_lms=0.0830 err_lms=0.00/0.00/0.00 	T: 0:00:00
[2020-09-04 16:17:20] 
[2020-09-04 16:17:20] Epoch 252/1000
[2020-09-04 16:17:20] ==========
[2020-09-04 16:17:21] ----------------------------------------------------------------------------------------------------
[2020-09-04 16:17:21]            l_rec=11.825 l_lms=0.0794 err_lms=0.00/0.00/0.00 	T: 0:00:00
[2020-09-04 16:17:21] 
[2020-09-04 16:17:21] Epoch 253/1000
[2020-09-04 16:17:21] ==========
[2020-09-04 16:17:21] ----------------------------------------------------------------------------------------------------
[2020-09-04 16:17:21]            l_rec=11.825 l_lms=0.0743 err_lms=0.00/0.00/0.00 	T: 0:00:00
[2020-09-04 16:17:21] 
[2020-09-04 16:17:21] Epoch 254/1000
[2020-09-04 16:17:21] ==========
[2020-09-04 16:17:22] ----------------------------------------------------------------------------------------------------
[2020-09-04 16:17:22]            l_rec=11.825 l_lms=0.0690 err_lms=0.00/0.00/0.00 	T: 0:00:00
[2020-09-04 16:17:22] 
[2020-09-04 16:17:22] Epoch 255/1000
[2020-09-04 16:17:22] ==========
[2020-09-04 16:17:22] ----------------------------------------------------------------------------------------------------
[2020-09-04 16:17:22]            l_rec=11.825 l_lms=0.0686 err_lms=0.00/0.00/0.00 	T: 0:00:00
[2020-09-04 16:17:22] 
[2020-09-04 16:17:22] Epoch 256/1000
[2020-09-04 16:17:22] ==========
[2020-09-04 16:17:23] ----------------------------------------------------------------------------------------------------
[2020-09-04 16:17:23]            l_rec=11.825 l_lms=0.0693 err_lms=0.00/0.00/0.00 	T: 0:00:00
[2020-09-04 16:17:23] 
[2020-09-04 16:17:23] Epoch 257/1000
[2020-09-04 16:17:23] ==========
[2020-09-04 16:17:23] ----------------------------------------------------------------------------------------------------
[2020-09-04 16:17:23]            l_rec=11.825 l_lms=0.0670 err_lms=0.00/0.00/0.00 	T: 0:00:00
[2020-09-04 16:17:23] 
[2020-09-04 16:17:23] Epoch 258/1000
[2020-09-04 16:17:23] ==========
[2020-09-04 16:17:24] ----------------------------------------------------------------------------------------------------
[2020-09-04 16:17:24]            l_rec=11.825 l_lms=0.0662 err_lms=0.00/0.00/0.00 	T: 0:00:00
[2020-09-04 16:17:24] 
[2020-09-04 16:17:24] Epoch 259/1000
[2020-09-04 16:17:24] ==========
[2020-09-04 16:17:24] ----------------------------------------------------------------------------------------------------
[2020-09-04 16:17:24]            l_rec=11.825 l_lms=0.0648 err_lms=0.00/0.00/0.00 	T: 0:00:00
[2020-09-04 16:17:24] 
[2020-09-04 16:17:24] Epoch 260/1000
[2020-09-04 16:17:24] ==========
[2020-09-04 16:17:25] ----------------------------------------------------------------------------------------------------
[2020-09-04 16:17:25]            l_rec=11.825 l_lms=0.0625 err_lms=0.00/0.00/0.00 	T: 0:00:00
[2020-09-04 16:17:25] 
[2020-09-04 16:17:25] Epoch 261/1000
[2020-09-04 16:17:25] ==========
[2020-09-04 16:17:26] ----------------------------------------------------------------------------------------------------
[2020-09-04 16:17:26]            l_rec=11.825 l_lms=0.0627 err_lms=0.00/0.00/0.00 	T: 0:00:00
[2020-09-04 16:17:26] 
[2020-09-04 16:17:26] Epoch 262/1000
[2020-09-04 16:17:26] ==========
[2020-09-04 16:17:26] ----------------------------------------------------------------------------------------------------
[2020-09-04 16:17:26]            l_rec=11.825 l_lms=0.0616 err_lms=0.00/0.00/0.00 	T: 0:00:00
[2020-09-04 16:17:26] 
[2020-09-04 16:17:26] Epoch 263/1000
[2020-09-04 16:17:26] ==========
[2020-09-04 16:17:27] ----------------------------------------------------------------------------------------------------
[2020-09-04 16:17:27]            l_rec=11.825 l_lms=0.0592 err_lms=0.00/0.00/0.00 	T: 0:00:00
[2020-09-04 16:17:27] 
[2020-09-04 16:17:27] Epoch 264/1000
[2020-09-04 16:17:27] ==========
[2020-09-04 16:17:27] ----------------------------------------------------------------------------------------------------
[2020-09-04 16:17:27]            l_rec=11.825 l_lms=0.0590 err_lms=0.00/0.00/0.00 	T: 0:00:00
[2020-09-04 16:17:27] 
[2020-09-04 16:17:27] Epoch 265/1000
[2020-09-04 16:17:27] ==========
[2020-09-04 16:17:27] ----------------------------------------------------------------------------------------------------
[2020-09-04 16:17:27]            l_rec=11.825 l_lms=0.0590 err_lms=0.00/0.00/0.00 	T: 0:00:00
[2020-09-04 16:17:27] 
[2020-09-04 16:17:27] Epoch 266/1000
[2020-09-04 16:17:27] ==========
[2020-09-04 16:17:28] ----------------------------------------------------------------------------------------------------
[2020-09-04 16:17:28]            l_rec=11.825 l_lms=0.0570 err_lms=0.00/0.00/0.00 	T: 0:00:00
[2020-09-04 16:17:28] 
[2020-09-04 16:17:28] Epoch 267/1000
[2020-09-04 16:17:28] ==========
[2020-09-04 16:17:28] ----------------------------------------------------------------------------------------------------
[2020-09-04 16:17:28]            l_rec=11.825 l_lms=0.0560 err_lms=0.00/0.00/0.00 	T: 0:00:00
[2020-09-04 16:17:28] 
[2020-09-04 16:17:28] Epoch 268/1000
[2020-09-04 16:17:28] ==========
[2020-09-04 16:17:29] ----------------------------------------------------------------------------------------------------
[2020-09-04 16:17:29]            l_rec=11.825 l_lms=0.0558 err_lms=0.00/0.00/0.00 	T: 0:00:00
[2020-09-04 16:17:29] 
[2020-09-04 16:17:29] Epoch 269/1000
[2020-09-04 16:17:29] ==========
[2020-09-04 16:17:29] ----------------------------------------------------------------------------------------------------
[2020-09-04 16:17:29]            l_rec=11.825 l_lms=0.0539 err_lms=0.00/0.00/0.00 	T: 0:00:00
[2020-09-04 16:17:29] 
[2020-09-04 16:17:29] Epoch 270/1000
[2020-09-04 16:17:29] ==========
[2020-09-04 16:17:30] ----------------------------------------------------------------------------------------------------
[2020-09-04 16:17:30]            l_rec=11.825 l_lms=0.0534 err_lms=0.00/0.00/0.00 	T: 0:00:00
[2020-09-04 16:17:30] 
[2020-09-04 16:17:30] Epoch 271/1000
[2020-09-04 16:17:30] ==========
[2020-09-04 16:17:30] ----------------------------------------------------------------------------------------------------
[2020-09-04 16:17:30]            l_rec=11.825 l_lms=0.0535 err_lms=0.00/0.00/0.00 	T: 0:00:00
[2020-09-04 16:17:30] 
[2020-09-04 16:17:30] Epoch 272/1000
[2020-09-04 16:17:30] ==========
[2020-09-04 16:17:31] ----------------------------------------------------------------------------------------------------
[2020-09-04 16:17:31]            l_rec=11.825 l_lms=0.0520 err_lms=0.00/0.00/0.00 	T: 0:00:00
[2020-09-04 16:17:31] 
[2020-09-04 16:17:31] Epoch 273/1000
[2020-09-04 16:17:31] ==========
[2020-09-04 16:17:31] ----------------------------------------------------------------------------------------------------
[2020-09-04 16:17:31]            l_rec=11.825 l_lms=0.0509 err_lms=0.00/0.00/0.00 	T: 0:00:00
[2020-09-04 16:17:31] 
[2020-09-04 16:17:31] Epoch 274/1000
[2020-09-04 16:17:31] ==========
[2020-09-04 16:17:32] ----------------------------------------------------------------------------------------------------
[2020-09-04 16:17:32]            l_rec=11.825 l_lms=0.0509 err_lms=0.00/0.00/0.00 	T: 0:00:00
[2020-09-04 16:17:32] 
[2020-09-04 16:17:32] Epoch 275/1000
[2020-09-04 16:17:32] ==========
[2020-09-04 16:17:32] ----------------------------------------------------------------------------------------------------
[2020-09-04 16:17:32]            l_rec=11.825 l_lms=0.0501 err_lms=0.00/0.00/0.00 	T: 0:00:00
[2020-09-04 16:17:32] 
[2020-09-04 16:17:32] Epoch 276/1000
[2020-09-04 16:17:32] ==========
[2020-09-04 16:17:33] ----------------------------------------------------------------------------------------------------
[2020-09-04 16:17:33]            l_rec=11.825 l_lms=0.0490 err_lms=0.00/0.00/0.00 	T: 0:00:00
[2020-09-04 16:17:33] 
[2020-09-04 16:17:33] Epoch 277/1000
[2020-09-04 16:17:33] ==========
[2020-09-04 16:17:33] ----------------------------------------------------------------------------------------------------
[2020-09-04 16:17:33]            l_rec=11.825 l_lms=0.0487 err_lms=0.00/0.00/0.00 	T: 0:00:00
[2020-09-04 16:17:33] 
[2020-09-04 16:17:33] Epoch 278/1000
[2020-09-04 16:17:33] ==========
[2020-09-04 16:17:34] ----------------------------------------------------------------------------------------------------
[2020-09-04 16:17:34]            l_rec=11.825 l_lms=0.0481 err_lms=0.00/0.00/0.00 	T: 0:00:00
[2020-09-04 16:17:34] 
[2020-09-04 16:17:34] Epoch 279/1000
[2020-09-04 16:17:34] ==========
[2020-09-04 16:17:34] ----------------------------------------------------------------------------------------------------
[2020-09-04 16:17:34]            l_rec=11.825 l_lms=0.0471 err_lms=0.00/0.00/0.00 	T: 0:00:00
[2020-09-04 16:17:34] 
[2020-09-04 16:17:34] Epoch 280/1000
[2020-09-04 16:17:34] ==========
[2020-09-04 16:17:35] ----------------------------------------------------------------------------------------------------
[2020-09-04 16:17:35]            l_rec=11.825 l_lms=0.0468 err_lms=0.00/0.00/0.00 	T: 0:00:00
[2020-09-04 16:17:35] 
[2020-09-04 16:17:35] Epoch 281/1000
[2020-09-04 16:17:35] ==========
[2020-09-04 16:17:35] ----------------------------------------------------------------------------------------------------
[2020-09-04 16:17:35]            l_rec=11.825 l_lms=0.0463 err_lms=0.00/0.00/0.00 	T: 0:00:00
[2020-09-04 16:17:35] 
[2020-09-04 16:17:35] Epoch 282/1000
[2020-09-04 16:17:35] ==========
[2020-09-04 16:17:36] ----------------------------------------------------------------------------------------------------
[2020-09-04 16:17:36]            l_rec=11.825 l_lms=0.0455 err_lms=0.00/0.00/0.00 	T: 0:00:00
[2020-09-04 16:17:36] 
[2020-09-04 16:17:36] Epoch 283/1000
[2020-09-04 16:17:36] ==========
[2020-09-04 16:17:36] ----------------------------------------------------------------------------------------------------
[2020-09-04 16:17:36]            l_rec=11.825 l_lms=0.0451 err_lms=0.00/0.00/0.00 	T: 0:00:00
[2020-09-04 16:17:36] 
[2020-09-04 16:17:36] Epoch 284/1000
[2020-09-04 16:17:36] ==========
[2020-09-04 16:17:37] ----------------------------------------------------------------------------------------------------
[2020-09-04 16:17:37]            l_rec=11.825 l_lms=0.0447 err_lms=0.00/0.00/0.00 	T: 0:00:00
[2020-09-04 16:17:37] 
[2020-09-04 16:17:37] Epoch 285/1000
[2020-09-04 16:17:37] ==========
[2020-09-04 16:17:37] ----------------------------------------------------------------------------------------------------
[2020-09-04 16:17:37]            l_rec=11.825 l_lms=0.0441 err_lms=0.00/0.00/0.00 	T: 0:00:00
[2020-09-04 16:17:37] 
[2020-09-04 16:17:37] Epoch 286/1000
[2020-09-04 16:17:37] ==========
[2020-09-04 16:17:38] ----------------------------------------------------------------------------------------------------
[2020-09-04 16:17:38]            l_rec=11.825 l_lms=0.0436 err_lms=0.00/0.00/0.00 	T: 0:00:00
[2020-09-04 16:17:38] 
[2020-09-04 16:17:38] Epoch 287/1000
[2020-09-04 16:17:38] ==========
[2020-09-04 16:17:38] ----------------------------------------------------------------------------------------------------
[2020-09-04 16:17:38]            l_rec=11.825 l_lms=0.0432 err_lms=0.00/0.00/0.00 	T: 0:00:00
[2020-09-04 16:17:38] 
[2020-09-04 16:17:38] Epoch 288/1000
[2020-09-04 16:17:38] ==========
[2020-09-04 16:17:39] ----------------------------------------------------------------------------------------------------
[2020-09-04 16:17:39]            l_rec=11.825 l_lms=0.0427 err_lms=0.00/0.00/0.00 	T: 0:00:00
[2020-09-04 16:17:39] 
[2020-09-04 16:17:39] Epoch 289/1000
[2020-09-04 16:17:39] ==========
[2020-09-04 16:17:39] ----------------------------------------------------------------------------------------------------
[2020-09-04 16:17:39]            l_rec=11.825 l_lms=0.0423 err_lms=0.00/0.00/0.00 	T: 0:00:00
[2020-09-04 16:17:39] 
[2020-09-04 16:17:39] Epoch 290/1000
[2020-09-04 16:17:39] ==========
[2020-09-04 16:17:40] ----------------------------------------------------------------------------------------------------
[2020-09-04 16:17:40]            l_rec=11.825 l_lms=0.0423 err_lms=0.00/0.00/0.00 	T: 0:00:00
[2020-09-04 16:17:40] 
[2020-09-04 16:17:40] Epoch 291/1000
[2020-09-04 16:17:40] ==========
[2020-09-04 16:17:40] ----------------------------------------------------------------------------------------------------
[2020-09-04 16:17:40]            l_rec=11.825 l_lms=0.0426 err_lms=0.00/0.00/0.00 	T: 0:00:00
[2020-09-04 16:17:40] 
[2020-09-04 16:17:40] Epoch 292/1000
[2020-09-04 16:17:40] ==========
[2020-09-04 16:17:40] ----------------------------------------------------------------------------------------------------
[2020-09-04 16:17:40]            l_rec=11.825 l_lms=0.0433 err_lms=0.00/0.00/0.00 	T: 0:00:00
[2020-09-04 16:17:40] 
[2020-09-04 16:17:40] Epoch 293/1000
[2020-09-04 16:17:40] ==========
[2020-09-04 16:17:41] ----------------------------------------------------------------------------------------------------
[2020-09-04 16:17:41]            l_rec=11.825 l_lms=0.0455 err_lms=0.00/0.00/0.00 	T: 0:00:00
[2020-09-04 16:17:41] 
[2020-09-04 16:17:41] Epoch 294/1000
[2020-09-04 16:17:41] ==========
[2020-09-04 16:17:41] ----------------------------------------------------------------------------------------------------
[2020-09-04 16:17:41]            l_rec=11.825 l_lms=0.0488 err_lms=0.00/0.00/0.00 	T: 0:00:00
[2020-09-04 16:17:41] 
[2020-09-04 16:17:41] Epoch 295/1000
[2020-09-04 16:17:41] ==========
[2020-09-04 16:17:42] ----------------------------------------------------------------------------------------------------
[2020-09-04 16:17:42]            l_rec=11.825 l_lms=0.0553 err_lms=0.00/0.00/0.00 	T: 0:00:00
[2020-09-04 16:17:42] 
[2020-09-04 16:17:42] Epoch 296/1000
[2020-09-04 16:17:42] ==========
[2020-09-04 16:17:42] ----------------------------------------------------------------------------------------------------
[2020-09-04 16:17:42]            l_rec=11.825 l_lms=0.0556 err_lms=0.00/0.00/0.00 	T: 0:00:00
[2020-09-04 16:17:42] 
[2020-09-04 16:17:42] Epoch 297/1000
[2020-09-04 16:17:42] ==========
[2020-09-04 16:17:43] ----------------------------------------------------------------------------------------------------
[2020-09-04 16:17:43]            l_rec=11.825 l_lms=0.0518 err_lms=0.00/0.00/0.00 	T: 0:00:00
[2020-09-04 16:17:43] 
[2020-09-04 16:17:43] Epoch 298/1000
[2020-09-04 16:17:43] ==========
[2020-09-04 16:17:43] ----------------------------------------------------------------------------------------------------
[2020-09-04 16:17:43]            l_rec=11.825 l_lms=0.0413 err_lms=0.00/0.00/0.00 	T: 0:00:00
[2020-09-04 16:17:43] 
[2020-09-04 16:17:43] Epoch 299/1000
[2020-09-04 16:17:43] ==========
[2020-09-04 16:17:44] ----------------------------------------------------------------------------------------------------
[2020-09-04 16:17:44]            l_rec=11.825 l_lms=0.0426 err_lms=0.00/0.00/0.00 	T: 0:00:00
[2020-09-04 16:17:44] 
[2020-09-04 16:17:44] Epoch 300/1000
[2020-09-04 16:17:44] ==========
[2020-09-04 16:17:44] ----------------------------------------------------------------------------------------------------
[2020-09-04 16:17:44]            l_rec=11.825 l_lms=0.0487 err_lms=0.00/0.00/0.00 	T: 0:00:00
[2020-09-04 16:17:44] 
[2020-09-04 16:17:44] Evaluating 'test'...
[2020-09-04 16:17:45] [300][1/34] l_rec=17.692 l_lms=1.5520 err_lms=11.34/19.34/13.34 0.81/0.29/1.10s (000371 0:02:52)
[2020-09-04 16:17:46] [300][2/34] l_rec=18.864 l_lms=1.5723 err_lms=10.38/20.72/12.96 0.07/0.29/0.35s (000372 0:02:53)
[2020-09-04 16:17:46] [300][3/34] l_rec=18.910 l_lms=1.6227 err_lms=12.36/21.70/14.70 0.05/0.28/0.33s (000373 0:02:53)
[2020-09-04 16:17:46] [300][4/34] l_rec=17.424 l_lms=1.4777 err_lms=10.45/20.11/12.86 0.04/0.28/0.32s (000374 0:02:53)
[2020-09-04 16:17:47] [300][5/34] l_rec=14.632 l_lms=1.4313 err_lms=10.78/20.05/13.10 0.04/0.28/0.32s (000375 0:02:54)
[2020-09-04 16:17:47] [300][6/34] l_rec=15.156 l_lms=1.6682 err_lms=11.06/23.13/14.08 0.04/0.28/0.32s (000376 0:02:54)
[2020-09-04 16:17:47] [300][7/34] l_rec=15.814 l_lms=1.4174 err_lms=10.00/17.91/11.98 0.05/0.28/0.33s (000377 0:02:54)
[2020-09-04 16:17:48] [300][8/34] l_rec=17.165 l_lms=1.4720 err_lms=12.13/17.41/13.45 0.03/0.28/0.31s (000378 0:02:55)
[2020-09-04 16:17:48] [300][9/34] l_rec=17.000 l_lms=1.4892 err_lms=15.91/20.77/17.13 0.04/0.27/0.31s (000379 0:02:55)
[2020-09-04 16:17:48] [300][10/34] l_rec=16.566 l_lms=1.4819 err_lms=10.33/19.32/12.57 0.03/0.27/0.31s (000380 0:02:55)
[2020-09-04 16:17:49] [300][11/34] l_rec=15.644 l_lms=1.5545 err_lms=11.42/22.03/14.07 0.03/0.27/0.31s (000381 0:02:56)
[2020-09-04 16:17:49] [300][12/34] l_rec=18.277 l_lms=1.5445 err_lms=10.79/19.97/13.09 0.03/0.27/0.31s (000382 0:02:56)
[2020-09-04 16:17:49] [300][13/34] l_rec=13.183 l_lms=1.4751 err_lms=12.93/17.74/14.13 0.03/0.27/0.31s (000383 0:02:56)
[2020-09-04 16:17:50] [300][14/34] l_rec=13.438 l_lms=1.2505 err_lms=9.95/17.27/11.78 0.03/0.28/0.32s (000384 0:02:56)
[2020-09-04 16:17:50] [300][15/34] l_rec=14.831 l_lms=1.4614 err_lms=10.57/19.88/12.90 0.04/0.28/0.32s (000385 0:02:57)
[2020-09-04 16:17:50] [300][16/34] l_rec=18.122 l_lms=1.6416 err_lms=12.60/21.03/14.71 0.04/0.27/0.31s (000386 0:02:57)
[2020-09-04 16:17:51] [300][17/34] l_rec=16.159 l_lms=1.3742 err_lms=9.61/18.40/11.81 0.03/0.29/0.33s (000387 0:02:57)
[2020-09-04 16:17:51] [300][18/34] l_rec=15.427 l_lms=1.3264 err_lms=10.23/16.10/11.70 0.04/0.27/0.31s (000388 0:02:58)
[2020-09-04 16:17:51] [300][19/34] l_rec=16.121 l_lms=1.4505 err_lms=10.85/20.30/13.21 0.04/0.28/0.31s (000389 0:02:58)
[2020-09-04 16:17:51] [300][20/34] l_rec=16.219 l_lms=1.3453 err_lms=10.22/19.62/12.57 0.03/0.27/0.31s (000390 0:02:58)
[2020-09-04 16:17:52] [300][21/34] l_rec=14.441 l_lms=1.3379 err_lms=10.74/15.83/12.02 0.04/0.28/0.31s (000391 0:02:59)
[2020-09-04 16:17:52] [300][22/34] l_rec=16.949 l_lms=1.2933 err_lms=9.62/16.79/11.41 0.04/0.28/0.31s (000392 0:02:59)
[2020-09-04 16:17:52] [300][23/34] l_rec=17.735 l_lms=1.5526 err_lms=11.72/23.62/14.70 0.03/0.27/0.31s (000393 0:02:59)
[2020-09-04 16:17:53] [300][24/34] l_rec=14.685 l_lms=1.5933 err_lms=13.15/21.15/15.15 0.03/0.27/0.30s (000394 0:03:00)
[2020-09-04 16:17:53] [300][25/34] l_rec=15.637 l_lms=1.5044 err_lms=11.39/20.83/13.75 0.03/0.29/0.32s (000395 0:03:00)
[2020-09-04 16:17:53] [300][26/34] l_rec=17.508 l_lms=1.2961 err_lms=9.54/16.17/11.20 0.03/0.27/0.30s (000396 0:03:00)
[2020-09-04 16:17:54] [300][27/34] l_rec=16.127 l_lms=1.3802 err_lms=10.55/16.97/12.15 0.03/0.27/0.31s (000397 0:03:01)
[2020-09-04 16:17:54] [300][28/34] l_rec=15.755 l_lms=1.4302 err_lms=16.30/21.21/17.53 0.03/0.27/0.31s (000398 0:03:01)
[2020-09-04 16:17:54] [300][29/34] l_rec=20.286 l_lms=2.2509 err_lms=21.77/33.56/24.72 0.03/0.27/0.30s (000399 0:03:01)
[2020-09-04 16:17:55] [300][30/34] l_rec=17.811 l_lms=2.4109 err_lms=31.91/40.11/33.96 0.03/0.27/0.30s (000400 0:03:01)
[2020-09-04 16:17:55] [300][31/34] l_rec=14.738 l_lms=2.3192 err_lms=24.70/35.48/27.39 0.03/0.27/0.30s (000401 0:03:02)
[2020-09-04 16:17:55] [300][32/34] l_rec=15.827 l_lms=2.2604 err_lms=24.83/35.58/27.51 0.03/0.27/0.30s (000402 0:03:02)
[2020-09-04 16:17:55] [300][33/34] l_rec=18.535 l_lms=2.1747 err_lms=20.91/33.51/24.06 0.03/0.27/0.30s (000403 0:03:02)
[2020-09-04 16:17:56] [300][34/34] l_rec=16.345 l_lms=2.4375 err_lms=28.06/44.44/32.16 0.03/0.27/0.31s (000404 0:03:03)
[2020-09-04 16:17:56] [300][35/34] l_rec=17.976 l_lms=2.4434 err_lms=26.85/43.36/30.98 0.03/0.12/0.16s (000405 0:03:03)
[2020-09-04 16:17:56] ----------------------------------------------------------------------------------------------------
[2020-09-04 16:17:56]            l_rec=16.486 l_lms=1.6370 err_lms=13.97/22.86/16.19 	T: 0:00:11
[2020-09-04 16:17:56] 
[2020-09-04 16:17:56] Epoch 301/1000
[2020-09-04 16:17:56] ==========
[2020-09-04 16:17:57] ----------------------------------------------------------------------------------------------------
[2020-09-04 16:17:57]            l_rec=11.825 l_lms=0.0456 err_lms=0.00/0.00/0.00 	T: 0:00:00
[2020-09-04 16:17:57] 
[2020-09-04 16:17:57] Epoch 302/1000
[2020-09-04 16:17:57] ==========
[2020-09-04 16:17:57] ----------------------------------------------------------------------------------------------------
[2020-09-04 16:17:57]            l_rec=11.825 l_lms=0.0420 err_lms=0.00/0.00/0.00 	T: 0:00:00
[2020-09-04 16:17:57] 
[2020-09-04 16:17:57] Epoch 303/1000
[2020-09-04 16:17:57] ==========
[2020-09-04 16:17:57] ----------------------------------------------------------------------------------------------------
[2020-09-04 16:17:57]            l_rec=11.825 l_lms=0.0423 err_lms=0.00/0.00/0.00 	T: 0:00:00
[2020-09-04 16:17:57] 
[2020-09-04 16:17:57] Epoch 304/1000
[2020-09-04 16:17:57] ==========
[2020-09-04 16:17:58] ----------------------------------------------------------------------------------------------------
[2020-09-04 16:17:58]            l_rec=11.825 l_lms=0.0431 err_lms=0.00/0.00/0.00 	T: 0:00:00
[2020-09-04 16:17:58] 
[2020-09-04 16:17:58] Epoch 305/1000
[2020-09-04 16:17:58] ==========
[2020-09-04 16:17:58] ----------------------------------------------------------------------------------------------------
[2020-09-04 16:17:58]            l_rec=11.825 l_lms=0.0402 err_lms=0.00/0.00/0.00 	T: 0:00:00
[2020-09-04 16:17:58] 
[2020-09-04 16:17:58] Epoch 306/1000
[2020-09-04 16:17:58] ==========
[2020-09-04 16:17:59] ----------------------------------------------------------------------------------------------------
[2020-09-04 16:17:59]            l_rec=11.825 l_lms=0.0384 err_lms=0.00/0.00/0.00 	T: 0:00:00
[2020-09-04 16:17:59] 
[2020-09-04 16:17:59] Epoch 307/1000
[2020-09-04 16:17:59] ==========
[2020-09-04 16:17:59] ----------------------------------------------------------------------------------------------------
[2020-09-04 16:17:59]            l_rec=11.825 l_lms=0.0396 err_lms=0.00/0.00/0.00 	T: 0:00:00
[2020-09-04 16:17:59] 
[2020-09-04 16:17:59] Epoch 308/1000
[2020-09-04 16:17:59] ==========
[2020-09-04 16:18:00] ----------------------------------------------------------------------------------------------------
[2020-09-04 16:18:00]            l_rec=11.825 l_lms=0.0384 err_lms=0.00/0.00/0.00 	T: 0:00:00
[2020-09-04 16:18:00] 
[2020-09-04 16:18:00] Epoch 309/1000
[2020-09-04 16:18:00] ==========
[2020-09-04 16:18:00] ----------------------------------------------------------------------------------------------------
[2020-09-04 16:18:00]            l_rec=11.825 l_lms=0.0367 err_lms=0.00/0.00/0.00 	T: 0:00:00
[2020-09-04 16:18:00] 
[2020-09-04 16:18:00] Epoch 310/1000
[2020-09-04 16:18:00] ==========
[2020-09-04 16:18:01] ----------------------------------------------------------------------------------------------------
[2020-09-04 16:18:01]            l_rec=11.825 l_lms=0.0377 err_lms=0.00/0.00/0.00 	T: 0:00:00
[2020-09-04 16:18:01] 
[2020-09-04 16:18:01] Epoch 311/1000
[2020-09-04 16:18:01] ==========
[2020-09-04 16:18:01] ----------------------------------------------------------------------------------------------------
[2020-09-04 16:18:01]            l_rec=11.825 l_lms=0.0366 err_lms=0.00/0.00/0.00 	T: 0:00:00
[2020-09-04 16:18:01] 
[2020-09-04 16:18:01] Epoch 312/1000
[2020-09-04 16:18:01] ==========
[2020-09-04 16:18:02] ----------------------------------------------------------------------------------------------------
[2020-09-04 16:18:02]            l_rec=11.825 l_lms=0.0353 err_lms=0.00/0.00/0.00 	T: 0:00:00
[2020-09-04 16:18:02] 
[2020-09-04 16:18:02] Epoch 313/1000
[2020-09-04 16:18:02] ==========
[2020-09-04 16:18:02] ----------------------------------------------------------------------------------------------------
[2020-09-04 16:18:02]            l_rec=11.825 l_lms=0.0360 err_lms=0.00/0.00/0.00 	T: 0:00:00
[2020-09-04 16:18:02] 
[2020-09-04 16:18:02] Epoch 314/1000
[2020-09-04 16:18:02] ==========
[2020-09-04 16:18:03] ----------------------------------------------------------------------------------------------------
[2020-09-04 16:18:03]            l_rec=11.825 l_lms=0.0350 err_lms=0.00/0.00/0.00 	T: 0:00:00
[2020-09-04 16:18:03] 
[2020-09-04 16:18:03] Epoch 315/1000
[2020-09-04 16:18:03] ==========
[2020-09-04 16:18:03] ----------------------------------------------------------------------------------------------------
[2020-09-04 16:18:03]            l_rec=11.825 l_lms=0.0344 err_lms=0.00/0.00/0.00 	T: 0:00:00
[2020-09-04 16:18:03] 
[2020-09-04 16:18:03] Epoch 316/1000
[2020-09-04 16:18:03] ==========
[2020-09-04 16:18:04] ----------------------------------------------------------------------------------------------------
[2020-09-04 16:18:04]            l_rec=11.825 l_lms=0.0341 err_lms=0.00/0.00/0.00 	T: 0:00:00
[2020-09-04 16:18:04] 
[2020-09-04 16:18:04] Epoch 317/1000
[2020-09-04 16:18:04] ==========
[2020-09-04 16:18:04] ----------------------------------------------------------------------------------------------------
[2020-09-04 16:18:04]            l_rec=11.825 l_lms=0.0334 err_lms=0.00/0.00/0.00 	T: 0:00:00
[2020-09-04 16:18:04] 
[2020-09-04 16:18:04] Epoch 318/1000
[2020-09-04 16:18:04] ==========
[2020-09-04 16:18:05] ----------------------------------------------------------------------------------------------------
[2020-09-04 16:18:05]            l_rec=11.825 l_lms=0.0332 err_lms=0.00/0.00/0.00 	T: 0:00:00
[2020-09-04 16:18:05] 
[2020-09-04 16:18:05] Epoch 319/1000
[2020-09-04 16:18:05] ==========
[2020-09-04 16:18:05] ----------------------------------------------------------------------------------------------------
[2020-09-04 16:18:05]            l_rec=11.825 l_lms=0.0326 err_lms=0.00/0.00/0.00 	T: 0:00:00
[2020-09-04 16:18:05] 
[2020-09-04 16:18:05] Epoch 320/1000
[2020-09-04 16:18:05] ==========
[2020-09-04 16:18:06] ----------------------------------------------------------------------------------------------------
[2020-09-04 16:18:06]            l_rec=11.825 l_lms=0.0323 err_lms=0.00/0.00/0.00 	T: 0:00:00
[2020-09-04 16:18:06] 
[2020-09-04 16:18:06] Epoch 321/1000
[2020-09-04 16:18:06] ==========
[2020-09-04 16:18:06] ----------------------------------------------------------------------------------------------------
[2020-09-04 16:18:06]            l_rec=11.825 l_lms=0.0322 err_lms=0.00/0.00/0.00 	T: 0:00:00
[2020-09-04 16:18:06] 
[2020-09-04 16:18:06] Epoch 322/1000
[2020-09-04 16:18:06] ==========
[2020-09-04 16:18:07] ----------------------------------------------------------------------------------------------------
[2020-09-04 16:18:07]            l_rec=11.825 l_lms=0.0318 err_lms=0.00/0.00/0.00 	T: 0:00:00
[2020-09-04 16:18:07] 
[2020-09-04 16:18:07] Epoch 323/1000
[2020-09-04 16:18:07] ==========
[2020-09-04 16:18:07] ----------------------------------------------------------------------------------------------------
[2020-09-04 16:18:07]            l_rec=11.825 l_lms=0.0313 err_lms=0.00/0.00/0.00 	T: 0:00:00
[2020-09-04 16:18:07] 
[2020-09-04 16:18:07] Epoch 324/1000
[2020-09-04 16:18:07] ==========
[2020-09-04 16:18:08] ----------------------------------------------------------------------------------------------------
[2020-09-04 16:18:08]            l_rec=11.825 l_lms=0.0313 err_lms=0.00/0.00/0.00 	T: 0:00:00
[2020-09-04 16:18:08] 
[2020-09-04 16:18:08] Epoch 325/1000
[2020-09-04 16:18:08] ==========
[2020-09-04 16:18:08] ----------------------------------------------------------------------------------------------------
[2020-09-04 16:18:08]            l_rec=11.825 l_lms=0.0310 err_lms=0.00/0.00/0.00 	T: 0:00:00
[2020-09-04 16:18:08] 
[2020-09-04 16:18:08] Epoch 326/1000
[2020-09-04 16:18:08] ==========
[2020-09-04 16:18:09] ----------------------------------------------------------------------------------------------------
[2020-09-04 16:18:09]            l_rec=11.825 l_lms=0.0304 err_lms=0.00/0.00/0.00 	T: 0:00:00
[2020-09-04 16:18:09] 
[2020-09-04 16:18:09] Epoch 327/1000
[2020-09-04 16:18:09] ==========
[2020-09-04 16:18:09] ----------------------------------------------------------------------------------------------------
[2020-09-04 16:18:09]            l_rec=11.825 l_lms=0.0304 err_lms=0.00/0.00/0.00 	T: 0:00:00
[2020-09-04 16:18:09] 
[2020-09-04 16:18:09] Epoch 328/1000
[2020-09-04 16:18:09] ==========
[2020-09-04 16:18:10] ----------------------------------------------------------------------------------------------------
[2020-09-04 16:18:10]            l_rec=11.825 l_lms=0.0303 err_lms=0.00/0.00/0.00 	T: 0:00:00
[2020-09-04 16:18:10] 
[2020-09-04 16:18:10] Epoch 329/1000
[2020-09-04 16:18:10] ==========
[2020-09-04 16:18:10] ----------------------------------------------------------------------------------------------------
[2020-09-04 16:18:10]            l_rec=11.825 l_lms=0.0299 err_lms=0.00/0.00/0.00 	T: 0:00:00
[2020-09-04 16:18:10] 
[2020-09-04 16:18:10] Epoch 330/1000
[2020-09-04 16:18:10] ==========
[2020-09-04 16:18:11] ----------------------------------------------------------------------------------------------------
[2020-09-04 16:18:11]            l_rec=11.825 l_lms=0.0298 err_lms=0.00/0.00/0.00 	T: 0:00:00
[2020-09-04 16:18:11] 
[2020-09-04 16:18:11] Epoch 331/1000
[2020-09-04 16:18:11] ==========
[2020-09-04 16:18:11] ----------------------------------------------------------------------------------------------------
[2020-09-04 16:18:11]            l_rec=11.825 l_lms=0.0296 err_lms=0.00/0.00/0.00 	T: 0:00:00
[2020-09-04 16:18:11] 
[2020-09-04 16:18:11] Epoch 332/1000
[2020-09-04 16:18:11] ==========
[2020-09-04 16:18:12] ----------------------------------------------------------------------------------------------------
[2020-09-04 16:18:12]            l_rec=11.825 l_lms=0.0295 err_lms=0.00/0.00/0.00 	T: 0:00:00
[2020-09-04 16:18:12] 
[2020-09-04 16:18:12] Epoch 333/1000
[2020-09-04 16:18:12] ==========
[2020-09-04 16:18:12] ----------------------------------------------------------------------------------------------------
[2020-09-04 16:18:12]            l_rec=11.825 l_lms=0.0294 err_lms=0.00/0.00/0.00 	T: 0:00:00
[2020-09-04 16:18:12] 
[2020-09-04 16:18:12] Epoch 334/1000
[2020-09-04 16:18:12] ==========
[2020-09-04 16:18:13] ----------------------------------------------------------------------------------------------------
[2020-09-04 16:18:13]            l_rec=11.825 l_lms=0.0294 err_lms=0.00/0.00/0.00 	T: 0:00:00
[2020-09-04 16:18:13] 
[2020-09-04 16:18:13] Epoch 335/1000
[2020-09-04 16:18:13] ==========
[2020-09-04 16:18:13] ----------------------------------------------------------------------------------------------------
[2020-09-04 16:18:13]            l_rec=11.825 l_lms=0.0296 err_lms=0.00/0.00/0.00 	T: 0:00:00
[2020-09-04 16:18:13] 
[2020-09-04 16:18:13] Epoch 336/1000
[2020-09-04 16:18:13] ==========
[2020-09-04 16:18:14] ----------------------------------------------------------------------------------------------------
[2020-09-04 16:18:14]            l_rec=11.825 l_lms=0.0299 err_lms=0.00/0.00/0.00 	T: 0:00:00
[2020-09-04 16:18:14] 
[2020-09-04 16:18:14] Epoch 337/1000
[2020-09-04 16:18:14] ==========
[2020-09-04 16:18:14] ----------------------------------------------------------------------------------------------------
[2020-09-04 16:18:14]            l_rec=11.825 l_lms=0.0303 err_lms=0.00/0.00/0.00 	T: 0:00:00
[2020-09-04 16:18:14] 
[2020-09-04 16:18:14] Epoch 338/1000
[2020-09-04 16:18:14] ==========
[2020-09-04 16:18:14] ----------------------------------------------------------------------------------------------------
[2020-09-04 16:18:14]            l_rec=11.825 l_lms=0.0313 err_lms=0.00/0.00/0.00 	T: 0:00:00
[2020-09-04 16:18:14] 
[2020-09-04 16:18:14] Epoch 339/1000
[2020-09-04 16:18:14] ==========
[2020-09-04 16:18:15] ----------------------------------------------------------------------------------------------------
[2020-09-04 16:18:15]            l_rec=11.825 l_lms=0.0321 err_lms=0.00/0.00/0.00 	T: 0:00:00
[2020-09-04 16:18:15] 
[2020-09-04 16:18:15] Epoch 340/1000
[2020-09-04 16:18:15] ==========
[2020-09-04 16:18:15] ----------------------------------------------------------------------------------------------------
[2020-09-04 16:18:15]            l_rec=11.825 l_lms=0.0332 err_lms=0.00/0.00/0.00 	T: 0:00:00
[2020-09-04 16:18:15] 
[2020-09-04 16:18:15] Epoch 341/1000
[2020-09-04 16:18:15] ==========
[2020-09-04 16:18:16] ----------------------------------------------------------------------------------------------------
[2020-09-04 16:18:16]            l_rec=11.825 l_lms=0.0331 err_lms=0.00/0.00/0.00 	T: 0:00:00
[2020-09-04 16:18:16] 
[2020-09-04 16:18:16] Epoch 342/1000
[2020-09-04 16:18:16] ==========
[2020-09-04 16:18:16] ----------------------------------------------------------------------------------------------------
[2020-09-04 16:18:16]            l_rec=11.825 l_lms=0.0324 err_lms=0.00/0.00/0.00 	T: 0:00:00
[2020-09-04 16:18:16] 
[2020-09-04 16:18:16] Epoch 343/1000
[2020-09-04 16:18:16] ==========
[2020-09-04 16:18:17] ----------------------------------------------------------------------------------------------------
[2020-09-04 16:18:17]            l_rec=11.825 l_lms=0.0299 err_lms=0.00/0.00/0.00 	T: 0:00:00
[2020-09-04 16:18:17] 
[2020-09-04 16:18:17] Epoch 344/1000
[2020-09-04 16:18:17] ==========
[2020-09-04 16:18:17] ----------------------------------------------------------------------------------------------------
[2020-09-04 16:18:17]            l_rec=11.825 l_lms=0.0277 err_lms=0.00/0.00/0.00 	T: 0:00:00
[2020-09-04 16:18:17] 
[2020-09-04 16:18:17] Epoch 345/1000
[2020-09-04 16:18:17] ==========
[2020-09-04 16:18:18] ----------------------------------------------------------------------------------------------------
[2020-09-04 16:18:18]            l_rec=11.825 l_lms=0.0268 err_lms=0.00/0.00/0.00 	T: 0:00:00
[2020-09-04 16:18:18] 
[2020-09-04 16:18:18] Epoch 346/1000
[2020-09-04 16:18:18] ==========
[2020-09-04 16:18:18] ----------------------------------------------------------------------------------------------------
[2020-09-04 16:18:18]            l_rec=11.825 l_lms=0.0275 err_lms=0.00/0.00/0.00 	T: 0:00:00
[2020-09-04 16:18:18] 
[2020-09-04 16:18:18] Epoch 347/1000
[2020-09-04 16:18:18] ==========
[2020-09-04 16:18:19] ----------------------------------------------------------------------------------------------------
[2020-09-04 16:18:19]            l_rec=11.825 l_lms=0.0286 err_lms=0.00/0.00/0.00 	T: 0:00:00
[2020-09-04 16:18:19] 
[2020-09-04 16:18:19] Epoch 348/1000
[2020-09-04 16:18:19] ==========
[2020-09-04 16:18:19] ----------------------------------------------------------------------------------------------------
[2020-09-04 16:18:19]            l_rec=11.825 l_lms=0.0287 err_lms=0.00/0.00/0.00 	T: 0:00:00
[2020-09-04 16:18:19] 
[2020-09-04 16:18:19] Epoch 349/1000
[2020-09-04 16:18:19] ==========
[2020-09-04 16:18:20] ----------------------------------------------------------------------------------------------------
[2020-09-04 16:18:20]            l_rec=11.825 l_lms=0.0278 err_lms=0.00/0.00/0.00 	T: 0:00:00
[2020-09-04 16:18:20] 
[2020-09-04 16:18:20] Epoch 350/1000
[2020-09-04 16:18:20] ==========
[2020-09-04 16:18:20] ----------------------------------------------------------------------------------------------------
[2020-09-04 16:18:20]            l_rec=11.825 l_lms=0.0264 err_lms=0.00/0.00/0.00 	T: 0:00:00
[2020-09-04 16:18:20] 
[2020-09-04 16:18:20] Epoch 351/1000
[2020-09-04 16:18:20] ==========
[2020-09-04 16:18:21] ----------------------------------------------------------------------------------------------------
[2020-09-04 16:18:21]            l_rec=11.825 l_lms=0.0259 err_lms=0.00/0.00/0.00 	T: 0:00:00
[2020-09-04 16:18:21] 
[2020-09-04 16:18:21] Epoch 352/1000
[2020-09-04 16:18:21] ==========
[2020-09-04 16:18:21] ----------------------------------------------------------------------------------------------------
[2020-09-04 16:18:21]            l_rec=11.825 l_lms=0.0262 err_lms=0.00/0.00/0.00 	T: 0:00:00
[2020-09-04 16:18:21] 
[2020-09-04 16:18:21] Epoch 353/1000
[2020-09-04 16:18:21] ==========
[2020-09-04 16:18:22] ----------------------------------------------------------------------------------------------------
[2020-09-04 16:18:22]            l_rec=11.825 l_lms=0.0266 err_lms=0.00/0.00/0.00 	T: 0:00:00
[2020-09-04 16:18:22] 
[2020-09-04 16:18:22] Epoch 354/1000
[2020-09-04 16:18:22] ==========
[2020-09-04 16:18:22] ----------------------------------------------------------------------------------------------------
[2020-09-04 16:18:22]            l_rec=11.825 l_lms=0.0264 err_lms=0.00/0.00/0.00 	T: 0:00:00
[2020-09-04 16:18:22] 
[2020-09-04 16:18:22] Epoch 355/1000
[2020-09-04 16:18:22] ==========
[2020-09-04 16:18:23] ----------------------------------------------------------------------------------------------------
[2020-09-04 16:18:23]            l_rec=11.825 l_lms=0.0255 err_lms=0.00/0.00/0.00 	T: 0:00:00
[2020-09-04 16:18:23] 
[2020-09-04 16:18:23] Epoch 356/1000
[2020-09-04 16:18:23] ==========
[2020-09-04 16:18:23] ----------------------------------------------------------------------------------------------------
[2020-09-04 16:18:23]            l_rec=11.825 l_lms=0.0249 err_lms=0.00/0.00/0.00 	T: 0:00:00
[2020-09-04 16:18:23] 
[2020-09-04 16:18:23] Epoch 357/1000
[2020-09-04 16:18:23] ==========
[2020-09-04 16:18:24] ----------------------------------------------------------------------------------------------------
[2020-09-04 16:18:24]            l_rec=11.825 l_lms=0.0248 err_lms=0.00/0.00/0.00 	T: 0:00:00
[2020-09-04 16:18:24] 
[2020-09-04 16:18:24] Epoch 358/1000
[2020-09-04 16:18:24] ==========
[2020-09-04 16:18:24] ----------------------------------------------------------------------------------------------------
[2020-09-04 16:18:24]            l_rec=11.825 l_lms=0.0250 err_lms=0.00/0.00/0.00 	T: 0:00:00
[2020-09-04 16:18:24] 
[2020-09-04 16:18:24] Epoch 359/1000
[2020-09-04 16:18:24] ==========
[2020-09-04 16:18:25] ----------------------------------------------------------------------------------------------------
[2020-09-04 16:18:25]            l_rec=11.825 l_lms=0.0252 err_lms=0.00/0.00/0.00 	T: 0:00:00
[2020-09-04 16:18:25] 
[2020-09-04 16:18:25] Epoch 360/1000
[2020-09-04 16:18:25] ==========
[2020-09-04 16:18:25] ----------------------------------------------------------------------------------------------------
[2020-09-04 16:18:25]            l_rec=11.825 l_lms=0.0248 err_lms=0.00/0.00/0.00 	T: 0:00:00
[2020-09-04 16:18:25] 
[2020-09-04 16:18:25] Epoch 361/1000
[2020-09-04 16:18:25] ==========
[2020-09-04 16:18:26] ----------------------------------------------------------------------------------------------------
[2020-09-04 16:18:26]            l_rec=11.825 l_lms=0.0243 err_lms=0.00/0.00/0.00 	T: 0:00:00
[2020-09-04 16:18:26] 
[2020-09-04 16:18:26] Epoch 362/1000
[2020-09-04 16:18:26] ==========
[2020-09-04 16:18:26] ----------------------------------------------------------------------------------------------------
[2020-09-04 16:18:26]            l_rec=11.825 l_lms=0.0240 err_lms=0.00/0.00/0.00 	T: 0:00:00
[2020-09-04 16:18:26] 
[2020-09-04 16:18:26] Epoch 363/1000
[2020-09-04 16:18:26] ==========
[2020-09-04 16:18:27] ----------------------------------------------------------------------------------------------------
[2020-09-04 16:18:27]            l_rec=11.825 l_lms=0.0240 err_lms=0.00/0.00/0.00 	T: 0:00:00
[2020-09-04 16:18:27] 
[2020-09-04 16:18:27] Epoch 364/1000
[2020-09-04 16:18:27] ==========
[2020-09-04 16:18:27] ----------------------------------------------------------------------------------------------------
[2020-09-04 16:18:27]            l_rec=11.825 l_lms=0.0241 err_lms=0.00/0.00/0.00 	T: 0:00:00
[2020-09-04 16:18:27] 
[2020-09-04 16:18:27] Epoch 365/1000
[2020-09-04 16:18:27] ==========
[2020-09-04 16:18:28] ----------------------------------------------------------------------------------------------------
[2020-09-04 16:18:28]            l_rec=11.825 l_lms=0.0241 err_lms=0.00/0.00/0.00 	T: 0:00:00
[2020-09-04 16:18:28] 
[2020-09-04 16:18:28] Epoch 366/1000
[2020-09-04 16:18:28] ==========
[2020-09-04 16:18:28] ----------------------------------------------------------------------------------------------------
[2020-09-04 16:18:28]            l_rec=11.825 l_lms=0.0239 err_lms=0.00/0.00/0.00 	T: 0:00:00
[2020-09-04 16:18:28] 
[2020-09-04 16:18:28] Epoch 367/1000
[2020-09-04 16:18:28] ==========
[2020-09-04 16:18:28] ----------------------------------------------------------------------------------------------------
[2020-09-04 16:18:28]            l_rec=11.825 l_lms=0.0236 err_lms=0.00/0.00/0.00 	T: 0:00:00
[2020-09-04 16:18:28] 
[2020-09-04 16:18:28] Epoch 368/1000
[2020-09-04 16:18:28] ==========
[2020-09-04 16:18:29] ----------------------------------------------------------------------------------------------------
[2020-09-04 16:18:29]            l_rec=11.825 l_lms=0.0235 err_lms=0.00/0.00/0.00 	T: 0:00:00
[2020-09-04 16:18:29] 
[2020-09-04 16:18:29] Epoch 369/1000
[2020-09-04 16:18:29] ==========
[2020-09-04 16:18:29] ----------------------------------------------------------------------------------------------------
[2020-09-04 16:18:29]            l_rec=11.825 l_lms=0.0237 err_lms=0.00/0.00/0.00 	T: 0:00:00
[2020-09-04 16:18:29] 
[2020-09-04 16:18:29] Epoch 370/1000
[2020-09-04 16:18:29] ==========
[2020-09-04 16:18:30] ----------------------------------------------------------------------------------------------------
[2020-09-04 16:18:30]            l_rec=11.825 l_lms=0.0241 err_lms=0.00/0.00/0.00 	T: 0:00:00
[2020-09-04 16:18:30] 
[2020-09-04 16:18:30] Epoch 371/1000
[2020-09-04 16:18:30] ==========
[2020-09-04 16:18:30] ----------------------------------------------------------------------------------------------------
[2020-09-04 16:18:30]            l_rec=11.825 l_lms=0.0248 err_lms=0.00/0.00/0.00 	T: 0:00:00
[2020-09-04 16:18:30] 
[2020-09-04 16:18:30] Epoch 372/1000
[2020-09-04 16:18:30] ==========
[2020-09-04 16:18:31] ----------------------------------------------------------------------------------------------------
[2020-09-04 16:18:31]            l_rec=11.825 l_lms=0.0261 err_lms=0.00/0.00/0.00 	T: 0:00:00
[2020-09-04 16:18:31] 
[2020-09-04 16:18:31] Epoch 373/1000
[2020-09-04 16:18:31] ==========
[2020-09-04 16:18:31] ----------------------------------------------------------------------------------------------------
[2020-09-04 16:18:31]            l_rec=11.825 l_lms=0.0278 err_lms=0.00/0.00/0.00 	T: 0:00:00
[2020-09-04 16:18:31] 
[2020-09-04 16:18:31] Epoch 374/1000
[2020-09-04 16:18:31] ==========
[2020-09-04 16:18:32] ----------------------------------------------------------------------------------------------------
[2020-09-04 16:18:32]            l_rec=11.825 l_lms=0.0311 err_lms=0.00/0.00/0.00 	T: 0:00:00
[2020-09-04 16:18:32] 
[2020-09-04 16:18:32] Epoch 375/1000
[2020-09-04 16:18:32] ==========
[2020-09-04 16:18:32] ----------------------------------------------------------------------------------------------------
[2020-09-04 16:18:32]            l_rec=11.825 l_lms=0.0332 err_lms=0.00/0.00/0.00 	T: 0:00:00
[2020-09-04 16:18:32] 
[2020-09-04 16:18:32] Epoch 376/1000
[2020-09-04 16:18:32] ==========
[2020-09-04 16:18:33] ----------------------------------------------------------------------------------------------------
[2020-09-04 16:18:33]            l_rec=11.825 l_lms=0.0354 err_lms=0.00/0.00/0.00 	T: 0:00:00
[2020-09-04 16:18:33] 
[2020-09-04 16:18:33] Epoch 377/1000
[2020-09-04 16:18:33] ==========
[2020-09-04 16:18:33] ----------------------------------------------------------------------------------------------------
[2020-09-04 16:18:33]            l_rec=11.825 l_lms=0.0301 err_lms=0.00/0.00/0.00 	T: 0:00:00
[2020-09-04 16:18:33] 
[2020-09-04 16:18:33] Epoch 378/1000
[2020-09-04 16:18:33] ==========
[2020-09-04 16:18:34] ----------------------------------------------------------------------------------------------------
[2020-09-04 16:18:34]            l_rec=11.825 l_lms=0.0247 err_lms=0.00/0.00/0.00 	T: 0:00:00
[2020-09-04 16:18:34] 
[2020-09-04 16:18:34] Epoch 379/1000
[2020-09-04 16:18:34] ==========
[2020-09-04 16:18:34] ----------------------------------------------------------------------------------------------------
[2020-09-04 16:18:34]            l_rec=11.825 l_lms=0.0232 err_lms=0.00/0.00/0.00 	T: 0:00:00
[2020-09-04 16:18:34] 
[2020-09-04 16:18:34] Epoch 380/1000
[2020-09-04 16:18:34] ==========
[2020-09-04 16:18:35] ----------------------------------------------------------------------------------------------------
[2020-09-04 16:18:35]            l_rec=11.825 l_lms=0.0261 err_lms=0.00/0.00/0.00 	T: 0:00:00
[2020-09-04 16:18:35] 
[2020-09-04 16:18:35] Epoch 381/1000
[2020-09-04 16:18:35] ==========
[2020-09-04 16:18:35] ----------------------------------------------------------------------------------------------------
[2020-09-04 16:18:35]            l_rec=11.825 l_lms=0.0279 err_lms=0.00/0.00/0.00 	T: 0:00:00
[2020-09-04 16:18:35] 
[2020-09-04 16:18:35] Epoch 382/1000
[2020-09-04 16:18:35] ==========
[2020-09-04 16:18:36] ----------------------------------------------------------------------------------------------------
[2020-09-04 16:18:36]            l_rec=11.825 l_lms=0.0248 err_lms=0.00/0.00/0.00 	T: 0:00:00
[2020-09-04 16:18:36] 
[2020-09-04 16:18:36] Epoch 383/1000
[2020-09-04 16:18:36] ==========
[2020-09-04 16:18:36] ----------------------------------------------------------------------------------------------------
[2020-09-04 16:18:36]            l_rec=11.825 l_lms=0.0227 err_lms=0.00/0.00/0.00 	T: 0:00:00
[2020-09-04 16:18:36] 
[2020-09-04 16:18:36] Epoch 384/1000
[2020-09-04 16:18:36] ==========
[2020-09-04 16:18:37] ----------------------------------------------------------------------------------------------------
[2020-09-04 16:18:37]            l_rec=11.825 l_lms=0.0238 err_lms=0.00/0.00/0.00 	T: 0:00:00
[2020-09-04 16:18:37] 
[2020-09-04 16:18:37] Epoch 385/1000
[2020-09-04 16:18:37] ==========
[2020-09-04 16:18:37] ----------------------------------------------------------------------------------------------------
[2020-09-04 16:18:37]            l_rec=11.825 l_lms=0.0246 err_lms=0.00/0.00/0.00 	T: 0:00:00
[2020-09-04 16:18:37] 
[2020-09-04 16:18:37] Epoch 386/1000
[2020-09-04 16:18:37] ==========
[2020-09-04 16:18:37] ----------------------------------------------------------------------------------------------------
[2020-09-04 16:18:37]            l_rec=11.825 l_lms=0.0235 err_lms=0.00/0.00/0.00 	T: 0:00:00
[2020-09-04 16:18:37] 
[2020-09-04 16:18:37] Epoch 387/1000
[2020-09-04 16:18:37] ==========
[2020-09-04 16:18:38] ----------------------------------------------------------------------------------------------------
[2020-09-04 16:18:38]            l_rec=11.825 l_lms=0.0223 err_lms=0.00/0.00/0.00 	T: 0:00:00
[2020-09-04 16:18:38] 
[2020-09-04 16:18:38] Epoch 388/1000
[2020-09-04 16:18:38] ==========
[2020-09-04 16:18:38] ----------------------------------------------------------------------------------------------------
[2020-09-04 16:18:38]            l_rec=11.825 l_lms=0.0226 err_lms=0.00/0.00/0.00 	T: 0:00:00
[2020-09-04 16:18:38] 
[2020-09-04 16:18:38] Epoch 389/1000
[2020-09-04 16:18:38] ==========
[2020-09-04 16:18:39] ----------------------------------------------------------------------------------------------------
[2020-09-04 16:18:39]            l_rec=11.825 l_lms=0.0231 err_lms=0.00/0.00/0.00 	T: 0:00:00
[2020-09-04 16:18:39] 
[2020-09-04 16:18:39] Epoch 390/1000
[2020-09-04 16:18:39] ==========
[2020-09-04 16:18:39] ----------------------------------------------------------------------------------------------------
[2020-09-04 16:18:39]            l_rec=11.825 l_lms=0.0224 err_lms=0.00/0.00/0.00 	T: 0:00:00
[2020-09-04 16:18:39] 
[2020-09-04 16:18:39] Epoch 391/1000
[2020-09-04 16:18:39] ==========
[2020-09-04 16:18:40] ----------------------------------------------------------------------------------------------------
[2020-09-04 16:18:40]            l_rec=11.825 l_lms=0.0216 err_lms=0.00/0.00/0.00 	T: 0:00:00
[2020-09-04 16:18:40] 
[2020-09-04 16:18:40] Epoch 392/1000
[2020-09-04 16:18:40] ==========
[2020-09-04 16:18:40] ----------------------------------------------------------------------------------------------------
[2020-09-04 16:18:40]            l_rec=11.825 l_lms=0.0216 err_lms=0.00/0.00/0.00 	T: 0:00:00
[2020-09-04 16:18:40] 
[2020-09-04 16:18:40] Epoch 393/1000
[2020-09-04 16:18:40] ==========
[2020-09-04 16:18:41] ----------------------------------------------------------------------------------------------------
[2020-09-04 16:18:41]            l_rec=11.825 l_lms=0.0219 err_lms=0.00/0.00/0.00 	T: 0:00:00
[2020-09-04 16:18:41] 
[2020-09-04 16:18:41] Epoch 394/1000
[2020-09-04 16:18:41] ==========
[2020-09-04 16:18:41] ----------------------------------------------------------------------------------------------------
[2020-09-04 16:18:41]            l_rec=11.825 l_lms=0.0216 err_lms=0.00/0.00/0.00 	T: 0:00:00
[2020-09-04 16:18:41] 
[2020-09-04 16:18:41] Epoch 395/1000
[2020-09-04 16:18:41] ==========
[2020-09-04 16:18:42] ----------------------------------------------------------------------------------------------------
[2020-09-04 16:18:42]            l_rec=11.825 l_lms=0.0209 err_lms=0.00/0.00/0.00 	T: 0:00:00
[2020-09-04 16:18:42] 
[2020-09-04 16:18:42] Epoch 396/1000
[2020-09-04 16:18:42] ==========
[2020-09-04 16:18:42] ----------------------------------------------------------------------------------------------------
[2020-09-04 16:18:42]            l_rec=11.825 l_lms=0.0209 err_lms=0.00/0.00/0.00 	T: 0:00:00
[2020-09-04 16:18:42] 
[2020-09-04 16:18:42] Epoch 397/1000
[2020-09-04 16:18:42] ==========
[2020-09-04 16:18:43] ----------------------------------------------------------------------------------------------------
[2020-09-04 16:18:43]            l_rec=11.825 l_lms=0.0212 err_lms=0.00/0.00/0.00 	T: 0:00:00
[2020-09-04 16:18:43] 
[2020-09-04 16:18:43] Epoch 398/1000
[2020-09-04 16:18:43] ==========
[2020-09-04 16:18:43] ----------------------------------------------------------------------------------------------------
[2020-09-04 16:18:43]            l_rec=11.825 l_lms=0.0210 err_lms=0.00/0.00/0.00 	T: 0:00:00
[2020-09-04 16:18:43] 
[2020-09-04 16:18:43] Epoch 399/1000
[2020-09-04 16:18:43] ==========
[2020-09-04 16:18:44] ----------------------------------------------------------------------------------------------------
[2020-09-04 16:18:44]            l_rec=11.825 l_lms=0.0204 err_lms=0.00/0.00/0.00 	T: 0:00:00
[2020-09-04 16:18:44] 
[2020-09-04 16:18:44] Epoch 400/1000
[2020-09-04 16:18:44] ==========
[2020-09-04 16:18:44] ----------------------------------------------------------------------------------------------------
[2020-09-04 16:18:44]            l_rec=11.825 l_lms=0.0203 err_lms=0.00/0.00/0.00 	T: 0:00:00
[2020-09-04 16:18:44] 
[2020-09-04 16:18:44] Evaluating 'test'...
[2020-09-04 16:18:45] [400][1/34] l_rec=17.692 l_lms=1.5666 err_lms=11.30/19.12/13.26 0.77/0.29/1.05s (000506 0:03:52)
[2020-09-04 16:18:46] [400][2/34] l_rec=18.864 l_lms=1.5850 err_lms=10.46/20.07/12.86 0.04/0.27/0.32s (000507 0:03:52)
[2020-09-04 16:18:46] [400][3/34] l_rec=18.910 l_lms=1.6344 err_lms=12.45/21.44/14.70 0.03/0.29/0.32s (000508 0:03:53)
[2020-09-04 16:18:46] [400][4/34] l_rec=17.424 l_lms=1.4925 err_lms=10.52/19.76/12.83 0.04/0.29/0.33s (000509 0:03:53)
[2020-09-04 16:18:47] [400][5/34] l_rec=14.632 l_lms=1.4490 err_lms=10.73/19.99/13.04 0.04/0.27/0.31s (000510 0:03:53)
[2020-09-04 16:18:47] [400][6/34] l_rec=15.156 l_lms=1.6876 err_lms=11.05/23.13/14.07 0.03/0.28/0.31s (000511 0:03:54)
[2020-09-04 16:18:47] [400][7/34] l_rec=15.814 l_lms=1.4359 err_lms=9.98/18.10/12.01 0.05/0.27/0.32s (000512 0:03:54)
[2020-09-04 16:18:47] [400][8/34] l_rec=17.165 l_lms=1.4883 err_lms=12.23/17.18/13.46 0.03/0.27/0.31s (000513 0:03:54)
[2020-09-04 16:18:48] [400][9/34] l_rec=17.000 l_lms=1.4957 err_lms=15.51/20.26/16.70 0.03/0.27/0.31s (000514 0:03:55)
[2020-09-04 16:18:48] [400][10/34] l_rec=16.566 l_lms=1.4958 err_lms=10.37/19.79/12.73 0.03/0.27/0.31s (000515 0:03:55)
[2020-09-04 16:18:48] [400][11/34] l_rec=15.644 l_lms=1.5636 err_lms=11.42/21.98/14.06 0.03/0.27/0.31s (000516 0:03:55)
[2020-09-04 16:18:49] [400][12/34] l_rec=18.277 l_lms=1.5575 err_lms=10.77/19.54/12.96 0.03/0.27/0.31s (000517 0:03:56)
[2020-09-04 16:18:49] [400][13/34] l_rec=13.183 l_lms=1.4905 err_lms=13.10/17.44/14.18 0.03/0.27/0.31s (000518 0:03:56)
[2020-09-04 16:18:49] [400][14/34] l_rec=13.438 l_lms=1.2612 err_lms=9.95/16.49/11.58 0.03/0.27/0.31s (000519 0:03:56)
[2020-09-04 16:18:50] [400][15/34] l_rec=14.831 l_lms=1.4827 err_lms=10.64/20.13/13.01 0.03/0.27/0.31s (000520 0:03:56)
[2020-09-04 16:18:50] [400][16/34] l_rec=18.122 l_lms=1.6548 err_lms=12.52/21.47/14.76 0.03/0.27/0.31s (000521 0:03:57)
[2020-09-04 16:18:50] [400][17/34] l_rec=16.159 l_lms=1.3913 err_lms=9.63/18.71/11.90 0.03/0.27/0.31s (000522 0:03:57)
[2020-09-04 16:18:51] [400][18/34] l_rec=15.427 l_lms=1.3448 err_lms=10.38/15.98/11.78 0.03/0.28/0.31s (000523 0:03:57)
[2020-09-04 16:18:51] [400][19/34] l_rec=16.121 l_lms=1.4679 err_lms=10.86/20.56/13.29 0.03/0.27/0.31s (000524 0:03:58)
[2020-09-04 16:18:51] [400][20/34] l_rec=16.219 l_lms=1.3600 err_lms=10.27/20.24/12.76 0.03/0.27/0.31s (000525 0:03:58)
[2020-09-04 16:18:51] [400][21/34] l_rec=14.441 l_lms=1.3549 err_lms=10.80/16.00/12.10 0.03/0.27/0.31s (000526 0:03:58)
[2020-09-04 16:18:52] [400][22/34] l_rec=16.949 l_lms=1.3078 err_lms=9.69/17.98/11.76 0.03/0.27/0.31s (000527 0:03:59)
[2020-09-04 16:18:52] [400][23/34] l_rec=17.735 l_lms=1.5686 err_lms=11.86/24.00/14.89 0.03/0.27/0.31s (000528 0:03:59)
[2020-09-04 16:18:52] [400][24/34] l_rec=14.685 l_lms=1.6096 err_lms=13.17/21.56/15.27 0.03/0.27/0.31s (000529 0:03:59)
[2020-09-04 16:18:53] [400][25/34] l_rec=15.637 l_lms=1.5233 err_lms=11.40/20.91/13.78 0.03/0.27/0.31s (000530 0:04:00)
[2020-09-04 16:18:53] [400][26/34] l_rec=17.508 l_lms=1.3124 err_lms=9.60/16.27/11.27 0.03/0.27/0.30s (000531 0:04:00)
[2020-09-04 16:18:53] [400][27/34] l_rec=16.127 l_lms=1.3975 err_lms=10.62/15.95/11.96 0.03/0.27/0.30s (000532 0:04:00)
[2020-09-04 16:18:54] [400][28/34] l_rec=15.755 l_lms=1.4421 err_lms=15.89/20.59/17.07 0.03/0.27/0.30s (000533 0:04:00)
[2020-09-04 16:18:54] [400][29/34] l_rec=20.286 l_lms=2.2604 err_lms=21.76/33.35/24.66 0.03/0.27/0.30s (000534 0:04:01)
[2020-09-04 16:18:54] [400][30/34] l_rec=17.811 l_lms=2.4144 err_lms=31.74/38.59/33.45 0.03/0.27/0.30s (000535 0:04:01)
[2020-09-04 16:18:55] [400][31/34] l_rec=14.738 l_lms=2.3251 err_lms=24.85/35.43/27.50 0.03/0.27/0.30s (000536 0:04:01)
[2020-09-04 16:18:55] [400][32/34] l_rec=15.827 l_lms=2.2688 err_lms=24.40/36.68/27.47 0.03/0.27/0.30s (000537 0:04:02)
[2020-09-04 16:18:55] [400][33/34] l_rec=18.535 l_lms=2.1878 err_lms=21.09/34.20/24.36 0.04/0.27/0.31s (000538 0:04:02)
[2020-09-04 16:18:55] [400][34/34] l_rec=16.345 l_lms=2.4453 err_lms=28.26/43.71/32.12 0.03/0.27/0.31s (000539 0:04:02)
[2020-09-04 16:18:56] [400][35/34] l_rec=17.976 l_lms=2.4509 err_lms=27.20/44.25/31.46 0.03/0.13/0.16s (000540 0:04:02)
[2020-09-04 16:18:56] ----------------------------------------------------------------------------------------------------
[2020-09-04 16:18:56]            l_rec=16.486 l_lms=1.6507 err_lms=13.98/22.83/16.19 	T: 0:00:11
[2020-09-04 16:18:56] 
[2020-09-04 16:18:56] Epoch 401/1000
[2020-09-04 16:18:56] ==========
[2020-09-04 16:18:56] ----------------------------------------------------------------------------------------------------
[2020-09-04 16:18:56]            l_rec=11.825 l_lms=0.0206 err_lms=0.00/0.00/0.00 	T: 0:00:00
[2020-09-04 16:18:56] 
[2020-09-04 16:18:56] Epoch 402/1000
[2020-09-04 16:18:56] ==========
[2020-09-04 16:18:57] ----------------------------------------------------------------------------------------------------
[2020-09-04 16:18:57]            l_rec=11.825 l_lms=0.0203 err_lms=0.00/0.00/0.00 	T: 0:00:00
[2020-09-04 16:18:57] 
[2020-09-04 16:18:57] Epoch 403/1000
[2020-09-04 16:18:57] ==========
[2020-09-04 16:18:57] ----------------------------------------------------------------------------------------------------
[2020-09-04 16:18:57]            l_rec=11.825 l_lms=0.0198 err_lms=0.00/0.00/0.00 	T: 0:00:00
[2020-09-04 16:18:57] 
[2020-09-04 16:18:57] Epoch 404/1000
[2020-09-04 16:18:57] ==========
[2020-09-04 16:18:58] ----------------------------------------------------------------------------------------------------
[2020-09-04 16:18:58]            l_rec=11.825 l_lms=0.0198 err_lms=0.00/0.00/0.00 	T: 0:00:00
[2020-09-04 16:18:58] 
[2020-09-04 16:18:58] Epoch 405/1000
[2020-09-04 16:18:58] ==========
[2020-09-04 16:18:58] ----------------------------------------------------------------------------------------------------
[2020-09-04 16:18:58]            l_rec=11.825 l_lms=0.0200 err_lms=0.00/0.00/0.00 	T: 0:00:00
[2020-09-04 16:18:58] 
[2020-09-04 16:18:58] Epoch 406/1000
[2020-09-04 16:18:58] ==========
[2020-09-04 16:18:59] ----------------------------------------------------------------------------------------------------
[2020-09-04 16:18:59]            l_rec=11.825 l_lms=0.0198 err_lms=0.00/0.00/0.00 	T: 0:00:00
[2020-09-04 16:18:59] 
[2020-09-04 16:18:59] Epoch 407/1000
[2020-09-04 16:18:59] ==========
[2020-09-04 16:18:59] ----------------------------------------------------------------------------------------------------
[2020-09-04 16:18:59]            l_rec=11.825 l_lms=0.0195 err_lms=0.00/0.00/0.00 	T: 0:00:00
[2020-09-04 16:18:59] 
[2020-09-04 16:18:59] Epoch 408/1000
[2020-09-04 16:18:59] ==========
[2020-09-04 16:19:00] ----------------------------------------------------------------------------------------------------
[2020-09-04 16:19:00]            l_rec=11.825 l_lms=0.0194 err_lms=0.00/0.00/0.00 	T: 0:00:00
[2020-09-04 16:19:00] 
[2020-09-04 16:19:00] Epoch 409/1000
[2020-09-04 16:19:00] ==========
[2020-09-04 16:19:00] ----------------------------------------------------------------------------------------------------
[2020-09-04 16:19:00]            l_rec=11.825 l_lms=0.0195 err_lms=0.00/0.00/0.00 	T: 0:00:00
[2020-09-04 16:19:00] 
[2020-09-04 16:19:00] Epoch 410/1000
[2020-09-04 16:19:00] ==========
[2020-09-04 16:19:01] ----------------------------------------------------------------------------------------------------
[2020-09-04 16:19:01]            l_rec=11.825 l_lms=0.0194 err_lms=0.00/0.00/0.00 	T: 0:00:00
[2020-09-04 16:19:01] 
[2020-09-04 16:19:01] Epoch 411/1000
[2020-09-04 16:19:01] ==========
[2020-09-04 16:19:01] ----------------------------------------------------------------------------------------------------
[2020-09-04 16:19:01]            l_rec=11.825 l_lms=0.0192 err_lms=0.00/0.00/0.00 	T: 0:00:00
[2020-09-04 16:19:01] 
[2020-09-04 16:19:01] Epoch 412/1000
[2020-09-04 16:19:01] ==========
[2020-09-04 16:19:01] ----------------------------------------------------------------------------------------------------
[2020-09-04 16:19:01]            l_rec=11.825 l_lms=0.0191 err_lms=0.00/0.00/0.00 	T: 0:00:00
[2020-09-04 16:19:01] 
[2020-09-04 16:19:01] Epoch 413/1000
[2020-09-04 16:19:01] ==========
[2020-09-04 16:19:02] ----------------------------------------------------------------------------------------------------
[2020-09-04 16:19:02]            l_rec=11.825 l_lms=0.0191 err_lms=0.00/0.00/0.00 	T: 0:00:00
[2020-09-04 16:19:02] 
[2020-09-04 16:19:02] Epoch 414/1000
[2020-09-04 16:19:02] ==========
[2020-09-04 16:19:02] ----------------------------------------------------------------------------------------------------
[2020-09-04 16:19:02]            l_rec=11.825 l_lms=0.0190 err_lms=0.00/0.00/0.00 	T: 0:00:00
[2020-09-04 16:19:02] 
[2020-09-04 16:19:02] Epoch 415/1000
[2020-09-04 16:19:02] ==========
[2020-09-04 16:19:03] ----------------------------------------------------------------------------------------------------
[2020-09-04 16:19:03]            l_rec=11.825 l_lms=0.0189 err_lms=0.00/0.00/0.00 	T: 0:00:00
[2020-09-04 16:19:03] 
[2020-09-04 16:19:03] Epoch 416/1000
[2020-09-04 16:19:03] ==========
[2020-09-04 16:19:03] ----------------------------------------------------------------------------------------------------
[2020-09-04 16:19:03]            l_rec=11.825 l_lms=0.0189 err_lms=0.00/0.00/0.00 	T: 0:00:00
[2020-09-04 16:19:03] 
[2020-09-04 16:19:03] Epoch 417/1000
[2020-09-04 16:19:03] ==========
[2020-09-04 16:19:04] ----------------------------------------------------------------------------------------------------
[2020-09-04 16:19:04]            l_rec=11.825 l_lms=0.0189 err_lms=0.00/0.00/0.00 	T: 0:00:00
[2020-09-04 16:19:04] 
[2020-09-04 16:19:04] Epoch 418/1000
[2020-09-04 16:19:04] ==========
[2020-09-04 16:19:04] ----------------------------------------------------------------------------------------------------
[2020-09-04 16:19:04]            l_rec=11.825 l_lms=0.0190 err_lms=0.00/0.00/0.00 	T: 0:00:00
[2020-09-04 16:19:04] 
[2020-09-04 16:19:04] Epoch 419/1000
[2020-09-04 16:19:04] ==========
[2020-09-04 16:19:05] ----------------------------------------------------------------------------------------------------
[2020-09-04 16:19:05]            l_rec=11.825 l_lms=0.0191 err_lms=0.00/0.00/0.00 	T: 0:00:00
[2020-09-04 16:19:05] 
[2020-09-04 16:19:05] Epoch 420/1000
[2020-09-04 16:19:05] ==========
[2020-09-04 16:19:05] ----------------------------------------------------------------------------------------------------
[2020-09-04 16:19:05]            l_rec=11.825 l_lms=0.0195 err_lms=0.00/0.00/0.00 	T: 0:00:00
[2020-09-04 16:19:05] 
[2020-09-04 16:19:05] Epoch 421/1000
[2020-09-04 16:19:05] ==========
[2020-09-04 16:19:06] ----------------------------------------------------------------------------------------------------
[2020-09-04 16:19:06]            l_rec=11.825 l_lms=0.0202 err_lms=0.00/0.00/0.00 	T: 0:00:00
[2020-09-04 16:19:06] 
[2020-09-04 16:19:06] Epoch 422/1000
[2020-09-04 16:19:06] ==========
[2020-09-04 16:19:06] ----------------------------------------------------------------------------------------------------
[2020-09-04 16:19:06]            l_rec=11.825 l_lms=0.0212 err_lms=0.00/0.00/0.00 	T: 0:00:00
[2020-09-04 16:19:06] 
[2020-09-04 16:19:06] Epoch 423/1000
[2020-09-04 16:19:06] ==========
[2020-09-04 16:19:07] ----------------------------------------------------------------------------------------------------
[2020-09-04 16:19:07]            l_rec=11.825 l_lms=0.0227 err_lms=0.00/0.00/0.00 	T: 0:00:00
[2020-09-04 16:19:07] 
[2020-09-04 16:19:07] Epoch 424/1000
[2020-09-04 16:19:07] ==========
[2020-09-04 16:19:07] ----------------------------------------------------------------------------------------------------
[2020-09-04 16:19:07]            l_rec=11.825 l_lms=0.0246 err_lms=0.00/0.00/0.00 	T: 0:00:00
[2020-09-04 16:19:07] 
[2020-09-04 16:19:07] Epoch 425/1000
[2020-09-04 16:19:07] ==========
[2020-09-04 16:19:08] ----------------------------------------------------------------------------------------------------
[2020-09-04 16:19:08]            l_rec=11.825 l_lms=0.0267 err_lms=0.00/0.00/0.00 	T: 0:00:00
[2020-09-04 16:19:08] 
[2020-09-04 16:19:08] Epoch 426/1000
[2020-09-04 16:19:08] ==========
[2020-09-04 16:19:08] ----------------------------------------------------------------------------------------------------
[2020-09-04 16:19:08]            l_rec=11.825 l_lms=0.0270 err_lms=0.00/0.00/0.00 	T: 0:00:00
[2020-09-04 16:19:08] 
[2020-09-04 16:19:08] Epoch 427/1000
[2020-09-04 16:19:08] ==========
[2020-09-04 16:19:09] ----------------------------------------------------------------------------------------------------
[2020-09-04 16:19:09]            l_rec=11.825 l_lms=0.0273 err_lms=0.00/0.00/0.00 	T: 0:00:00
[2020-09-04 16:19:09] 
[2020-09-04 16:19:09] Epoch 428/1000
[2020-09-04 16:19:09] ==========
[2020-09-04 16:19:09] ----------------------------------------------------------------------------------------------------
[2020-09-04 16:19:09]            l_rec=11.825 l_lms=0.0265 err_lms=0.00/0.00/0.00 	T: 0:00:00
[2020-09-04 16:19:09] 
[2020-09-04 16:19:09] Epoch 429/1000
[2020-09-04 16:19:09] ==========
[2020-09-04 16:19:10] ----------------------------------------------------------------------------------------------------
[2020-09-04 16:19:10]            l_rec=11.825 l_lms=0.0297 err_lms=0.00/0.00/0.00 	T: 0:00:00
[2020-09-04 16:19:10] 
[2020-09-04 16:19:10] Epoch 430/1000
[2020-09-04 16:19:10] ==========
[2020-09-04 16:19:10] ----------------------------------------------------------------------------------------------------
[2020-09-04 16:19:10]            l_rec=11.825 l_lms=0.0331 err_lms=0.00/0.00/0.00 	T: 0:00:00
[2020-09-04 16:19:10] 
[2020-09-04 16:19:10] Epoch 431/1000
[2020-09-04 16:19:10] ==========
[2020-09-04 16:19:11] ----------------------------------------------------------------------------------------------------
[2020-09-04 16:19:11]            l_rec=11.825 l_lms=0.0343 err_lms=0.00/0.00/0.00 	T: 0:00:00
[2020-09-04 16:19:11] 
[2020-09-04 16:19:11] Epoch 432/1000
[2020-09-04 16:19:11] ==========
[2020-09-04 16:19:11] ----------------------------------------------------------------------------------------------------
[2020-09-04 16:19:11]            l_rec=11.825 l_lms=0.0245 err_lms=0.00/0.00/0.00 	T: 0:00:00
[2020-09-04 16:19:11] 
[2020-09-04 16:19:11] Epoch 433/1000
[2020-09-04 16:19:11] ==========
[2020-09-04 16:19:12] ----------------------------------------------------------------------------------------------------
[2020-09-04 16:19:12]            l_rec=11.825 l_lms=0.0203 err_lms=0.00/0.00/0.00 	T: 0:00:00
[2020-09-04 16:19:12] 
[2020-09-04 16:19:12] Epoch 434/1000
[2020-09-04 16:19:12] ==========
[2020-09-04 16:19:12] ----------------------------------------------------------------------------------------------------
[2020-09-04 16:19:12]            l_rec=11.825 l_lms=0.0245 err_lms=0.00/0.00/0.00 	T: 0:00:00
[2020-09-04 16:19:12] 
[2020-09-04 16:19:12] Epoch 435/1000
[2020-09-04 16:19:12] ==========
[2020-09-04 16:19:13] ----------------------------------------------------------------------------------------------------
[2020-09-04 16:19:13]            l_rec=11.825 l_lms=0.0250 err_lms=0.00/0.00/0.00 	T: 0:00:00
[2020-09-04 16:19:13] 
[2020-09-04 16:19:13] Epoch 436/1000
[2020-09-04 16:19:13] ==========
[2020-09-04 16:19:13] ----------------------------------------------------------------------------------------------------
[2020-09-04 16:19:13]            l_rec=11.825 l_lms=0.0208 err_lms=0.00/0.00/0.00 	T: 0:00:00
[2020-09-04 16:19:13] 
[2020-09-04 16:19:13] Epoch 437/1000
[2020-09-04 16:19:13] ==========
[2020-09-04 16:19:13] ----------------------------------------------------------------------------------------------------
[2020-09-04 16:19:13]            l_rec=11.825 l_lms=0.0203 err_lms=0.00/0.00/0.00 	T: 0:00:00
[2020-09-04 16:19:13] 
[2020-09-04 16:19:13] Epoch 438/1000
[2020-09-04 16:19:13] ==========
[2020-09-04 16:19:14] ----------------------------------------------------------------------------------------------------
[2020-09-04 16:19:14]            l_rec=11.825 l_lms=0.0216 err_lms=0.00/0.00/0.00 	T: 0:00:00
[2020-09-04 16:19:14] 
[2020-09-04 16:19:14] Epoch 439/1000
[2020-09-04 16:19:14] ==========
[2020-09-04 16:19:14] ----------------------------------------------------------------------------------------------------
[2020-09-04 16:19:14]            l_rec=11.825 l_lms=0.0197 err_lms=0.00/0.00/0.00 	T: 0:00:00
[2020-09-04 16:19:14] 
[2020-09-04 16:19:14] Epoch 440/1000
[2020-09-04 16:19:14] ==========
[2020-09-04 16:19:15] ----------------------------------------------------------------------------------------------------
[2020-09-04 16:19:15]            l_rec=11.825 l_lms=0.0196 err_lms=0.00/0.00/0.00 	T: 0:00:00
[2020-09-04 16:19:15] 
[2020-09-04 16:19:15] Epoch 441/1000
[2020-09-04 16:19:15] ==========
[2020-09-04 16:19:15] ----------------------------------------------------------------------------------------------------
[2020-09-04 16:19:15]            l_rec=11.825 l_lms=0.0207 err_lms=0.00/0.00/0.00 	T: 0:00:00
[2020-09-04 16:19:15] 
[2020-09-04 16:19:15] Epoch 442/1000
[2020-09-04 16:19:15] ==========
[2020-09-04 16:19:16] ----------------------------------------------------------------------------------------------------
[2020-09-04 16:19:16]            l_rec=11.825 l_lms=0.0190 err_lms=0.00/0.00/0.00 	T: 0:00:00
[2020-09-04 16:19:16] 
[2020-09-04 16:19:16] Epoch 443/1000
[2020-09-04 16:19:16] ==========
[2020-09-04 16:19:16] ----------------------------------------------------------------------------------------------------
[2020-09-04 16:19:16]            l_rec=11.825 l_lms=0.0185 err_lms=0.00/0.00/0.00 	T: 0:00:00
[2020-09-04 16:19:16] 
[2020-09-04 16:19:16] Epoch 444/1000
[2020-09-04 16:19:16] ==========
[2020-09-04 16:19:17] ----------------------------------------------------------------------------------------------------
[2020-09-04 16:19:17]            l_rec=11.825 l_lms=0.0194 err_lms=0.00/0.00/0.00 	T: 0:00:00
[2020-09-04 16:19:17] 
[2020-09-04 16:19:17] Epoch 445/1000
[2020-09-04 16:19:17] ==========
[2020-09-04 16:19:17] ----------------------------------------------------------------------------------------------------
[2020-09-04 16:19:17]            l_rec=11.825 l_lms=0.0180 err_lms=0.00/0.00/0.00 	T: 0:00:00
[2020-09-04 16:19:17] 
[2020-09-04 16:19:17] Epoch 446/1000
[2020-09-04 16:19:17] ==========
[2020-09-04 16:19:18] ----------------------------------------------------------------------------------------------------
[2020-09-04 16:19:18]            l_rec=11.825 l_lms=0.0179 err_lms=0.00/0.00/0.00 	T: 0:00:00
[2020-09-04 16:19:18] 
[2020-09-04 16:19:18] Epoch 447/1000
[2020-09-04 16:19:18] ==========
[2020-09-04 16:19:18] ----------------------------------------------------------------------------------------------------
[2020-09-04 16:19:18]            l_rec=11.825 l_lms=0.0189 err_lms=0.00/0.00/0.00 	T: 0:00:00
[2020-09-04 16:19:18] 
[2020-09-04 16:19:18] Epoch 448/1000
[2020-09-04 16:19:18] ==========
[2020-09-04 16:19:19] ----------------------------------------------------------------------------------------------------
[2020-09-04 16:19:19]            l_rec=11.825 l_lms=0.0177 err_lms=0.00/0.00/0.00 	T: 0:00:00
[2020-09-04 16:19:19] 
[2020-09-04 16:19:19] Epoch 449/1000
[2020-09-04 16:19:19] ==========
[2020-09-04 16:19:19] ----------------------------------------------------------------------------------------------------
[2020-09-04 16:19:19]            l_rec=11.825 l_lms=0.0171 err_lms=0.00/0.00/0.00 	T: 0:00:00
[2020-09-04 16:19:19] 
[2020-09-04 16:19:19] Epoch 450/1000
[2020-09-04 16:19:19] ==========
[2020-09-04 16:19:20] ----------------------------------------------------------------------------------------------------
[2020-09-04 16:19:20]            l_rec=11.825 l_lms=0.0179 err_lms=0.00/0.00/0.00 	T: 0:00:00
[2020-09-04 16:19:20] 
[2020-09-04 16:19:20] Epoch 451/1000
[2020-09-04 16:19:20] ==========
[2020-09-04 16:19:20] ----------------------------------------------------------------------------------------------------
[2020-09-04 16:19:20]            l_rec=11.825 l_lms=0.0174 err_lms=0.00/0.00/0.00 	T: 0:00:00
[2020-09-04 16:19:20] 
[2020-09-04 16:19:20] Epoch 452/1000
[2020-09-04 16:19:20] ==========
[2020-09-04 16:19:21] ----------------------------------------------------------------------------------------------------
[2020-09-04 16:19:21]            l_rec=11.825 l_lms=0.0170 err_lms=0.00/0.00/0.00 	T: 0:00:00
[2020-09-04 16:19:21] 
[2020-09-04 16:19:21] Epoch 453/1000
[2020-09-04 16:19:21] ==========
[2020-09-04 16:19:21] ----------------------------------------------------------------------------------------------------
[2020-09-04 16:19:21]            l_rec=11.825 l_lms=0.0172 err_lms=0.00/0.00/0.00 	T: 0:00:00
[2020-09-04 16:19:21] 
[2020-09-04 16:19:21] Epoch 454/1000
[2020-09-04 16:19:21] ==========
[2020-09-04 16:19:22] ----------------------------------------------------------------------------------------------------
[2020-09-04 16:19:22]            l_rec=11.825 l_lms=0.0168 err_lms=0.00/0.00/0.00 	T: 0:00:00
[2020-09-04 16:19:22] 
[2020-09-04 16:19:22] Epoch 455/1000
[2020-09-04 16:19:22] ==========
[2020-09-04 16:19:22] ----------------------------------------------------------------------------------------------------
[2020-09-04 16:19:22]            l_rec=11.825 l_lms=0.0167 err_lms=0.00/0.00/0.00 	T: 0:00:00
[2020-09-04 16:19:22] 
[2020-09-04 16:19:22] Epoch 456/1000
[2020-09-04 16:19:22] ==========
[2020-09-04 16:19:23] ----------------------------------------------------------------------------------------------------
[2020-09-04 16:19:23]            l_rec=11.825 l_lms=0.0169 err_lms=0.00/0.00/0.00 	T: 0:00:00
[2020-09-04 16:19:23] 
[2020-09-04 16:19:23] Epoch 457/1000
[2020-09-04 16:19:23] ==========
[2020-09-04 16:19:23] ----------------------------------------------------------------------------------------------------
[2020-09-04 16:19:23]            l_rec=11.825 l_lms=0.0165 err_lms=0.00/0.00/0.00 	T: 0:00:00
[2020-09-04 16:19:23] 
[2020-09-04 16:19:23] Epoch 458/1000
[2020-09-04 16:19:23] ==========
[2020-09-04 16:19:24] ----------------------------------------------------------------------------------------------------
[2020-09-04 16:19:24]            l_rec=11.825 l_lms=0.0163 err_lms=0.00/0.00/0.00 	T: 0:00:00
[2020-09-04 16:19:24] 
[2020-09-04 16:19:24] Epoch 459/1000
[2020-09-04 16:19:24] ==========
[2020-09-04 16:19:24] ----------------------------------------------------------------------------------------------------
[2020-09-04 16:19:24]            l_rec=11.825 l_lms=0.0165 err_lms=0.00/0.00/0.00 	T: 0:00:00
[2020-09-04 16:19:24] 
[2020-09-04 16:19:24] Epoch 460/1000
[2020-09-04 16:19:24] ==========
[2020-09-04 16:19:25] ----------------------------------------------------------------------------------------------------
[2020-09-04 16:19:25]            l_rec=11.825 l_lms=0.0162 err_lms=0.00/0.00/0.00 	T: 0:00:00
[2020-09-04 16:19:25] 
[2020-09-04 16:19:25] Epoch 461/1000
[2020-09-04 16:19:25] ==========
[2020-09-04 16:19:25] ----------------------------------------------------------------------------------------------------
[2020-09-04 16:19:25]            l_rec=11.825 l_lms=0.0160 err_lms=0.00/0.00/0.00 	T: 0:00:00
[2020-09-04 16:19:25] 
[2020-09-04 16:19:25] Epoch 462/1000
[2020-09-04 16:19:25] ==========
[2020-09-04 16:19:26] ----------------------------------------------------------------------------------------------------
[2020-09-04 16:19:26]            l_rec=11.825 l_lms=0.0162 err_lms=0.00/0.00/0.00 	T: 0:00:00
[2020-09-04 16:19:26] 
[2020-09-04 16:19:26] Epoch 463/1000
[2020-09-04 16:19:26] ==========
[2020-09-04 16:19:26] ----------------------------------------------------------------------------------------------------
[2020-09-04 16:19:26]            l_rec=11.825 l_lms=0.0160 err_lms=0.00/0.00/0.00 	T: 0:00:00
[2020-09-04 16:19:26] 
[2020-09-04 16:19:26] Epoch 464/1000
[2020-09-04 16:19:26] ==========
[2020-09-04 16:19:27] ----------------------------------------------------------------------------------------------------
[2020-09-04 16:19:27]            l_rec=11.825 l_lms=0.0158 err_lms=0.00/0.00/0.00 	T: 0:00:00
[2020-09-04 16:19:27] 
[2020-09-04 16:19:27] Epoch 465/1000
[2020-09-04 16:19:27] ==========
[2020-09-04 16:19:27] ----------------------------------------------------------------------------------------------------
[2020-09-04 16:19:27]            l_rec=11.825 l_lms=0.0158 err_lms=0.00/0.00/0.00 	T: 0:00:00
[2020-09-04 16:19:27] 
[2020-09-04 16:19:27] Epoch 466/1000
[2020-09-04 16:19:27] ==========
[2020-09-04 16:19:28] ----------------------------------------------------------------------------------------------------
[2020-09-04 16:19:28]            l_rec=11.825 l_lms=0.0158 err_lms=0.00/0.00/0.00 	T: 0:00:00
[2020-09-04 16:19:28] 
[2020-09-04 16:19:28] Epoch 467/1000
[2020-09-04 16:19:28] ==========
[2020-09-04 16:19:28] ----------------------------------------------------------------------------------------------------
[2020-09-04 16:19:28]            l_rec=11.825 l_lms=0.0156 err_lms=0.00/0.00/0.00 	T: 0:00:00
[2020-09-04 16:19:28] 
[2020-09-04 16:19:28] Epoch 468/1000
[2020-09-04 16:19:28] ==========
[2020-09-04 16:19:29] ----------------------------------------------------------------------------------------------------
[2020-09-04 16:19:29]            l_rec=11.825 l_lms=0.0156 err_lms=0.00/0.00/0.00 	T: 0:00:00
[2020-09-04 16:19:29] 
[2020-09-04 16:19:29] Epoch 469/1000
[2020-09-04 16:19:29] ==========
[2020-09-04 16:19:29] ----------------------------------------------------------------------------------------------------
[2020-09-04 16:19:29]            l_rec=11.825 l_lms=0.0156 err_lms=0.00/0.00/0.00 	T: 0:00:00
[2020-09-04 16:19:29] 
[2020-09-04 16:19:29] Epoch 470/1000
[2020-09-04 16:19:29] ==========
[2020-09-04 16:19:30] ----------------------------------------------------------------------------------------------------
[2020-09-04 16:19:30]            l_rec=11.825 l_lms=0.0154 err_lms=0.00/0.00/0.00 	T: 0:00:00
[2020-09-04 16:19:30] 
[2020-09-04 16:19:30] Epoch 471/1000
[2020-09-04 16:19:30] ==========
[2020-09-04 16:19:30] ----------------------------------------------------------------------------------------------------
[2020-09-04 16:19:30]            l_rec=11.825 l_lms=0.0154 err_lms=0.00/0.00/0.00 	T: 0:00:00
[2020-09-04 16:19:30] 
[2020-09-04 16:19:30] Epoch 472/1000
[2020-09-04 16:19:30] ==========
[2020-09-04 16:19:31] ----------------------------------------------------------------------------------------------------
[2020-09-04 16:19:31]            l_rec=11.825 l_lms=0.0154 err_lms=0.00/0.00/0.00 	T: 0:00:00
[2020-09-04 16:19:31] 
[2020-09-04 16:19:31] Epoch 473/1000
[2020-09-04 16:19:31] ==========
[2020-09-04 16:19:31] ----------------------------------------------------------------------------------------------------
[2020-09-04 16:19:31]            l_rec=11.825 l_lms=0.0153 err_lms=0.00/0.00/0.00 	T: 0:00:00
[2020-09-04 16:19:31] 
[2020-09-04 16:19:31] Epoch 474/1000
[2020-09-04 16:19:31] ==========
[2020-09-04 16:19:32] ----------------------------------------------------------------------------------------------------
[2020-09-04 16:19:32]            l_rec=11.825 l_lms=0.0152 err_lms=0.00/0.00/0.00 	T: 0:00:00
[2020-09-04 16:19:32] 
[2020-09-04 16:19:32] Epoch 475/1000
[2020-09-04 16:19:32] ==========
[2020-09-04 16:19:32] ----------------------------------------------------------------------------------------------------
[2020-09-04 16:19:32]            l_rec=11.825 l_lms=0.0152 err_lms=0.00/0.00/0.00 	T: 0:00:00
[2020-09-04 16:19:32] 
[2020-09-04 16:19:32] Epoch 476/1000
[2020-09-04 16:19:32] ==========
[2020-09-04 16:19:33] ----------------------------------------------------------------------------------------------------
[2020-09-04 16:19:33]            l_rec=11.825 l_lms=0.0151 err_lms=0.00/0.00/0.00 	T: 0:00:00
[2020-09-04 16:19:33] 
[2020-09-04 16:19:33] Epoch 477/1000
[2020-09-04 16:19:33] ==========
[2020-09-04 16:19:33] ----------------------------------------------------------------------------------------------------
[2020-09-04 16:19:33]            l_rec=11.825 l_lms=0.0150 err_lms=0.00/0.00/0.00 	T: 0:00:00
[2020-09-04 16:19:33] 
[2020-09-04 16:19:33] Epoch 478/1000
[2020-09-04 16:19:33] ==========
[2020-09-04 16:19:34] ----------------------------------------------------------------------------------------------------
[2020-09-04 16:19:34]            l_rec=11.825 l_lms=0.0150 err_lms=0.00/0.00/0.00 	T: 0:00:00
[2020-09-04 16:19:34] 
[2020-09-04 16:19:34] Epoch 479/1000
[2020-09-04 16:19:34] ==========
[2020-09-04 16:19:34] ----------------------------------------------------------------------------------------------------
[2020-09-04 16:19:34]            l_rec=11.825 l_lms=0.0150 err_lms=0.00/0.00/0.00 	T: 0:00:00
[2020-09-04 16:19:34] 
[2020-09-04 16:19:34] Epoch 480/1000
[2020-09-04 16:19:34] ==========
[2020-09-04 16:19:34] ----------------------------------------------------------------------------------------------------
[2020-09-04 16:19:34]            l_rec=11.825 l_lms=0.0150 err_lms=0.00/0.00/0.00 	T: 0:00:00
[2020-09-04 16:19:34] 
[2020-09-04 16:19:34] Epoch 481/1000
[2020-09-04 16:19:34] ==========
[2020-09-04 16:19:35] ----------------------------------------------------------------------------------------------------
[2020-09-04 16:19:35]            l_rec=11.825 l_lms=0.0150 err_lms=0.00/0.00/0.00 	T: 0:00:00
[2020-09-04 16:19:35] 
[2020-09-04 16:19:35] Epoch 482/1000
[2020-09-04 16:19:35] ==========
[2020-09-04 16:19:35] ----------------------------------------------------------------------------------------------------
[2020-09-04 16:19:35]            l_rec=11.825 l_lms=0.0150 err_lms=0.00/0.00/0.00 	T: 0:00:00
[2020-09-04 16:19:35] 
[2020-09-04 16:19:35] Epoch 483/1000
[2020-09-04 16:19:35] ==========
[2020-09-04 16:19:36] ----------------------------------------------------------------------------------------------------
[2020-09-04 16:19:36]            l_rec=11.825 l_lms=0.0152 err_lms=0.00/0.00/0.00 	T: 0:00:00
[2020-09-04 16:19:36] 
[2020-09-04 16:19:36] Epoch 484/1000
[2020-09-04 16:19:36] ==========
[2020-09-04 16:19:36] ----------------------------------------------------------------------------------------------------
[2020-09-04 16:19:36]            l_rec=11.825 l_lms=0.0154 err_lms=0.00/0.00/0.00 	T: 0:00:00
[2020-09-04 16:19:36] 
[2020-09-04 16:19:36] Epoch 485/1000
[2020-09-04 16:19:36] ==========
[2020-09-04 16:19:37] ----------------------------------------------------------------------------------------------------
[2020-09-04 16:19:37]            l_rec=11.825 l_lms=0.0157 err_lms=0.00/0.00/0.00 	T: 0:00:00
[2020-09-04 16:19:37] 
[2020-09-04 16:19:37] Epoch 486/1000
[2020-09-04 16:19:37] ==========
[2020-09-04 16:19:37] ----------------------------------------------------------------------------------------------------
[2020-09-04 16:19:37]            l_rec=11.825 l_lms=0.0163 err_lms=0.00/0.00/0.00 	T: 0:00:00
[2020-09-04 16:19:37] 
[2020-09-04 16:19:37] Epoch 487/1000
[2020-09-04 16:19:37] ==========
[2020-09-04 16:19:38] ----------------------------------------------------------------------------------------------------
[2020-09-04 16:19:38]            l_rec=11.825 l_lms=0.0172 err_lms=0.00/0.00/0.00 	T: 0:00:00
[2020-09-04 16:19:38] 
[2020-09-04 16:19:38] Epoch 488/1000
[2020-09-04 16:19:38] ==========
[2020-09-04 16:19:38] ----------------------------------------------------------------------------------------------------
[2020-09-04 16:19:38]            l_rec=11.825 l_lms=0.0179 err_lms=0.00/0.00/0.00 	T: 0:00:00
[2020-09-04 16:19:38] 
[2020-09-04 16:19:38] Epoch 489/1000
[2020-09-04 16:19:38] ==========
[2020-09-04 16:19:39] ----------------------------------------------------------------------------------------------------
[2020-09-04 16:19:39]            l_rec=11.825 l_lms=0.0190 err_lms=0.00/0.00/0.00 	T: 0:00:00
[2020-09-04 16:19:39] 
[2020-09-04 16:19:39] Epoch 490/1000
[2020-09-04 16:19:39] ==========
[2020-09-04 16:19:39] ----------------------------------------------------------------------------------------------------
[2020-09-04 16:19:39]            l_rec=11.825 l_lms=0.0189 err_lms=0.00/0.00/0.00 	T: 0:00:00
[2020-09-04 16:19:39] 
[2020-09-04 16:19:39] Epoch 491/1000
[2020-09-04 16:19:39] ==========
[2020-09-04 16:19:40] ----------------------------------------------------------------------------------------------------
[2020-09-04 16:19:40]            l_rec=11.825 l_lms=0.0186 err_lms=0.00/0.00/0.00 	T: 0:00:00
[2020-09-04 16:19:40] 
[2020-09-04 16:19:40] Epoch 492/1000
[2020-09-04 16:19:40] ==========
[2020-09-04 16:19:40] ----------------------------------------------------------------------------------------------------
[2020-09-04 16:19:40]            l_rec=11.825 l_lms=0.0168 err_lms=0.00/0.00/0.00 	T: 0:00:00
[2020-09-04 16:19:40] 
[2020-09-04 16:19:40] Epoch 493/1000
[2020-09-04 16:19:40] ==========
[2020-09-04 16:19:41] ----------------------------------------------------------------------------------------------------
[2020-09-04 16:19:41]            l_rec=11.825 l_lms=0.0152 err_lms=0.00/0.00/0.00 	T: 0:00:00
[2020-09-04 16:19:41] 
[2020-09-04 16:19:41] Epoch 494/1000
[2020-09-04 16:19:41] ==========
[2020-09-04 16:19:41] ----------------------------------------------------------------------------------------------------
[2020-09-04 16:19:41]            l_rec=11.825 l_lms=0.0145 err_lms=0.00/0.00/0.00 	T: 0:00:00
[2020-09-04 16:19:41] 
[2020-09-04 16:19:41] Epoch 495/1000
[2020-09-04 16:19:41] ==========
[2020-09-04 16:19:42] ----------------------------------------------------------------------------------------------------
[2020-09-04 16:19:42]            l_rec=11.825 l_lms=0.0148 err_lms=0.00/0.00/0.00 	T: 0:00:00
[2020-09-04 16:19:42] 
[2020-09-04 16:19:42] Epoch 496/1000
[2020-09-04 16:19:42] ==========
[2020-09-04 16:19:42] ----------------------------------------------------------------------------------------------------
[2020-09-04 16:19:42]            l_rec=11.825 l_lms=0.0157 err_lms=0.00/0.00/0.00 	T: 0:00:00
[2020-09-04 16:19:42] 
[2020-09-04 16:19:42] Epoch 497/1000
[2020-09-04 16:19:42] ==========
[2020-09-04 16:19:43] ----------------------------------------------------------------------------------------------------
[2020-09-04 16:19:43]            l_rec=11.825 l_lms=0.0160 err_lms=0.00/0.00/0.00 	T: 0:00:00
[2020-09-04 16:19:43] 
[2020-09-04 16:19:43] Epoch 498/1000
[2020-09-04 16:19:43] ==========
[2020-09-04 16:19:43] ----------------------------------------------------------------------------------------------------
[2020-09-04 16:19:43]            l_rec=11.825 l_lms=0.0157 err_lms=0.00/0.00/0.00 	T: 0:00:00
[2020-09-04 16:19:43] 
[2020-09-04 16:19:43] Epoch 499/1000
[2020-09-04 16:19:43] ==========
[2020-09-04 16:19:43] ----------------------------------------------------------------------------------------------------
[2020-09-04 16:19:43]            l_rec=11.825 l_lms=0.0149 err_lms=0.00/0.00/0.00 	T: 0:00:00
[2020-09-04 16:19:43] 
[2020-09-04 16:19:43] Epoch 500/1000
[2020-09-04 16:19:43] ==========
[2020-09-04 16:19:44] ----------------------------------------------------------------------------------------------------
[2020-09-04 16:19:44]            l_rec=11.825 l_lms=0.0143 err_lms=0.00/0.00/0.00 	T: 0:00:00
[2020-09-04 16:19:44] 
[2020-09-04 16:19:44] Evaluating 'test'...
[2020-09-04 16:19:45] [500][1/34] l_rec=17.692 l_lms=1.5566 err_lms=11.34/19.05/13.27 0.78/0.28/1.06s (000641 0:04:52)
[2020-09-04 16:19:45] [500][2/34] l_rec=18.864 l_lms=1.5737 err_lms=10.44/19.78/12.77 0.04/0.29/0.32s (000642 0:04:52)
[2020-09-04 16:19:46] [500][3/34] l_rec=18.910 l_lms=1.6227 err_lms=12.43/20.79/14.52 0.03/0.27/0.31s (000643 0:04:53)
[2020-09-04 16:19:46] [500][4/34] l_rec=17.424 l_lms=1.4817 err_lms=10.49/19.41/12.72 0.04/0.28/0.31s (000644 0:04:53)
[2020-09-04 16:19:46] [500][5/34] l_rec=14.632 l_lms=1.4392 err_lms=10.65/20.53/13.12 0.04/0.27/0.32s (000645 0:04:53)
[2020-09-04 16:19:47] [500][6/34] l_rec=15.156 l_lms=1.6771 err_lms=11.02/23.12/14.05 0.03/0.27/0.31s (000646 0:04:53)
[2020-09-04 16:19:47] [500][7/34] l_rec=15.814 l_lms=1.4267 err_lms=10.01/17.75/11.95 0.04/0.29/0.33s (000647 0:04:54)
[2020-09-04 16:19:47] [500][8/34] l_rec=17.165 l_lms=1.4810 err_lms=12.27/16.82/13.41 0.03/0.28/0.31s (000648 0:04:54)
[2020-09-04 16:19:48] [500][9/34] l_rec=17.000 l_lms=1.4861 err_lms=15.28/20.30/16.53 0.03/0.27/0.31s (000649 0:04:54)
[2020-09-04 16:19:48] [500][10/34] l_rec=16.566 l_lms=1.4850 err_lms=10.41/19.67/12.73 0.03/0.28/0.31s (000650 0:04:55)
[2020-09-04 16:19:48] [500][11/34] l_rec=15.644 l_lms=1.5509 err_lms=11.42/21.52/13.95 0.03/0.27/0.31s (000651 0:04:55)
[2020-09-04 16:19:48] [500][12/34] l_rec=18.277 l_lms=1.5437 err_lms=10.70/19.30/12.85 0.03/0.27/0.31s (000652 0:04:55)
[2020-09-04 16:19:49] [500][13/34] l_rec=13.183 l_lms=1.4824 err_lms=12.94/17.39/14.05 0.03/0.27/0.31s (000653 0:04:56)
[2020-09-04 16:19:49] [500][14/34] l_rec=13.438 l_lms=1.2543 err_lms=9.92/16.52/11.57 0.03/0.27/0.31s (000654 0:04:56)
[2020-09-04 16:19:49] [500][15/34] l_rec=14.831 l_lms=1.4759 err_lms=10.67/20.48/13.12 0.03/0.27/0.31s (000655 0:04:56)
[2020-09-04 16:19:50] [500][16/34] l_rec=18.122 l_lms=1.6443 err_lms=12.45/21.32/14.67 0.03/0.28/0.31s (000656 0:04:57)
[2020-09-04 16:19:50] [500][17/34] l_rec=16.159 l_lms=1.3819 err_lms=9.67/19.05/12.02 0.04/0.27/0.31s (000657 0:04:57)
[2020-09-04 16:19:50] [500][18/34] l_rec=15.427 l_lms=1.3385 err_lms=10.31/16.41/11.84 0.03/0.27/0.31s (000658 0:04:57)
[2020-09-04 16:19:51] [500][19/34] l_rec=16.121 l_lms=1.4580 err_lms=10.89/20.45/13.28 0.04/0.27/0.31s (000659 0:04:57)
[2020-09-04 16:19:51] [500][20/34] l_rec=16.219 l_lms=1.3512 err_lms=10.31/20.49/12.85 0.03/0.27/0.31s (000660 0:04:58)
[2020-09-04 16:19:51] [500][21/34] l_rec=14.441 l_lms=1.3477 err_lms=10.86/16.63/12.30 0.03/0.27/0.31s (000661 0:04:58)
[2020-09-04 16:19:52] [500][22/34] l_rec=16.949 l_lms=1.2987 err_lms=9.70/16.97/11.52 0.04/0.27/0.31s (000662 0:04:58)
[2020-09-04 16:19:52] [500][23/34] l_rec=17.735 l_lms=1.5595 err_lms=11.85/23.47/14.76 0.04/0.27/0.31s (000663 0:04:59)
[2020-09-04 16:19:52] [500][24/34] l_rec=14.685 l_lms=1.5980 err_lms=13.21/22.39/15.51 0.03/0.27/0.30s (000664 0:04:59)
[2020-09-04 16:19:52] [500][25/34] l_rec=15.637 l_lms=1.5148 err_lms=11.40/20.26/13.61 0.03/0.27/0.30s (000665 0:04:59)
[2020-09-04 16:19:53] [500][26/34] l_rec=17.508 l_lms=1.3061 err_lms=9.66/16.73/11.43 0.03/0.27/0.30s (000666 0:05:00)
[2020-09-04 16:19:53] [500][27/34] l_rec=16.127 l_lms=1.3887 err_lms=10.67/16.42/12.11 0.03/0.27/0.31s (000667 0:05:00)
[2020-09-04 16:19:53] [500][28/34] l_rec=15.755 l_lms=1.4316 err_lms=15.92/20.58/17.08 0.03/0.27/0.31s (000668 0:05:00)
[2020-09-04 16:19:54] [500][29/34] l_rec=20.286 l_lms=2.2447 err_lms=21.56/33.91/24.64 0.03/0.27/0.31s (000669 0:05:01)
[2020-09-04 16:19:54] [500][30/34] l_rec=17.811 l_lms=2.3977 err_lms=30.74/37.85/32.51 0.03/0.27/0.30s (000670 0:05:01)
[2020-09-04 16:19:54] [500][31/34] l_rec=14.738 l_lms=2.3074 err_lms=24.92/35.26/27.50 0.03/0.27/0.30s (000671 0:05:01)
[2020-09-04 16:19:55] [500][32/34] l_rec=15.827 l_lms=2.2542 err_lms=24.11/36.79/27.28 0.03/0.27/0.30s (000672 0:05:01)
[2020-09-04 16:19:55] [500][33/34] l_rec=18.535 l_lms=2.1735 err_lms=21.19/34.71/24.57 0.03/0.27/0.31s (000673 0:05:02)
[2020-09-04 16:19:55] [500][34/34] l_rec=16.345 l_lms=2.4284 err_lms=27.88/43.67/31.83 0.03/0.27/0.31s (000674 0:05:02)
[2020-09-04 16:19:55] [500][35/34] l_rec=17.976 l_lms=2.4374 err_lms=26.62/43.39/30.81 0.03/0.13/0.16s (000675 0:05:02)
[2020-09-04 16:19:55] ----------------------------------------------------------------------------------------------------
[2020-09-04 16:19:55]            l_rec=16.486 l_lms=1.6400 err_lms=13.91/22.80/16.13 	T: 0:00:11
[2020-09-04 16:19:55] 
[2020-09-04 16:19:55] Epoch 501/1000
[2020-09-04 16:19:55] ==========
[2020-09-04 16:19:56] ----------------------------------------------------------------------------------------------------
[2020-09-04 16:19:56]            l_rec=11.825 l_lms=0.0143 err_lms=0.00/0.00/0.00 	T: 0:00:00
[2020-09-04 16:19:56] 
[2020-09-04 16:19:56] Epoch 502/1000
[2020-09-04 16:19:56] ==========
[2020-09-04 16:19:56] ----------------------------------------------------------------------------------------------------
[2020-09-04 16:19:56]            l_rec=11.825 l_lms=0.0146 err_lms=0.00/0.00/0.00 	T: 0:00:00
[2020-09-04 16:19:56] 
[2020-09-04 16:19:56] Epoch 503/1000
[2020-09-04 16:19:56] ==========
[2020-09-04 16:19:57] ----------------------------------------------------------------------------------------------------
[2020-09-04 16:19:57]            l_rec=11.825 l_lms=0.0148 err_lms=0.00/0.00/0.00 	T: 0:00:00
[2020-09-04 16:19:57] 
[2020-09-04 16:19:57] Epoch 504/1000
[2020-09-04 16:19:57] ==========
[2020-09-04 16:19:57] ----------------------------------------------------------------------------------------------------
[2020-09-04 16:19:57]            l_rec=11.825 l_lms=0.0146 err_lms=0.00/0.00/0.00 	T: 0:00:00
[2020-09-04 16:19:57] 
[2020-09-04 16:19:57] Epoch 505/1000
[2020-09-04 16:19:57] ==========
[2020-09-04 16:19:58] ----------------------------------------------------------------------------------------------------
[2020-09-04 16:19:58]            l_rec=11.825 l_lms=0.0142 err_lms=0.00/0.00/0.00 	T: 0:00:00
[2020-09-04 16:19:58] 
[2020-09-04 16:19:58] Epoch 506/1000
[2020-09-04 16:19:58] ==========
[2020-09-04 16:19:58] ----------------------------------------------------------------------------------------------------
[2020-09-04 16:19:58]            l_rec=11.825 l_lms=0.0138 err_lms=0.00/0.00/0.00 	T: 0:00:00
[2020-09-04 16:19:58] 
[2020-09-04 16:19:58] Epoch 507/1000
[2020-09-04 16:19:58] ==========
[2020-09-04 16:19:59] ----------------------------------------------------------------------------------------------------
[2020-09-04 16:19:59]            l_rec=11.825 l_lms=0.0138 err_lms=0.00/0.00/0.00 	T: 0:00:00
[2020-09-04 16:19:59] 
[2020-09-04 16:19:59] Epoch 508/1000
[2020-09-04 16:19:59] ==========
[2020-09-04 16:19:59] ----------------------------------------------------------------------------------------------------
[2020-09-04 16:19:59]            l_rec=11.825 l_lms=0.0140 err_lms=0.00/0.00/0.00 	T: 0:00:00
[2020-09-04 16:19:59] 
[2020-09-04 16:19:59] Epoch 509/1000
[2020-09-04 16:19:59] ==========
[2020-09-04 16:20:00] ----------------------------------------------------------------------------------------------------
[2020-09-04 16:20:00]            l_rec=11.825 l_lms=0.0141 err_lms=0.00/0.00/0.00 	T: 0:00:00
[2020-09-04 16:20:00] 
[2020-09-04 16:20:00] Epoch 510/1000
[2020-09-04 16:20:00] ==========
[2020-09-04 16:20:00] ----------------------------------------------------------------------------------------------------
[2020-09-04 16:20:00]            l_rec=11.825 l_lms=0.0139 err_lms=0.00/0.00/0.00 	T: 0:00:00
[2020-09-04 16:20:00] 
[2020-09-04 16:20:00] Epoch 511/1000
[2020-09-04 16:20:00] ==========
[2020-09-04 16:20:01] ----------------------------------------------------------------------------------------------------
[2020-09-04 16:20:01]            l_rec=11.825 l_lms=0.0137 err_lms=0.00/0.00/0.00 	T: 0:00:00
[2020-09-04 16:20:01] 
[2020-09-04 16:20:01] Epoch 512/1000
[2020-09-04 16:20:01] ==========
[2020-09-04 16:20:01] ----------------------------------------------------------------------------------------------------
[2020-09-04 16:20:01]            l_rec=11.825 l_lms=0.0134 err_lms=0.00/0.00/0.00 	T: 0:00:00
[2020-09-04 16:20:01] 
[2020-09-04 16:20:01] Epoch 513/1000
[2020-09-04 16:20:01] ==========
[2020-09-04 16:20:02] ----------------------------------------------------------------------------------------------------
[2020-09-04 16:20:02]            l_rec=11.825 l_lms=0.0134 err_lms=0.00/0.00/0.00 	T: 0:00:00
[2020-09-04 16:20:02] 
[2020-09-04 16:20:02] Epoch 514/1000
[2020-09-04 16:20:02] ==========
[2020-09-04 16:20:02] ----------------------------------------------------------------------------------------------------
[2020-09-04 16:20:02]            l_rec=11.825 l_lms=0.0135 err_lms=0.00/0.00/0.00 	T: 0:00:00
[2020-09-04 16:20:02] 
[2020-09-04 16:20:02] Epoch 515/1000
[2020-09-04 16:20:02] ==========
[2020-09-04 16:20:03] ----------------------------------------------------------------------------------------------------
[2020-09-04 16:20:03]            l_rec=11.825 l_lms=0.0135 err_lms=0.00/0.00/0.00 	T: 0:00:00
[2020-09-04 16:20:03] 
[2020-09-04 16:20:03] Epoch 516/1000
[2020-09-04 16:20:03] ==========
[2020-09-04 16:20:03] ----------------------------------------------------------------------------------------------------
[2020-09-04 16:20:03]            l_rec=11.825 l_lms=0.0135 err_lms=0.00/0.00/0.00 	T: 0:00:00
[2020-09-04 16:20:03] 
[2020-09-04 16:20:03] Epoch 517/1000
[2020-09-04 16:20:03] ==========
[2020-09-04 16:20:04] ----------------------------------------------------------------------------------------------------
[2020-09-04 16:20:04]            l_rec=11.825 l_lms=0.0134 err_lms=0.00/0.00/0.00 	T: 0:00:00
[2020-09-04 16:20:04] 
[2020-09-04 16:20:04] Epoch 518/1000
[2020-09-04 16:20:04] ==========
[2020-09-04 16:20:04] ----------------------------------------------------------------------------------------------------
[2020-09-04 16:20:04]            l_rec=11.825 l_lms=0.0132 err_lms=0.00/0.00/0.00 	T: 0:00:00
[2020-09-04 16:20:04] 
[2020-09-04 16:20:04] Epoch 519/1000
[2020-09-04 16:20:04] ==========
[2020-09-04 16:20:05] ----------------------------------------------------------------------------------------------------
[2020-09-04 16:20:05]            l_rec=11.825 l_lms=0.0131 err_lms=0.00/0.00/0.00 	T: 0:00:00
[2020-09-04 16:20:05] 
[2020-09-04 16:20:05] Epoch 520/1000
[2020-09-04 16:20:05] ==========
[2020-09-04 16:20:05] ----------------------------------------------------------------------------------------------------
[2020-09-04 16:20:05]            l_rec=11.825 l_lms=0.0131 err_lms=0.00/0.00/0.00 	T: 0:00:00
[2020-09-04 16:20:05] 
[2020-09-04 16:20:05] Epoch 521/1000
[2020-09-04 16:20:05] ==========
[2020-09-04 16:20:06] ----------------------------------------------------------------------------------------------------
[2020-09-04 16:20:06]            l_rec=11.825 l_lms=0.0131 err_lms=0.00/0.00/0.00 	T: 0:00:00
[2020-09-04 16:20:06] 
[2020-09-04 16:20:06] Epoch 522/1000
[2020-09-04 16:20:06] ==========
[2020-09-04 16:20:06] ----------------------------------------------------------------------------------------------------
[2020-09-04 16:20:06]            l_rec=11.825 l_lms=0.0132 err_lms=0.00/0.00/0.00 	T: 0:00:00
[2020-09-04 16:20:06] 
[2020-09-04 16:20:06] Epoch 523/1000
[2020-09-04 16:20:06] ==========
[2020-09-04 16:20:07] ----------------------------------------------------------------------------------------------------
[2020-09-04 16:20:07]            l_rec=11.825 l_lms=0.0132 err_lms=0.00/0.00/0.00 	T: 0:00:00
[2020-09-04 16:20:07] 
[2020-09-04 16:20:07] Epoch 524/1000
[2020-09-04 16:20:07] ==========
[2020-09-04 16:20:07] ----------------------------------------------------------------------------------------------------
[2020-09-04 16:20:07]            l_rec=11.825 l_lms=0.0131 err_lms=0.00/0.00/0.00 	T: 0:00:00
[2020-09-04 16:20:07] 
[2020-09-04 16:20:07] Epoch 525/1000
[2020-09-04 16:20:07] ==========
[2020-09-04 16:20:08] ----------------------------------------------------------------------------------------------------
[2020-09-04 16:20:08]            l_rec=11.825 l_lms=0.0131 err_lms=0.00/0.00/0.00 	T: 0:00:00
[2020-09-04 16:20:08] 
[2020-09-04 16:20:08] Epoch 526/1000
[2020-09-04 16:20:08] ==========
[2020-09-04 16:20:08] ----------------------------------------------------------------------------------------------------
[2020-09-04 16:20:08]            l_rec=11.825 l_lms=0.0132 err_lms=0.00/0.00/0.00 	T: 0:00:00
[2020-09-04 16:20:08] 
[2020-09-04 16:20:08] Epoch 527/1000
[2020-09-04 16:20:08] ==========
[2020-09-04 16:20:09] ----------------------------------------------------------------------------------------------------
[2020-09-04 16:20:09]            l_rec=11.825 l_lms=0.0134 err_lms=0.00/0.00/0.00 	T: 0:00:00
[2020-09-04 16:20:09] 
[2020-09-04 16:20:09] Epoch 528/1000
[2020-09-04 16:20:09] ==========
[2020-09-04 16:20:09] ----------------------------------------------------------------------------------------------------
[2020-09-04 16:20:09]            l_rec=11.825 l_lms=0.0138 err_lms=0.00/0.00/0.00 	T: 0:00:00
[2020-09-04 16:20:09] 
[2020-09-04 16:20:09] Epoch 529/1000
[2020-09-04 16:20:09] ==========
[2020-09-04 16:20:10] ----------------------------------------------------------------------------------------------------
[2020-09-04 16:20:10]            l_rec=11.825 l_lms=0.0148 err_lms=0.00/0.00/0.00 	T: 0:00:00
[2020-09-04 16:20:10] 
[2020-09-04 16:20:10] Epoch 530/1000
[2020-09-04 16:20:10] ==========
[2020-09-04 16:20:10] ----------------------------------------------------------------------------------------------------
[2020-09-04 16:20:10]            l_rec=11.825 l_lms=0.0165 err_lms=0.00/0.00/0.00 	T: 0:00:00
[2020-09-04 16:20:10] 
[2020-09-04 16:20:10] Epoch 531/1000
[2020-09-04 16:20:10] ==========
[2020-09-04 16:20:10] ----------------------------------------------------------------------------------------------------
[2020-09-04 16:20:10]            l_rec=11.825 l_lms=0.0207 err_lms=0.00/0.00/0.00 	T: 0:00:00
[2020-09-04 16:20:10] 
[2020-09-04 16:20:10] Epoch 532/1000
[2020-09-04 16:20:10] ==========
[2020-09-04 16:20:11] ----------------------------------------------------------------------------------------------------
[2020-09-04 16:20:11]            l_rec=11.825 l_lms=0.0258 err_lms=0.00/0.00/0.00 	T: 0:00:00
[2020-09-04 16:20:11] 
[2020-09-04 16:20:11] Epoch 533/1000
[2020-09-04 16:20:11] ==========
[2020-09-04 16:20:11] ----------------------------------------------------------------------------------------------------
[2020-09-04 16:20:11]            l_rec=11.825 l_lms=0.0381 err_lms=0.00/0.00/0.00 	T: 0:00:00
[2020-09-04 16:20:11] 
[2020-09-04 16:20:11] Epoch 534/1000
[2020-09-04 16:20:11] ==========
[2020-09-04 16:20:12] ----------------------------------------------------------------------------------------------------
[2020-09-04 16:20:12]            l_rec=11.825 l_lms=0.0418 err_lms=0.00/0.00/0.00 	T: 0:00:00
[2020-09-04 16:20:12] 
[2020-09-04 16:20:12] Epoch 535/1000
[2020-09-04 16:20:12] ==========
[2020-09-04 16:20:12] ----------------------------------------------------------------------------------------------------
[2020-09-04 16:20:12]            l_rec=11.825 l_lms=0.0479 err_lms=0.00/0.00/0.00 	T: 0:00:00
[2020-09-04 16:20:12] 
[2020-09-04 16:20:12] Epoch 536/1000
[2020-09-04 16:20:12] ==========
[2020-09-04 16:20:13] ----------------------------------------------------------------------------------------------------
[2020-09-04 16:20:13]            l_rec=11.825 l_lms=0.0268 err_lms=0.00/0.00/0.00 	T: 0:00:00
[2020-09-04 16:20:13] 
[2020-09-04 16:20:13] Epoch 537/1000
[2020-09-04 16:20:13] ==========
[2020-09-04 16:20:13] ----------------------------------------------------------------------------------------------------
[2020-09-04 16:20:13]            l_rec=11.825 l_lms=0.0193 err_lms=0.00/0.00/0.00 	T: 0:00:00
[2020-09-04 16:20:13] 
[2020-09-04 16:20:13] Epoch 538/1000
[2020-09-04 16:20:13] ==========
[2020-09-04 16:20:14] ----------------------------------------------------------------------------------------------------
[2020-09-04 16:20:14]            l_rec=11.825 l_lms=0.0335 err_lms=0.00/0.00/0.00 	T: 0:00:00
[2020-09-04 16:20:14] 
[2020-09-04 16:20:14] Epoch 539/1000
[2020-09-04 16:20:14] ==========
[2020-09-04 16:20:14] ----------------------------------------------------------------------------------------------------
[2020-09-04 16:20:14]            l_rec=11.825 l_lms=0.0286 err_lms=0.00/0.00/0.00 	T: 0:00:00
[2020-09-04 16:20:14] 
[2020-09-04 16:20:14] Epoch 540/1000
[2020-09-04 16:20:14] ==========
[2020-09-04 16:20:15] ----------------------------------------------------------------------------------------------------
[2020-09-04 16:20:15]            l_rec=11.825 l_lms=0.0190 err_lms=0.00/0.00/0.00 	T: 0:00:00
[2020-09-04 16:20:15] 
[2020-09-04 16:20:15] Epoch 541/1000
[2020-09-04 16:20:15] ==========
[2020-09-04 16:20:15] ----------------------------------------------------------------------------------------------------
[2020-09-04 16:20:15]            l_rec=11.825 l_lms=0.0173 err_lms=0.00/0.00/0.00 	T: 0:00:00
[2020-09-04 16:20:15] 
[2020-09-04 16:20:15] Epoch 542/1000
[2020-09-04 16:20:15] ==========
[2020-09-04 16:20:16] ----------------------------------------------------------------------------------------------------
[2020-09-04 16:20:16]            l_rec=11.825 l_lms=0.0221 err_lms=0.00/0.00/0.00 	T: 0:00:00
[2020-09-04 16:20:16] 
[2020-09-04 16:20:16] Epoch 543/1000
[2020-09-04 16:20:16] ==========
[2020-09-04 16:20:16] ----------------------------------------------------------------------------------------------------
[2020-09-04 16:20:16]            l_rec=11.825 l_lms=0.0213 err_lms=0.00/0.00/0.00 	T: 0:00:00
[2020-09-04 16:20:16] 
[2020-09-04 16:20:16] Epoch 544/1000
[2020-09-04 16:20:16] ==========
[2020-09-04 16:20:17] ----------------------------------------------------------------------------------------------------
[2020-09-04 16:20:17]            l_rec=11.825 l_lms=0.0173 err_lms=0.00/0.00/0.00 	T: 0:00:00
[2020-09-04 16:20:17] 
[2020-09-04 16:20:17] Epoch 545/1000
[2020-09-04 16:20:17] ==========
[2020-09-04 16:20:17] ----------------------------------------------------------------------------------------------------
[2020-09-04 16:20:17]            l_rec=11.825 l_lms=0.0201 err_lms=0.00/0.00/0.00 	T: 0:00:00
[2020-09-04 16:20:17] 
[2020-09-04 16:20:17] Epoch 546/1000
[2020-09-04 16:20:17] ==========
[2020-09-04 16:20:18] ----------------------------------------------------------------------------------------------------
[2020-09-04 16:20:18]            l_rec=11.825 l_lms=0.0190 err_lms=0.00/0.00/0.00 	T: 0:00:00
[2020-09-04 16:20:18] 
[2020-09-04 16:20:18] Epoch 547/1000
[2020-09-04 16:20:18] ==========
[2020-09-04 16:20:18] ----------------------------------------------------------------------------------------------------
[2020-09-04 16:20:18]            l_rec=11.825 l_lms=0.0154 err_lms=0.00/0.00/0.00 	T: 0:00:00
[2020-09-04 16:20:18] 
[2020-09-04 16:20:18] Epoch 548/1000
[2020-09-04 16:20:18] ==========
[2020-09-04 16:20:18] ----------------------------------------------------------------------------------------------------
[2020-09-04 16:20:18]            l_rec=11.825 l_lms=0.0189 err_lms=0.00/0.00/0.00 	T: 0:00:00
[2020-09-04 16:20:18] 
[2020-09-04 16:20:18] Epoch 549/1000
[2020-09-04 16:20:18] ==========
[2020-09-04 16:20:19] ----------------------------------------------------------------------------------------------------
[2020-09-04 16:20:19]            l_rec=11.825 l_lms=0.0188 err_lms=0.00/0.00/0.00 	T: 0:00:00
[2020-09-04 16:20:19] 
[2020-09-04 16:20:19] Epoch 550/1000
[2020-09-04 16:20:19] ==========
[2020-09-04 16:20:19] ----------------------------------------------------------------------------------------------------
[2020-09-04 16:20:19]            l_rec=11.825 l_lms=0.0155 err_lms=0.00/0.00/0.00 	T: 0:00:00
[2020-09-04 16:20:19] 
[2020-09-04 16:20:19] Epoch 551/1000
[2020-09-04 16:20:19] ==========
[2020-09-04 16:20:20] ----------------------------------------------------------------------------------------------------
[2020-09-04 16:20:20]            l_rec=11.825 l_lms=0.0177 err_lms=0.00/0.00/0.00 	T: 0:00:00
[2020-09-04 16:20:20] 
[2020-09-04 16:20:20] Epoch 552/1000
[2020-09-04 16:20:20] ==========
[2020-09-04 16:20:20] ----------------------------------------------------------------------------------------------------
[2020-09-04 16:20:20]            l_rec=11.825 l_lms=0.0173 err_lms=0.00/0.00/0.00 	T: 0:00:00
[2020-09-04 16:20:20] 
[2020-09-04 16:20:20] Epoch 553/1000
[2020-09-04 16:20:20] ==========
[2020-09-04 16:20:21] ----------------------------------------------------------------------------------------------------
[2020-09-04 16:20:21]            l_rec=11.825 l_lms=0.0151 err_lms=0.00/0.00/0.00 	T: 0:00:00
[2020-09-04 16:20:21] 
[2020-09-04 16:20:21] Epoch 554/1000
[2020-09-04 16:20:21] ==========
[2020-09-04 16:20:21] ----------------------------------------------------------------------------------------------------
[2020-09-04 16:20:21]            l_rec=11.825 l_lms=0.0167 err_lms=0.00/0.00/0.00 	T: 0:00:00
[2020-09-04 16:20:21] 
[2020-09-04 16:20:21] Epoch 555/1000
[2020-09-04 16:20:21] ==========
[2020-09-04 16:20:22] ----------------------------------------------------------------------------------------------------
[2020-09-04 16:20:22]            l_rec=11.825 l_lms=0.0156 err_lms=0.00/0.00/0.00 	T: 0:00:00
[2020-09-04 16:20:22] 
[2020-09-04 16:20:22] Epoch 556/1000
[2020-09-04 16:20:22] ==========
[2020-09-04 16:20:22] ----------------------------------------------------------------------------------------------------
[2020-09-04 16:20:22]            l_rec=11.825 l_lms=0.0139 err_lms=0.00/0.00/0.00 	T: 0:00:00
[2020-09-04 16:20:22] 
[2020-09-04 16:20:22] Epoch 557/1000
[2020-09-04 16:20:22] ==========
[2020-09-04 16:20:23] ----------------------------------------------------------------------------------------------------
[2020-09-04 16:20:23]            l_rec=11.825 l_lms=0.0154 err_lms=0.00/0.00/0.00 	T: 0:00:00
[2020-09-04 16:20:23] 
[2020-09-04 16:20:23] Epoch 558/1000
[2020-09-04 16:20:23] ==========
[2020-09-04 16:20:23] ----------------------------------------------------------------------------------------------------
[2020-09-04 16:20:23]            l_rec=11.825 l_lms=0.0150 err_lms=0.00/0.00/0.00 	T: 0:00:00
[2020-09-04 16:20:23] 
[2020-09-04 16:20:23] Epoch 559/1000
[2020-09-04 16:20:23] ==========
[2020-09-04 16:20:24] ----------------------------------------------------------------------------------------------------
[2020-09-04 16:20:24]            l_rec=11.825 l_lms=0.0139 err_lms=0.00/0.00/0.00 	T: 0:00:00
[2020-09-04 16:20:24] 
[2020-09-04 16:20:24] Epoch 560/1000
[2020-09-04 16:20:24] ==========
[2020-09-04 16:20:24] ----------------------------------------------------------------------------------------------------
[2020-09-04 16:20:24]            l_rec=11.825 l_lms=0.0148 err_lms=0.00/0.00/0.00 	T: 0:00:00
[2020-09-04 16:20:24] 
[2020-09-04 16:20:24] Epoch 561/1000
[2020-09-04 16:20:24] ==========
[2020-09-04 16:20:25] ----------------------------------------------------------------------------------------------------
[2020-09-04 16:20:25]            l_rec=11.825 l_lms=0.0140 err_lms=0.00/0.00/0.00 	T: 0:00:00
[2020-09-04 16:20:25] 
[2020-09-04 16:20:25] Epoch 562/1000
[2020-09-04 16:20:25] ==========
[2020-09-04 16:20:25] ----------------------------------------------------------------------------------------------------
[2020-09-04 16:20:25]            l_rec=11.825 l_lms=0.0133 err_lms=0.00/0.00/0.00 	T: 0:00:00
[2020-09-04 16:20:25] 
[2020-09-04 16:20:25] Epoch 563/1000
[2020-09-04 16:20:25] ==========
[2020-09-04 16:20:26] ----------------------------------------------------------------------------------------------------
[2020-09-04 16:20:26]            l_rec=11.825 l_lms=0.0140 err_lms=0.00/0.00/0.00 	T: 0:00:00
[2020-09-04 16:20:26] 
[2020-09-04 16:20:26] Epoch 564/1000
[2020-09-04 16:20:26] ==========
[2020-09-04 16:20:26] ----------------------------------------------------------------------------------------------------
[2020-09-04 16:20:26]            l_rec=11.825 l_lms=0.0131 err_lms=0.00/0.00/0.00 	T: 0:00:00
[2020-09-04 16:20:26] 
[2020-09-04 16:20:26] Epoch 565/1000
[2020-09-04 16:20:26] ==========
[2020-09-04 16:20:27] ----------------------------------------------------------------------------------------------------
[2020-09-04 16:20:27]            l_rec=11.825 l_lms=0.0128 err_lms=0.00/0.00/0.00 	T: 0:00:00
[2020-09-04 16:20:27] 
[2020-09-04 16:20:27] Epoch 566/1000
[2020-09-04 16:20:27] ==========
[2020-09-04 16:20:27] ----------------------------------------------------------------------------------------------------
[2020-09-04 16:20:27]            l_rec=11.825 l_lms=0.0134 err_lms=0.00/0.00/0.00 	T: 0:00:00
[2020-09-04 16:20:27] 
[2020-09-04 16:20:27] Epoch 567/1000
[2020-09-04 16:20:27] ==========
[2020-09-04 16:20:28] ----------------------------------------------------------------------------------------------------
[2020-09-04 16:20:28]            l_rec=11.825 l_lms=0.0126 err_lms=0.00/0.00/0.00 	T: 0:00:00
[2020-09-04 16:20:28] 
[2020-09-04 16:20:28] Epoch 568/1000
[2020-09-04 16:20:28] ==========
[2020-09-04 16:20:28] ----------------------------------------------------------------------------------------------------
[2020-09-04 16:20:28]            l_rec=11.825 l_lms=0.0127 err_lms=0.00/0.00/0.00 	T: 0:00:00
[2020-09-04 16:20:28] 
[2020-09-04 16:20:28] Epoch 569/1000
[2020-09-04 16:20:28] ==========
[2020-09-04 16:20:29] ----------------------------------------------------------------------------------------------------
[2020-09-04 16:20:29]            l_rec=11.825 l_lms=0.0128 err_lms=0.00/0.00/0.00 	T: 0:00:00
[2020-09-04 16:20:29] 
[2020-09-04 16:20:29] Epoch 570/1000
[2020-09-04 16:20:29] ==========
[2020-09-04 16:20:29] ----------------------------------------------------------------------------------------------------
[2020-09-04 16:20:29]            l_rec=11.825 l_lms=0.0121 err_lms=0.00/0.00/0.00 	T: 0:00:00
[2020-09-04 16:20:29] 
[2020-09-04 16:20:29] Epoch 571/1000
[2020-09-04 16:20:29] ==========
[2020-09-04 16:20:30] ----------------------------------------------------------------------------------------------------
[2020-09-04 16:20:30]            l_rec=11.825 l_lms=0.0123 err_lms=0.00/0.00/0.00 	T: 0:00:00
[2020-09-04 16:20:30] 
[2020-09-04 16:20:30] Epoch 572/1000
[2020-09-04 16:20:30] ==========
[2020-09-04 16:20:30] ----------------------------------------------------------------------------------------------------
[2020-09-04 16:20:30]            l_rec=11.825 l_lms=0.0122 err_lms=0.00/0.00/0.00 	T: 0:00:00
[2020-09-04 16:20:30] 
[2020-09-04 16:20:30] Epoch 573/1000
[2020-09-04 16:20:30] ==========
[2020-09-04 16:20:31] ----------------------------------------------------------------------------------------------------
[2020-09-04 16:20:31]            l_rec=11.825 l_lms=0.0119 err_lms=0.00/0.00/0.00 	T: 0:00:00
[2020-09-04 16:20:31] 
[2020-09-04 16:20:31] Epoch 574/1000
[2020-09-04 16:20:31] ==========
[2020-09-04 16:20:31] ----------------------------------------------------------------------------------------------------
[2020-09-04 16:20:31]            l_rec=11.825 l_lms=0.0121 err_lms=0.00/0.00/0.00 	T: 0:00:00
[2020-09-04 16:20:31] 
[2020-09-04 16:20:31] Epoch 575/1000
[2020-09-04 16:20:31] ==========
[2020-09-04 16:20:32] ----------------------------------------------------------------------------------------------------
[2020-09-04 16:20:32]            l_rec=11.825 l_lms=0.0119 err_lms=0.00/0.00/0.00 	T: 0:00:00
[2020-09-04 16:20:32] 
[2020-09-04 16:20:32] Epoch 576/1000
[2020-09-04 16:20:32] ==========
[2020-09-04 16:20:32] ----------------------------------------------------------------------------------------------------
[2020-09-04 16:20:32]            l_rec=11.825 l_lms=0.0117 err_lms=0.00/0.00/0.00 	T: 0:00:00
[2020-09-04 16:20:32] 
[2020-09-04 16:20:32] Epoch 577/1000
[2020-09-04 16:20:32] ==========
[2020-09-04 16:20:33] ----------------------------------------------------------------------------------------------------
[2020-09-04 16:20:33]            l_rec=11.825 l_lms=0.0119 err_lms=0.00/0.00/0.00 	T: 0:00:00
[2020-09-04 16:20:33] 
[2020-09-04 16:20:33] Epoch 578/1000
[2020-09-04 16:20:33] ==========
[2020-09-04 16:20:33] ----------------------------------------------------------------------------------------------------
[2020-09-04 16:20:33]            l_rec=11.825 l_lms=0.0116 err_lms=0.00/0.00/0.00 	T: 0:00:00
[2020-09-04 16:20:33] 
[2020-09-04 16:20:33] Epoch 579/1000
[2020-09-04 16:20:33] ==========
[2020-09-04 16:20:33] ----------------------------------------------------------------------------------------------------
[2020-09-04 16:20:33]            l_rec=11.825 l_lms=0.0116 err_lms=0.00/0.00/0.00 	T: 0:00:00
[2020-09-04 16:20:33] 
[2020-09-04 16:20:33] Epoch 580/1000
[2020-09-04 16:20:33] ==========
[2020-09-04 16:20:34] ----------------------------------------------------------------------------------------------------
[2020-09-04 16:20:34]            l_rec=11.825 l_lms=0.0116 err_lms=0.00/0.00/0.00 	T: 0:00:00
[2020-09-04 16:20:34] 
[2020-09-04 16:20:34] Epoch 581/1000
[2020-09-04 16:20:34] ==========
[2020-09-04 16:20:34] ----------------------------------------------------------------------------------------------------
[2020-09-04 16:20:34]            l_rec=11.825 l_lms=0.0114 err_lms=0.00/0.00/0.00 	T: 0:00:00
[2020-09-04 16:20:34] 
[2020-09-04 16:20:34] Epoch 582/1000
[2020-09-04 16:20:34] ==========
[2020-09-04 16:20:35] ----------------------------------------------------------------------------------------------------
[2020-09-04 16:20:35]            l_rec=11.825 l_lms=0.0114 err_lms=0.00/0.00/0.00 	T: 0:00:00
[2020-09-04 16:20:35] 
[2020-09-04 16:20:35] Epoch 583/1000
[2020-09-04 16:20:35] ==========
[2020-09-04 16:20:35] ----------------------------------------------------------------------------------------------------
[2020-09-04 16:20:35]            l_rec=11.825 l_lms=0.0114 err_lms=0.00/0.00/0.00 	T: 0:00:00
[2020-09-04 16:20:35] 
[2020-09-04 16:20:35] Epoch 584/1000
[2020-09-04 16:20:35] ==========
[2020-09-04 16:20:36] ----------------------------------------------------------------------------------------------------
[2020-09-04 16:20:36]            l_rec=11.825 l_lms=0.0113 err_lms=0.00/0.00/0.00 	T: 0:00:00
[2020-09-04 16:20:36] 
[2020-09-04 16:20:36] Epoch 585/1000
[2020-09-04 16:20:36] ==========
[2020-09-04 16:20:36] ----------------------------------------------------------------------------------------------------
[2020-09-04 16:20:36]            l_rec=11.825 l_lms=0.0113 err_lms=0.00/0.00/0.00 	T: 0:00:00
[2020-09-04 16:20:36] 
[2020-09-04 16:20:36] Epoch 586/1000
[2020-09-04 16:20:36] ==========
[2020-09-04 16:20:37] ----------------------------------------------------------------------------------------------------
[2020-09-04 16:20:37]            l_rec=11.825 l_lms=0.0112 err_lms=0.00/0.00/0.00 	T: 0:00:00
[2020-09-04 16:20:37] 
[2020-09-04 16:20:37] Epoch 587/1000
[2020-09-04 16:20:37] ==========
[2020-09-04 16:20:37] ----------------------------------------------------------------------------------------------------
[2020-09-04 16:20:37]            l_rec=11.825 l_lms=0.0111 err_lms=0.00/0.00/0.00 	T: 0:00:00
[2020-09-04 16:20:37] 
[2020-09-04 16:20:37] Epoch 588/1000
[2020-09-04 16:20:37] ==========
[2020-09-04 16:20:38] ----------------------------------------------------------------------------------------------------
[2020-09-04 16:20:38]            l_rec=11.825 l_lms=0.0112 err_lms=0.00/0.00/0.00 	T: 0:00:00
[2020-09-04 16:20:38] 
[2020-09-04 16:20:38] Epoch 589/1000
[2020-09-04 16:20:38] ==========
[2020-09-04 16:20:38] ----------------------------------------------------------------------------------------------------
[2020-09-04 16:20:38]            l_rec=11.825 l_lms=0.0111 err_lms=0.00/0.00/0.00 	T: 0:00:00
[2020-09-04 16:20:38] 
[2020-09-04 16:20:38] Epoch 590/1000
[2020-09-04 16:20:38] ==========
[2020-09-04 16:20:39] ----------------------------------------------------------------------------------------------------
[2020-09-04 16:20:39]            l_rec=11.825 l_lms=0.0110 err_lms=0.00/0.00/0.00 	T: 0:00:00
[2020-09-04 16:20:39] 
[2020-09-04 16:20:39] Epoch 591/1000
[2020-09-04 16:20:39] ==========
[2020-09-04 16:20:39] ----------------------------------------------------------------------------------------------------
[2020-09-04 16:20:39]            l_rec=11.825 l_lms=0.0110 err_lms=0.00/0.00/0.00 	T: 0:00:00
[2020-09-04 16:20:39] 
[2020-09-04 16:20:39] Epoch 592/1000
[2020-09-04 16:20:39] ==========
[2020-09-04 16:20:40] ----------------------------------------------------------------------------------------------------
[2020-09-04 16:20:40]            l_rec=11.825 l_lms=0.0110 err_lms=0.00/0.00/0.00 	T: 0:00:00
[2020-09-04 16:20:40] 
[2020-09-04 16:20:40] Epoch 593/1000
[2020-09-04 16:20:40] ==========
[2020-09-04 16:20:40] ----------------------------------------------------------------------------------------------------
[2020-09-04 16:20:40]            l_rec=11.825 l_lms=0.0109 err_lms=0.00/0.00/0.00 	T: 0:00:00
[2020-09-04 16:20:40] 
[2020-09-04 16:20:40] Epoch 594/1000
[2020-09-04 16:20:40] ==========
[2020-09-04 16:20:41] ----------------------------------------------------------------------------------------------------
[2020-09-04 16:20:41]            l_rec=11.825 l_lms=0.0109 err_lms=0.00/0.00/0.00 	T: 0:00:00
[2020-09-04 16:20:41] 
[2020-09-04 16:20:41] Epoch 595/1000
[2020-09-04 16:20:41] ==========
[2020-09-04 16:20:41] ----------------------------------------------------------------------------------------------------
[2020-09-04 16:20:41]            l_rec=11.825 l_lms=0.0109 err_lms=0.00/0.00/0.00 	T: 0:00:00
[2020-09-04 16:20:41] 
[2020-09-04 16:20:41] Epoch 596/1000
[2020-09-04 16:20:41] ==========
[2020-09-04 16:20:42] ----------------------------------------------------------------------------------------------------
[2020-09-04 16:20:42]            l_rec=11.825 l_lms=0.0108 err_lms=0.00/0.00/0.00 	T: 0:00:00
[2020-09-04 16:20:42] 
[2020-09-04 16:20:42] Epoch 597/1000
[2020-09-04 16:20:42] ==========
[2020-09-04 16:20:42] ----------------------------------------------------------------------------------------------------
[2020-09-04 16:20:42]            l_rec=11.825 l_lms=0.0108 err_lms=0.00/0.00/0.00 	T: 0:00:00
[2020-09-04 16:20:42] 
[2020-09-04 16:20:42] Epoch 598/1000
[2020-09-04 16:20:42] ==========
[2020-09-04 16:20:43] ----------------------------------------------------------------------------------------------------
[2020-09-04 16:20:43]            l_rec=11.825 l_lms=0.0108 err_lms=0.00/0.00/0.00 	T: 0:00:00
[2020-09-04 16:20:43] 
[2020-09-04 16:20:43] Epoch 599/1000
[2020-09-04 16:20:43] ==========
[2020-09-04 16:20:43] ----------------------------------------------------------------------------------------------------
[2020-09-04 16:20:43]            l_rec=11.825 l_lms=0.0109 err_lms=0.00/0.00/0.00 	T: 0:00:00
[2020-09-04 16:20:43] 
[2020-09-04 16:20:43] Epoch 600/1000
[2020-09-04 16:20:43] ==========
[2020-09-04 16:20:43] ----------------------------------------------------------------------------------------------------
[2020-09-04 16:20:43]            l_rec=11.825 l_lms=0.0109 err_lms=0.00/0.00/0.00 	T: 0:00:00
[2020-09-04 16:20:43] 
[2020-09-04 16:20:43] Evaluating 'test'...
[2020-09-04 16:20:45] [600][1/34] l_rec=17.692 l_lms=1.5492 err_lms=11.39/18.79/13.24 0.74/0.28/1.02s (000776 0:05:51)
[2020-09-04 16:20:45] [600][2/34] l_rec=18.864 l_lms=1.5654 err_lms=10.46/20.11/12.87 0.04/0.27/0.31s (000777 0:05:52)
[2020-09-04 16:20:45] [600][3/34] l_rec=18.910 l_lms=1.6146 err_lms=12.33/21.00/14.49 0.04/0.27/0.31s (000778 0:05:52)
[2020-09-04 16:20:45] [600][4/34] l_rec=17.424 l_lms=1.4749 err_lms=10.55/19.70/12.83 0.04/0.27/0.31s (000779 0:05:52)
[2020-09-04 16:20:46] [600][5/34] l_rec=14.632 l_lms=1.4325 err_lms=10.63/20.20/13.02 0.03/0.27/0.31s (000780 0:05:53)
[2020-09-04 16:20:46] [600][6/34] l_rec=15.156 l_lms=1.6676 err_lms=11.03/22.93/14.00 0.04/0.27/0.31s (000781 0:05:53)
[2020-09-04 16:20:46] [600][7/34] l_rec=15.814 l_lms=1.4205 err_lms=10.06/17.99/12.05 0.04/0.27/0.32s (000782 0:05:53)
[2020-09-04 16:20:47] [600][8/34] l_rec=17.165 l_lms=1.4754 err_lms=12.23/16.93/13.40 0.03/0.27/0.31s (000783 0:05:54)
[2020-09-04 16:20:47] [600][9/34] l_rec=17.000 l_lms=1.4800 err_lms=14.97/20.25/16.29 0.04/0.28/0.31s (000784 0:05:54)
[2020-09-04 16:20:47] [600][10/34] l_rec=16.566 l_lms=1.4760 err_lms=10.39/19.67/12.71 0.03/0.27/0.31s (000785 0:05:54)
[2020-09-04 16:20:48] [600][11/34] l_rec=15.644 l_lms=1.5422 err_lms=11.44/21.42/13.93 0.03/0.27/0.31s (000786 0:05:54)
[2020-09-04 16:20:48] [600][12/34] l_rec=18.277 l_lms=1.5348 err_lms=10.59/19.52/12.83 0.03/0.27/0.31s (000787 0:05:55)
[2020-09-04 16:20:48] [600][13/34] l_rec=13.183 l_lms=1.4779 err_lms=12.81/16.91/13.84 0.03/0.27/0.31s (000788 0:05:55)
[2020-09-04 16:20:49] [600][14/34] l_rec=13.438 l_lms=1.2520 err_lms=10.00/16.28/11.57 0.03/0.27/0.31s (000789 0:05:55)
[2020-09-04 16:20:49] [600][15/34] l_rec=14.831 l_lms=1.4699 err_lms=10.72/20.07/13.06 0.03/0.27/0.31s (000790 0:05:56)
[2020-09-04 16:20:49] [600][16/34] l_rec=18.122 l_lms=1.6361 err_lms=12.51/21.26/14.70 0.03/0.27/0.31s (000791 0:05:56)
[2020-09-04 16:20:49] [600][17/34] l_rec=16.159 l_lms=1.3766 err_lms=9.70/18.71/11.95 0.03/0.27/0.31s (000792 0:05:56)
[2020-09-04 16:20:50] [600][18/34] l_rec=15.427 l_lms=1.3350 err_lms=10.34/15.88/11.72 0.03/0.27/0.31s (000793 0:05:57)
[2020-09-04 16:20:50] [600][19/34] l_rec=16.121 l_lms=1.4525 err_lms=10.97/20.13/13.26 0.03/0.27/0.31s (000794 0:05:57)
[2020-09-04 16:20:50] [600][20/34] l_rec=16.219 l_lms=1.3471 err_lms=10.34/20.07/12.77 0.03/0.27/0.31s (000795 0:05:57)
[2020-09-04 16:20:51] [600][21/34] l_rec=14.441 l_lms=1.3427 err_lms=10.90/15.55/12.06 0.03/0.27/0.31s (000796 0:05:58)
[2020-09-04 16:20:51] [600][22/34] l_rec=16.949 l_lms=1.2919 err_lms=9.73/16.95/11.54 0.03/0.29/0.32s (000797 0:05:58)
[2020-09-04 16:20:51] [600][23/34] l_rec=17.735 l_lms=1.5519 err_lms=11.69/21.87/14.24 0.03/0.27/0.31s (000798 0:05:58)
[2020-09-04 16:20:52] [600][24/34] l_rec=14.685 l_lms=1.5921 err_lms=13.16/21.66/15.28 0.03/0.27/0.30s (000799 0:05:59)
[2020-09-04 16:20:52] [600][25/34] l_rec=15.637 l_lms=1.5102 err_lms=11.45/19.88/13.56 0.03/0.27/0.30s (000800 0:05:59)
[2020-09-04 16:20:52] [600][26/34] l_rec=17.508 l_lms=1.3029 err_lms=9.77/16.98/11.57 0.03/0.27/0.30s (000801 0:05:59)
[2020-09-04 16:20:53] [600][27/34] l_rec=16.127 l_lms=1.3831 err_lms=10.70/16.19/12.08 0.03/0.27/0.30s (000802 0:05:59)
[2020-09-04 16:20:53] [600][28/34] l_rec=15.755 l_lms=1.4277 err_lms=15.79/20.37/16.94 0.03/0.27/0.30s (000803 0:06:00)
[2020-09-04 16:20:53] [600][29/34] l_rec=20.286 l_lms=2.2305 err_lms=21.51/32.76/24.32 0.03/0.27/0.30s (000804 0:06:00)
[2020-09-04 16:20:53] [600][30/34] l_rec=17.811 l_lms=2.3825 err_lms=29.74/37.84/31.77 0.03/0.27/0.30s (000805 0:06:00)
[2020-09-04 16:20:54] [600][31/34] l_rec=14.738 l_lms=2.2922 err_lms=25.00/35.30/27.58 0.03/0.27/0.30s (000806 0:06:01)
[2020-09-04 16:20:54] [600][32/34] l_rec=15.827 l_lms=2.2404 err_lms=24.28/36.78/27.40 0.03/0.27/0.30s (000807 0:06:01)
[2020-09-04 16:20:54] [600][33/34] l_rec=18.535 l_lms=2.1598 err_lms=21.06/35.40/24.64 0.03/0.27/0.30s (000808 0:06:01)
[2020-09-04 16:20:55] [600][34/34] l_rec=16.345 l_lms=2.4115 err_lms=27.05/42.80/30.99 0.03/0.27/0.30s (000809 0:06:02)
[2020-09-04 16:20:55] [600][35/34] l_rec=17.976 l_lms=2.4230 err_lms=26.02/42.53/30.15 0.03/0.12/0.16s (000810 0:06:02)
[2020-09-04 16:20:55] ----------------------------------------------------------------------------------------------------
[2020-09-04 16:20:55]            l_rec=16.486 l_lms=1.6321 err_lms=13.85/22.56/16.03 	T: 0:00:11
[2020-09-04 16:20:55] 
[2020-09-04 16:20:55] Epoch 601/1000
[2020-09-04 16:20:55] ==========
[2020-09-04 16:20:55] ----------------------------------------------------------------------------------------------------
[2020-09-04 16:20:55]            l_rec=11.825 l_lms=0.0111 err_lms=0.00/0.00/0.00 	T: 0:00:00
[2020-09-04 16:20:55] 
[2020-09-04 16:20:55] Epoch 602/1000
[2020-09-04 16:20:55] ==========
[2020-09-04 16:20:56] ----------------------------------------------------------------------------------------------------
[2020-09-04 16:20:56]            l_rec=11.825 l_lms=0.0113 err_lms=0.00/0.00/0.00 	T: 0:00:00
[2020-09-04 16:20:56] 
[2020-09-04 16:20:56] Epoch 603/1000
[2020-09-04 16:20:56] ==========
[2020-09-04 16:20:56] ----------------------------------------------------------------------------------------------------
[2020-09-04 16:20:56]            l_rec=11.825 l_lms=0.0118 err_lms=0.00/0.00/0.00 	T: 0:00:00
[2020-09-04 16:20:56] 
[2020-09-04 16:20:56] Epoch 604/1000
[2020-09-04 16:20:56] ==========
[2020-09-04 16:20:57] ----------------------------------------------------------------------------------------------------
[2020-09-04 16:20:57]            l_rec=11.825 l_lms=0.0125 err_lms=0.00/0.00/0.00 	T: 0:00:00
[2020-09-04 16:20:57] 
[2020-09-04 16:20:57] Epoch 605/1000
[2020-09-04 16:20:57] ==========
[2020-09-04 16:20:57] ----------------------------------------------------------------------------------------------------
[2020-09-04 16:20:57]            l_rec=11.825 l_lms=0.0138 err_lms=0.00/0.00/0.00 	T: 0:00:00
[2020-09-04 16:20:57] 
[2020-09-04 16:20:57] Epoch 606/1000
[2020-09-04 16:20:57] ==========
[2020-09-04 16:20:58] ----------------------------------------------------------------------------------------------------
[2020-09-04 16:20:58]            l_rec=11.825 l_lms=0.0153 err_lms=0.00/0.00/0.00 	T: 0:00:00
[2020-09-04 16:20:58] 
[2020-09-04 16:20:58] Epoch 607/1000
[2020-09-04 16:20:58] ==========
[2020-09-04 16:20:58] ----------------------------------------------------------------------------------------------------
[2020-09-04 16:20:58]            l_rec=11.825 l_lms=0.0176 err_lms=0.00/0.00/0.00 	T: 0:00:00
[2020-09-04 16:20:58] 
[2020-09-04 16:20:58] Epoch 608/1000
[2020-09-04 16:20:58] ==========
[2020-09-04 16:20:59] ----------------------------------------------------------------------------------------------------
[2020-09-04 16:20:59]            l_rec=11.825 l_lms=0.0187 err_lms=0.00/0.00/0.00 	T: 0:00:00
[2020-09-04 16:20:59] 
[2020-09-04 16:20:59] Epoch 609/1000
[2020-09-04 16:20:59] ==========
[2020-09-04 16:20:59] ----------------------------------------------------------------------------------------------------
[2020-09-04 16:20:59]            l_rec=11.825 l_lms=0.0192 err_lms=0.00/0.00/0.00 	T: 0:00:00
[2020-09-04 16:20:59] 
[2020-09-04 16:20:59] Epoch 610/1000
[2020-09-04 16:20:59] ==========
[2020-09-04 16:21:00] ----------------------------------------------------------------------------------------------------
[2020-09-04 16:21:00]            l_rec=11.825 l_lms=0.0169 err_lms=0.00/0.00/0.00 	T: 0:00:00
[2020-09-04 16:21:00] 
[2020-09-04 16:21:00] Epoch 611/1000
[2020-09-04 16:21:00] ==========
[2020-09-04 16:21:00] ----------------------------------------------------------------------------------------------------
[2020-09-04 16:21:00]            l_rec=11.825 l_lms=0.0138 err_lms=0.00/0.00/0.00 	T: 0:00:00
[2020-09-04 16:21:00] 
[2020-09-04 16:21:00] Epoch 612/1000
[2020-09-04 16:21:00] ==========
[2020-09-04 16:21:01] ----------------------------------------------------------------------------------------------------
[2020-09-04 16:21:01]            l_rec=11.825 l_lms=0.0121 err_lms=0.00/0.00/0.00 	T: 0:00:00
[2020-09-04 16:21:01] 
[2020-09-04 16:21:01] Epoch 613/1000
[2020-09-04 16:21:01] ==========
[2020-09-04 16:21:01] ----------------------------------------------------------------------------------------------------
[2020-09-04 16:21:01]            l_rec=11.825 l_lms=0.0126 err_lms=0.00/0.00/0.00 	T: 0:00:00
[2020-09-04 16:21:01] 
[2020-09-04 16:21:01] Epoch 614/1000
[2020-09-04 16:21:01] ==========
[2020-09-04 16:21:02] ----------------------------------------------------------------------------------------------------
[2020-09-04 16:21:02]            l_rec=11.825 l_lms=0.0149 err_lms=0.00/0.00/0.00 	T: 0:00:00
[2020-09-04 16:21:02] 
[2020-09-04 16:21:02] Epoch 615/1000
[2020-09-04 16:21:02] ==========
[2020-09-04 16:21:02] ----------------------------------------------------------------------------------------------------
[2020-09-04 16:21:02]            l_rec=11.825 l_lms=0.0159 err_lms=0.00/0.00/0.00 	T: 0:00:00
[2020-09-04 16:21:02] 
[2020-09-04 16:21:02] Epoch 616/1000
[2020-09-04 16:21:02] ==========
[2020-09-04 16:21:03] ----------------------------------------------------------------------------------------------------
[2020-09-04 16:21:03]            l_rec=11.825 l_lms=0.0153 err_lms=0.00/0.00/0.00 	T: 0:00:00
[2020-09-04 16:21:03] 
[2020-09-04 16:21:03] Epoch 617/1000
[2020-09-04 16:21:03] ==========
[2020-09-04 16:21:03] ----------------------------------------------------------------------------------------------------
[2020-09-04 16:21:03]            l_rec=11.825 l_lms=0.0142 err_lms=0.00/0.00/0.00 	T: 0:00:00
[2020-09-04 16:21:03] 
[2020-09-04 16:21:03] Epoch 618/1000
[2020-09-04 16:21:03] ==========
[2020-09-04 16:21:03] ----------------------------------------------------------------------------------------------------
[2020-09-04 16:21:03]            l_rec=11.825 l_lms=0.0130 err_lms=0.00/0.00/0.00 	T: 0:00:00
[2020-09-04 16:21:03] 
[2020-09-04 16:21:03] Epoch 619/1000
[2020-09-04 16:21:03] ==========
[2020-09-04 16:21:04] ----------------------------------------------------------------------------------------------------
[2020-09-04 16:21:04]            l_rec=11.825 l_lms=0.0132 err_lms=0.00/0.00/0.00 	T: 0:00:00
[2020-09-04 16:21:04] 
[2020-09-04 16:21:04] Epoch 620/1000
[2020-09-04 16:21:04] ==========
[2020-09-04 16:21:04] ----------------------------------------------------------------------------------------------------
[2020-09-04 16:21:04]            l_rec=11.825 l_lms=0.0129 err_lms=0.00/0.00/0.00 	T: 0:00:00
[2020-09-04 16:21:04] 
[2020-09-04 16:21:04] Epoch 621/1000
[2020-09-04 16:21:04] ==========
[2020-09-04 16:21:05] ----------------------------------------------------------------------------------------------------
[2020-09-04 16:21:05]            l_rec=11.825 l_lms=0.0121 err_lms=0.00/0.00/0.00 	T: 0:00:00
[2020-09-04 16:21:05] 
[2020-09-04 16:21:05] Epoch 622/1000
[2020-09-04 16:21:05] ==========
[2020-09-04 16:21:05] ----------------------------------------------------------------------------------------------------
[2020-09-04 16:21:05]            l_rec=11.825 l_lms=0.0111 err_lms=0.00/0.00/0.00 	T: 0:00:00
[2020-09-04 16:21:05] 
[2020-09-04 16:21:05] Epoch 623/1000
[2020-09-04 16:21:05] ==========
[2020-09-04 16:21:06] ----------------------------------------------------------------------------------------------------
[2020-09-04 16:21:06]            l_rec=11.825 l_lms=0.0108 err_lms=0.00/0.00/0.00 	T: 0:00:00
[2020-09-04 16:21:06] 
[2020-09-04 16:21:06] Epoch 624/1000
[2020-09-04 16:21:06] ==========
[2020-09-04 16:21:06] ----------------------------------------------------------------------------------------------------
[2020-09-04 16:21:06]            l_rec=11.825 l_lms=0.0115 err_lms=0.00/0.00/0.00 	T: 0:00:00
[2020-09-04 16:21:06] 
[2020-09-04 16:21:06] Epoch 625/1000
[2020-09-04 16:21:06] ==========
[2020-09-04 16:21:07] ----------------------------------------------------------------------------------------------------
[2020-09-04 16:21:07]            l_rec=11.825 l_lms=0.0121 err_lms=0.00/0.00/0.00 	T: 0:00:00
[2020-09-04 16:21:07] 
[2020-09-04 16:21:07] Epoch 626/1000
[2020-09-04 16:21:07] ==========
[2020-09-04 16:21:08] ----------------------------------------------------------------------------------------------------
[2020-09-04 16:21:08]            l_rec=11.825 l_lms=0.0121 err_lms=0.00/0.00/0.00 	T: 0:00:00
[2020-09-04 16:21:08] 
[2020-09-04 16:21:08] Epoch 627/1000
[2020-09-04 16:21:08] ==========
[2020-09-04 16:21:08] ----------------------------------------------------------------------------------------------------
[2020-09-04 16:21:08]            l_rec=11.825 l_lms=0.0113 err_lms=0.00/0.00/0.00 	T: 0:00:00
[2020-09-04 16:21:08] 
[2020-09-04 16:21:08] Epoch 628/1000
[2020-09-04 16:21:08] ==========
[2020-09-04 16:21:08] ----------------------------------------------------------------------------------------------------
[2020-09-04 16:21:08]            l_rec=11.825 l_lms=0.0105 err_lms=0.00/0.00/0.00 	T: 0:00:00
[2020-09-04 16:21:08] 
[2020-09-04 16:21:08] Epoch 629/1000
[2020-09-04 16:21:08] ==========
[2020-09-04 16:21:09] ----------------------------------------------------------------------------------------------------
[2020-09-04 16:21:09]            l_rec=11.825 l_lms=0.0105 err_lms=0.00/0.00/0.00 	T: 0:00:00
[2020-09-04 16:21:09] 
[2020-09-04 16:21:09] Epoch 630/1000
[2020-09-04 16:21:09] ==========
[2020-09-04 16:21:09] ----------------------------------------------------------------------------------------------------
[2020-09-04 16:21:09]            l_rec=11.825 l_lms=0.0108 err_lms=0.00/0.00/0.00 	T: 0:00:00
[2020-09-04 16:21:09] 
[2020-09-04 16:21:09] Epoch 631/1000
[2020-09-04 16:21:09] ==========
[2020-09-04 16:21:10] ----------------------------------------------------------------------------------------------------
[2020-09-04 16:21:10]            l_rec=11.825 l_lms=0.0108 err_lms=0.00/0.00/0.00 	T: 0:00:00
[2020-09-04 16:21:10] 
[2020-09-04 16:21:10] Epoch 632/1000
[2020-09-04 16:21:10] ==========
[2020-09-04 16:21:10] ----------------------------------------------------------------------------------------------------
[2020-09-04 16:21:10]            l_rec=11.825 l_lms=0.0106 err_lms=0.00/0.00/0.00 	T: 0:00:00
[2020-09-04 16:21:10] 
[2020-09-04 16:21:10] Epoch 633/1000
[2020-09-04 16:21:10] ==========
[2020-09-04 16:21:11] ----------------------------------------------------------------------------------------------------
[2020-09-04 16:21:11]            l_rec=11.825 l_lms=0.0104 err_lms=0.00/0.00/0.00 	T: 0:00:00
[2020-09-04 16:21:11] 
[2020-09-04 16:21:11] Epoch 634/1000
[2020-09-04 16:21:11] ==========
[2020-09-04 16:21:11] ----------------------------------------------------------------------------------------------------
[2020-09-04 16:21:11]            l_rec=11.825 l_lms=0.0105 err_lms=0.00/0.00/0.00 	T: 0:00:00
[2020-09-04 16:21:11] 
[2020-09-04 16:21:11] Epoch 635/1000
[2020-09-04 16:21:11] ==========
[2020-09-04 16:21:12] ----------------------------------------------------------------------------------------------------
[2020-09-04 16:21:12]            l_rec=11.825 l_lms=0.0106 err_lms=0.00/0.00/0.00 	T: 0:00:00
[2020-09-04 16:21:12] 
[2020-09-04 16:21:12] Epoch 636/1000
[2020-09-04 16:21:12] ==========
[2020-09-04 16:21:12] ----------------------------------------------------------------------------------------------------
[2020-09-04 16:21:12]            l_rec=11.825 l_lms=0.0104 err_lms=0.00/0.00/0.00 	T: 0:00:00
[2020-09-04 16:21:12] 
[2020-09-04 16:21:12] Epoch 637/1000
[2020-09-04 16:21:12] ==========
[2020-09-04 16:21:13] ----------------------------------------------------------------------------------------------------
[2020-09-04 16:21:13]            l_rec=11.825 l_lms=0.0101 err_lms=0.00/0.00/0.00 	T: 0:00:00
[2020-09-04 16:21:13] 
[2020-09-04 16:21:13] Epoch 638/1000
[2020-09-04 16:21:13] ==========
[2020-09-04 16:21:13] ----------------------------------------------------------------------------------------------------
[2020-09-04 16:21:13]            l_rec=11.825 l_lms=0.0099 err_lms=0.00/0.00/0.00 	T: 0:00:00
[2020-09-04 16:21:13] 
[2020-09-04 16:21:13] Epoch 639/1000
[2020-09-04 16:21:13] ==========
[2020-09-04 16:21:14] ----------------------------------------------------------------------------------------------------
[2020-09-04 16:21:14]            l_rec=11.825 l_lms=0.0100 err_lms=0.00/0.00/0.00 	T: 0:00:00
[2020-09-04 16:21:14] 
[2020-09-04 16:21:14] Epoch 640/1000
[2020-09-04 16:21:14] ==========
[2020-09-04 16:21:14] ----------------------------------------------------------------------------------------------------
[2020-09-04 16:21:14]            l_rec=11.825 l_lms=0.0101 err_lms=0.00/0.00/0.00 	T: 0:00:00
[2020-09-04 16:21:14] 
[2020-09-04 16:21:14] Epoch 641/1000
[2020-09-04 16:21:14] ==========
[2020-09-04 16:21:15] ----------------------------------------------------------------------------------------------------
[2020-09-04 16:21:15]            l_rec=11.825 l_lms=0.0101 err_lms=0.00/0.00/0.00 	T: 0:00:00
[2020-09-04 16:21:15] 
[2020-09-04 16:21:15] Epoch 642/1000
[2020-09-04 16:21:15] ==========
[2020-09-04 16:21:15] ----------------------------------------------------------------------------------------------------
[2020-09-04 16:21:15]            l_rec=11.825 l_lms=0.0100 err_lms=0.00/0.00/0.00 	T: 0:00:00
[2020-09-04 16:21:15] 
[2020-09-04 16:21:15] Epoch 643/1000
[2020-09-04 16:21:15] ==========
[2020-09-04 16:21:16] ----------------------------------------------------------------------------------------------------
[2020-09-04 16:21:16]            l_rec=11.825 l_lms=0.0099 err_lms=0.00/0.00/0.00 	T: 0:00:00
[2020-09-04 16:21:16] 
[2020-09-04 16:21:16] Epoch 644/1000
[2020-09-04 16:21:16] ==========
[2020-09-04 16:21:16] ----------------------------------------------------------------------------------------------------
[2020-09-04 16:21:16]            l_rec=11.825 l_lms=0.0099 err_lms=0.00/0.00/0.00 	T: 0:00:00
[2020-09-04 16:21:16] 
[2020-09-04 16:21:16] Epoch 645/1000
[2020-09-04 16:21:16] ==========
[2020-09-04 16:21:17] ----------------------------------------------------------------------------------------------------
[2020-09-04 16:21:17]            l_rec=11.825 l_lms=0.0099 err_lms=0.00/0.00/0.00 	T: 0:00:00
[2020-09-04 16:21:17] 
[2020-09-04 16:21:17] Epoch 646/1000
[2020-09-04 16:21:17] ==========
[2020-09-04 16:21:17] ----------------------------------------------------------------------------------------------------
[2020-09-04 16:21:17]            l_rec=11.825 l_lms=0.0098 err_lms=0.00/0.00/0.00 	T: 0:00:00
[2020-09-04 16:21:17] 
[2020-09-04 16:21:17] Epoch 647/1000
[2020-09-04 16:21:17] ==========
[2020-09-04 16:21:18] ----------------------------------------------------------------------------------------------------
[2020-09-04 16:21:18]            l_rec=11.825 l_lms=0.0098 err_lms=0.00/0.00/0.00 	T: 0:00:00
[2020-09-04 16:21:18] 
[2020-09-04 16:21:18] Epoch 648/1000
[2020-09-04 16:21:18] ==========
[2020-09-04 16:21:18] ----------------------------------------------------------------------------------------------------
[2020-09-04 16:21:18]            l_rec=11.825 l_lms=0.0097 err_lms=0.00/0.00/0.00 	T: 0:00:00
[2020-09-04 16:21:18] 
[2020-09-04 16:21:18] Epoch 649/1000
[2020-09-04 16:21:18] ==========
[2020-09-04 16:21:18] ----------------------------------------------------------------------------------------------------
[2020-09-04 16:21:18]            l_rec=11.825 l_lms=0.0097 err_lms=0.00/0.00/0.00 	T: 0:00:00
[2020-09-04 16:21:18] 
[2020-09-04 16:21:18] Epoch 650/1000
[2020-09-04 16:21:18] ==========
[2020-09-04 16:21:19] ----------------------------------------------------------------------------------------------------
[2020-09-04 16:21:19]            l_rec=11.825 l_lms=0.0097 err_lms=0.00/0.00/0.00 	T: 0:00:00
[2020-09-04 16:21:19] 
[2020-09-04 16:21:19] Epoch 651/1000
[2020-09-04 16:21:19] ==========
[2020-09-04 16:21:19] ----------------------------------------------------------------------------------------------------
[2020-09-04 16:21:19]            l_rec=11.825 l_lms=0.0097 err_lms=0.00/0.00/0.00 	T: 0:00:00
[2020-09-04 16:21:19] 
[2020-09-04 16:21:19] Epoch 652/1000
[2020-09-04 16:21:19] ==========
[2020-09-04 16:21:20] ----------------------------------------------------------------------------------------------------
[2020-09-04 16:21:20]            l_rec=11.825 l_lms=0.0096 err_lms=0.00/0.00/0.00 	T: 0:00:00
[2020-09-04 16:21:20] 
[2020-09-04 16:21:20] Epoch 653/1000
[2020-09-04 16:21:20] ==========
[2020-09-04 16:21:20] ----------------------------------------------------------------------------------------------------
[2020-09-04 16:21:20]            l_rec=11.825 l_lms=0.0096 err_lms=0.00/0.00/0.00 	T: 0:00:00
[2020-09-04 16:21:20] 
[2020-09-04 16:21:20] Epoch 654/1000
[2020-09-04 16:21:20] ==========
[2020-09-04 16:21:21] ----------------------------------------------------------------------------------------------------
[2020-09-04 16:21:21]            l_rec=11.825 l_lms=0.0096 err_lms=0.00/0.00/0.00 	T: 0:00:00
[2020-09-04 16:21:21] 
[2020-09-04 16:21:21] Epoch 655/1000
[2020-09-04 16:21:21] ==========
[2020-09-04 16:21:21] ----------------------------------------------------------------------------------------------------
[2020-09-04 16:21:21]            l_rec=11.825 l_lms=0.0096 err_lms=0.00/0.00/0.00 	T: 0:00:00
[2020-09-04 16:21:21] 
[2020-09-04 16:21:21] Epoch 656/1000
[2020-09-04 16:21:21] ==========
[2020-09-04 16:21:22] ----------------------------------------------------------------------------------------------------
[2020-09-04 16:21:22]            l_rec=11.825 l_lms=0.0096 err_lms=0.00/0.00/0.00 	T: 0:00:00
[2020-09-04 16:21:22] 
[2020-09-04 16:21:22] Epoch 657/1000
[2020-09-04 16:21:22] ==========
[2020-09-04 16:21:22] ----------------------------------------------------------------------------------------------------
[2020-09-04 16:21:22]            l_rec=11.825 l_lms=0.0095 err_lms=0.00/0.00/0.00 	T: 0:00:00
[2020-09-04 16:21:22] 
[2020-09-04 16:21:22] Epoch 658/1000
[2020-09-04 16:21:22] ==========
[2020-09-04 16:21:23] ----------------------------------------------------------------------------------------------------
[2020-09-04 16:21:23]            l_rec=11.825 l_lms=0.0095 err_lms=0.00/0.00/0.00 	T: 0:00:00
[2020-09-04 16:21:23] 
[2020-09-04 16:21:23] Epoch 659/1000
[2020-09-04 16:21:23] ==========
[2020-09-04 16:21:23] ----------------------------------------------------------------------------------------------------
[2020-09-04 16:21:23]            l_rec=11.825 l_lms=0.0095 err_lms=0.00/0.00/0.00 	T: 0:00:00
[2020-09-04 16:21:23] 
[2020-09-04 16:21:23] Epoch 660/1000
[2020-09-04 16:21:23] ==========
[2020-09-04 16:21:24] ----------------------------------------------------------------------------------------------------
[2020-09-04 16:21:24]            l_rec=11.825 l_lms=0.0095 err_lms=0.00/0.00/0.00 	T: 0:00:00
[2020-09-04 16:21:24] 
[2020-09-04 16:21:24] Epoch 661/1000
[2020-09-04 16:21:24] ==========
[2020-09-04 16:21:24] ----------------------------------------------------------------------------------------------------
[2020-09-04 16:21:24]            l_rec=11.825 l_lms=0.0095 err_lms=0.00/0.00/0.00 	T: 0:00:00
[2020-09-04 16:21:24] 
[2020-09-04 16:21:24] Epoch 662/1000
[2020-09-04 16:21:24] ==========
[2020-09-04 16:21:25] ----------------------------------------------------------------------------------------------------
[2020-09-04 16:21:25]            l_rec=11.825 l_lms=0.0094 err_lms=0.00/0.00/0.00 	T: 0:00:00
[2020-09-04 16:21:25] 
[2020-09-04 16:21:25] Epoch 663/1000
[2020-09-04 16:21:25] ==========
[2020-09-04 16:21:25] ----------------------------------------------------------------------------------------------------
[2020-09-04 16:21:25]            l_rec=11.825 l_lms=0.0094 err_lms=0.00/0.00/0.00 	T: 0:00:00
[2020-09-04 16:21:25] 
[2020-09-04 16:21:25] Epoch 664/1000
[2020-09-04 16:21:25] ==========
[2020-09-04 16:21:26] ----------------------------------------------------------------------------------------------------
[2020-09-04 16:21:26]            l_rec=11.825 l_lms=0.0094 err_lms=0.00/0.00/0.00 	T: 0:00:00
[2020-09-04 16:21:26] 
[2020-09-04 16:21:26] Epoch 665/1000
[2020-09-04 16:21:26] ==========
[2020-09-04 16:21:26] ----------------------------------------------------------------------------------------------------
[2020-09-04 16:21:26]            l_rec=11.825 l_lms=0.0094 err_lms=0.00/0.00/0.00 	T: 0:00:00
[2020-09-04 16:21:26] 
[2020-09-04 16:21:26] Epoch 666/1000
[2020-09-04 16:21:26] ==========
[2020-09-04 16:21:27] ----------------------------------------------------------------------------------------------------
[2020-09-04 16:21:27]            l_rec=11.825 l_lms=0.0094 err_lms=0.00/0.00/0.00 	T: 0:00:00
[2020-09-04 16:21:27] 
[2020-09-04 16:21:27] Epoch 667/1000
[2020-09-04 16:21:27] ==========
[2020-09-04 16:21:27] ----------------------------------------------------------------------------------------------------
[2020-09-04 16:21:27]            l_rec=11.825 l_lms=0.0094 err_lms=0.00/0.00/0.00 	T: 0:00:00
[2020-09-04 16:21:27] 
[2020-09-04 16:21:27] Epoch 668/1000
[2020-09-04 16:21:27] ==========
[2020-09-04 16:21:28] ----------------------------------------------------------------------------------------------------
[2020-09-04 16:21:28]            l_rec=11.825 l_lms=0.0094 err_lms=0.00/0.00/0.00 	T: 0:00:00
[2020-09-04 16:21:28] 
[2020-09-04 16:21:28] Epoch 669/1000
[2020-09-04 16:21:28] ==========
[2020-09-04 16:21:28] ----------------------------------------------------------------------------------------------------
[2020-09-04 16:21:28]            l_rec=11.825 l_lms=0.0095 err_lms=0.00/0.00/0.00 	T: 0:00:00
[2020-09-04 16:21:28] 
[2020-09-04 16:21:28] Epoch 670/1000
[2020-09-04 16:21:28] ==========
[2020-09-04 16:21:29] ----------------------------------------------------------------------------------------------------
[2020-09-04 16:21:29]            l_rec=11.825 l_lms=0.0096 err_lms=0.00/0.00/0.00 	T: 0:00:00
[2020-09-04 16:21:29] 
[2020-09-04 16:21:29] Epoch 671/1000
[2020-09-04 16:21:29] ==========
[2020-09-04 16:21:29] ----------------------------------------------------------------------------------------------------
[2020-09-04 16:21:29]            l_rec=11.825 l_lms=0.0097 err_lms=0.00/0.00/0.00 	T: 0:00:00
[2020-09-04 16:21:29] 
[2020-09-04 16:21:29] Epoch 672/1000
[2020-09-04 16:21:29] ==========
[2020-09-04 16:21:30] ----------------------------------------------------------------------------------------------------
[2020-09-04 16:21:30]            l_rec=11.825 l_lms=0.0099 err_lms=0.00/0.00/0.00 	T: 0:00:00
[2020-09-04 16:21:30] 
[2020-09-04 16:21:30] Epoch 673/1000
[2020-09-04 16:21:30] ==========
[2020-09-04 16:21:30] ----------------------------------------------------------------------------------------------------
[2020-09-04 16:21:30]            l_rec=11.825 l_lms=0.0102 err_lms=0.00/0.00/0.00 	T: 0:00:00
[2020-09-04 16:21:30] 
[2020-09-04 16:21:30] Epoch 674/1000
[2020-09-04 16:21:30] ==========
[2020-09-04 16:21:31] ----------------------------------------------------------------------------------------------------
[2020-09-04 16:21:31]            l_rec=11.825 l_lms=0.0107 err_lms=0.00/0.00/0.00 	T: 0:00:00
[2020-09-04 16:21:31] 
[2020-09-04 16:21:31] Epoch 675/1000
[2020-09-04 16:21:31] ==========
[2020-09-04 16:21:31] ----------------------------------------------------------------------------------------------------
[2020-09-04 16:21:31]            l_rec=11.825 l_lms=0.0114 err_lms=0.00/0.00/0.00 	T: 0:00:00
[2020-09-04 16:21:31] 
[2020-09-04 16:21:31] Epoch 676/1000
[2020-09-04 16:21:31] ==========
[2020-09-04 16:21:32] ----------------------------------------------------------------------------------------------------
[2020-09-04 16:21:32]            l_rec=11.825 l_lms=0.0126 err_lms=0.00/0.00/0.00 	T: 0:00:00
[2020-09-04 16:21:32] 
[2020-09-04 16:21:32] Epoch 677/1000
[2020-09-04 16:21:32] ==========
[2020-09-04 16:21:32] ----------------------------------------------------------------------------------------------------
[2020-09-04 16:21:32]            l_rec=11.825 l_lms=0.0139 err_lms=0.00/0.00/0.00 	T: 0:00:00
[2020-09-04 16:21:32] 
[2020-09-04 16:21:32] Epoch 678/1000
[2020-09-04 16:21:32] ==========
[2020-09-04 16:21:33] ----------------------------------------------------------------------------------------------------
[2020-09-04 16:21:33]            l_rec=11.825 l_lms=0.0155 err_lms=0.00/0.00/0.00 	T: 0:00:00
[2020-09-04 16:21:33] 
[2020-09-04 16:21:33] Epoch 679/1000
[2020-09-04 16:21:33] ==========
[2020-09-04 16:21:33] ----------------------------------------------------------------------------------------------------
[2020-09-04 16:21:33]            l_rec=11.825 l_lms=0.0164 err_lms=0.00/0.00/0.00 	T: 0:00:00
[2020-09-04 16:21:33] 
[2020-09-04 16:21:33] Epoch 680/1000
[2020-09-04 16:21:33] ==========
[2020-09-04 16:21:34] ----------------------------------------------------------------------------------------------------
[2020-09-04 16:21:34]            l_rec=11.825 l_lms=0.0164 err_lms=0.00/0.00/0.00 	T: 0:00:00
[2020-09-04 16:21:34] 
[2020-09-04 16:21:34] Epoch 681/1000
[2020-09-04 16:21:34] ==========
[2020-09-04 16:21:34] ----------------------------------------------------------------------------------------------------
[2020-09-04 16:21:34]            l_rec=11.825 l_lms=0.0145 err_lms=0.00/0.00/0.00 	T: 0:00:00
[2020-09-04 16:21:34] 
[2020-09-04 16:21:34] Epoch 682/1000
[2020-09-04 16:21:34] ==========
[2020-09-04 16:21:34] ----------------------------------------------------------------------------------------------------
[2020-09-04 16:21:34]            l_rec=11.825 l_lms=0.0116 err_lms=0.00/0.00/0.00 	T: 0:00:00
[2020-09-04 16:21:34] 
[2020-09-04 16:21:34] Epoch 683/1000
[2020-09-04 16:21:34] ==========
[2020-09-04 16:21:35] ----------------------------------------------------------------------------------------------------
[2020-09-04 16:21:35]            l_rec=11.825 l_lms=0.0098 err_lms=0.00/0.00/0.00 	T: 0:00:00
[2020-09-04 16:21:35] 
[2020-09-04 16:21:35] Epoch 684/1000
[2020-09-04 16:21:35] ==========
[2020-09-04 16:21:35] ----------------------------------------------------------------------------------------------------
[2020-09-04 16:21:35]            l_rec=11.825 l_lms=0.0096 err_lms=0.00/0.00/0.00 	T: 0:00:00
[2020-09-04 16:21:35] 
[2020-09-04 16:21:35] Epoch 685/1000
[2020-09-04 16:21:35] ==========
[2020-09-04 16:21:36] ----------------------------------------------------------------------------------------------------
[2020-09-04 16:21:36]            l_rec=11.825 l_lms=0.0108 err_lms=0.00/0.00/0.00 	T: 0:00:00
[2020-09-04 16:21:36] 
[2020-09-04 16:21:36] Epoch 686/1000
[2020-09-04 16:21:36] ==========
[2020-09-04 16:21:36] ----------------------------------------------------------------------------------------------------
[2020-09-04 16:21:36]            l_rec=11.825 l_lms=0.0117 err_lms=0.00/0.00/0.00 	T: 0:00:00
[2020-09-04 16:21:36] 
[2020-09-04 16:21:36] Epoch 687/1000
[2020-09-04 16:21:36] ==========
[2020-09-04 16:21:37] ----------------------------------------------------------------------------------------------------
[2020-09-04 16:21:37]            l_rec=11.825 l_lms=0.0115 err_lms=0.00/0.00/0.00 	T: 0:00:00
[2020-09-04 16:21:37] 
[2020-09-04 16:21:37] Epoch 688/1000
[2020-09-04 16:21:37] ==========
[2020-09-04 16:21:37] ----------------------------------------------------------------------------------------------------
[2020-09-04 16:21:37]            l_rec=11.825 l_lms=0.0106 err_lms=0.00/0.00/0.00 	T: 0:00:00
[2020-09-04 16:21:37] 
[2020-09-04 16:21:37] Epoch 689/1000
[2020-09-04 16:21:37] ==========
[2020-09-04 16:21:38] ----------------------------------------------------------------------------------------------------
[2020-09-04 16:21:38]            l_rec=11.825 l_lms=0.0096 err_lms=0.00/0.00/0.00 	T: 0:00:00
[2020-09-04 16:21:38] 
[2020-09-04 16:21:38] Epoch 690/1000
[2020-09-04 16:21:38] ==========
[2020-09-04 16:21:38] ----------------------------------------------------------------------------------------------------
[2020-09-04 16:21:38]            l_rec=11.825 l_lms=0.0095 err_lms=0.00/0.00/0.00 	T: 0:00:00
[2020-09-04 16:21:38] 
[2020-09-04 16:21:38] Epoch 691/1000
[2020-09-04 16:21:38] ==========
[2020-09-04 16:21:39] ----------------------------------------------------------------------------------------------------
[2020-09-04 16:21:39]            l_rec=11.825 l_lms=0.0100 err_lms=0.00/0.00/0.00 	T: 0:00:00
[2020-09-04 16:21:39] 
[2020-09-04 16:21:39] Epoch 692/1000
[2020-09-04 16:21:39] ==========
[2020-09-04 16:21:39] ----------------------------------------------------------------------------------------------------
[2020-09-04 16:21:39]            l_rec=11.825 l_lms=0.0102 err_lms=0.00/0.00/0.00 	T: 0:00:00
[2020-09-04 16:21:39] 
[2020-09-04 16:21:39] Epoch 693/1000
[2020-09-04 16:21:39] ==========
[2020-09-04 16:21:40] ----------------------------------------------------------------------------------------------------
[2020-09-04 16:21:40]            l_rec=11.825 l_lms=0.0099 err_lms=0.00/0.00/0.00 	T: 0:00:00
[2020-09-04 16:21:40] 
[2020-09-04 16:21:40] Epoch 694/1000
[2020-09-04 16:21:40] ==========
[2020-09-04 16:21:40] ----------------------------------------------------------------------------------------------------
[2020-09-04 16:21:40]            l_rec=11.825 l_lms=0.0094 err_lms=0.00/0.00/0.00 	T: 0:00:00
[2020-09-04 16:21:40] 
[2020-09-04 16:21:40] Epoch 695/1000
[2020-09-04 16:21:40] ==========
[2020-09-04 16:21:41] ----------------------------------------------------------------------------------------------------
[2020-09-04 16:21:41]            l_rec=11.825 l_lms=0.0092 err_lms=0.00/0.00/0.00 	T: 0:00:00
[2020-09-04 16:21:41] 
[2020-09-04 16:21:41] Epoch 696/1000
[2020-09-04 16:21:41] ==========
[2020-09-04 16:21:41] ----------------------------------------------------------------------------------------------------
[2020-09-04 16:21:41]            l_rec=11.825 l_lms=0.0093 err_lms=0.00/0.00/0.00 	T: 0:00:00
[2020-09-04 16:21:41] 
[2020-09-04 16:21:41] Epoch 697/1000
[2020-09-04 16:21:41] ==========
[2020-09-04 16:21:42] ----------------------------------------------------------------------------------------------------
[2020-09-04 16:21:42]            l_rec=11.825 l_lms=0.0093 err_lms=0.00/0.00/0.00 	T: 0:00:00
[2020-09-04 16:21:42] 
[2020-09-04 16:21:42] Epoch 698/1000
[2020-09-04 16:21:42] ==========
[2020-09-04 16:21:42] ----------------------------------------------------------------------------------------------------
[2020-09-04 16:21:42]            l_rec=11.825 l_lms=0.0093 err_lms=0.00/0.00/0.00 	T: 0:00:00
[2020-09-04 16:21:42] 
[2020-09-04 16:21:42] Epoch 699/1000
[2020-09-04 16:21:42] ==========
[2020-09-04 16:21:43] ----------------------------------------------------------------------------------------------------
[2020-09-04 16:21:43]            l_rec=11.825 l_lms=0.0092 err_lms=0.00/0.00/0.00 	T: 0:00:00
[2020-09-04 16:21:43] 
[2020-09-04 16:21:43] Epoch 700/1000
[2020-09-04 16:21:43] ==========
[2020-09-04 16:21:43] ----------------------------------------------------------------------------------------------------
[2020-09-04 16:21:43]            l_rec=11.825 l_lms=0.0091 err_lms=0.00/0.00/0.00 	T: 0:00:00
[2020-09-04 16:21:43] 
[2020-09-04 16:21:43] Evaluating 'test'...
[2020-09-04 16:21:44] [700][1/34] l_rec=17.692 l_lms=1.5407 err_lms=11.39/18.51/13.17 0.72/0.28/1.00s (000911 0:06:51)
[2020-09-04 16:21:45] [700][2/34] l_rec=18.864 l_lms=1.5565 err_lms=10.45/19.96/12.83 0.04/0.27/0.32s (000912 0:06:51)
[2020-09-04 16:21:45] [700][3/34] l_rec=18.910 l_lms=1.6072 err_lms=12.33/20.58/14.39 0.03/0.27/0.30s (000913 0:06:52)
[2020-09-04 16:21:45] [700][4/34] l_rec=17.424 l_lms=1.4677 err_lms=10.52/19.53/12.77 0.03/0.27/0.31s (000914 0:06:52)
[2020-09-04 16:21:45] [700][5/34] l_rec=14.632 l_lms=1.4236 err_lms=10.66/20.00/12.99 0.03/0.27/0.31s (000915 0:06:52)
[2020-09-04 16:21:46] [700][6/34] l_rec=15.156 l_lms=1.6574 err_lms=11.05/23.70/14.21 0.03/0.27/0.31s (000916 0:06:53)
[2020-09-04 16:21:46] [700][7/34] l_rec=15.814 l_lms=1.4128 err_lms=10.07/17.83/12.01 0.05/0.27/0.32s (000917 0:06:53)
[2020-09-04 16:21:46] [700][8/34] l_rec=17.165 l_lms=1.4690 err_lms=12.26/16.86/13.41 0.03/0.27/0.31s (000918 0:06:53)
[2020-09-04 16:21:47] [700][9/34] l_rec=17.000 l_lms=1.4746 err_lms=15.02/19.63/16.18 0.03/0.27/0.31s (000919 0:06:54)
[2020-09-04 16:21:47] [700][10/34] l_rec=16.566 l_lms=1.4683 err_lms=10.41/20.27/12.87 0.03/0.27/0.31s (000920 0:06:54)
[2020-09-04 16:21:47] [700][11/34] l_rec=15.644 l_lms=1.5358 err_lms=11.38/21.70/13.96 0.03/0.27/0.31s (000921 0:06:54)
[2020-09-04 16:21:48] [700][12/34] l_rec=18.277 l_lms=1.5262 err_lms=10.54/19.45/12.76 0.03/0.27/0.31s (000922 0:06:54)
[2020-09-04 16:21:48] [700][13/34] l_rec=13.183 l_lms=1.4706 err_lms=12.79/16.80/13.79 0.03/0.27/0.31s (000923 0:06:55)
[2020-09-04 16:21:48] [700][14/34] l_rec=13.438 l_lms=1.2461 err_lms=10.00/16.15/11.54 0.03/0.27/0.31s (000924 0:06:55)
[2020-09-04 16:21:49] [700][15/34] l_rec=14.831 l_lms=1.4620 err_lms=10.73/20.02/13.05 0.03/0.27/0.31s (000925 0:06:55)
[2020-09-04 16:21:49] [700][16/34] l_rec=18.122 l_lms=1.6285 err_lms=12.53/21.21/14.70 0.03/0.27/0.31s (000926 0:06:56)
[2020-09-04 16:21:49] [700][17/34] l_rec=16.159 l_lms=1.3668 err_lms=9.71/18.66/11.95 0.03/0.27/0.31s (000927 0:06:56)
[2020-09-04 16:21:49] [700][18/34] l_rec=15.427 l_lms=1.3262 err_lms=10.26/15.45/11.56 0.03/0.27/0.31s (000928 0:06:56)
[2020-09-04 16:21:50] [700][19/34] l_rec=16.121 l_lms=1.4437 err_lms=10.96/19.71/13.15 0.03/0.27/0.31s (000929 0:06:57)
[2020-09-04 16:21:50] [700][20/34] l_rec=16.219 l_lms=1.3401 err_lms=10.35/19.65/12.67 0.03/0.27/0.31s (000930 0:06:57)
[2020-09-04 16:21:50] [700][21/34] l_rec=14.441 l_lms=1.3342 err_lms=10.91/16.44/12.30 0.03/0.27/0.31s (000931 0:06:57)
[2020-09-04 16:21:51] [700][22/34] l_rec=16.949 l_lms=1.2840 err_lms=9.80/17.07/11.62 0.03/0.27/0.31s (000932 0:06:58)
[2020-09-04 16:21:51] [700][23/34] l_rec=17.735 l_lms=1.5435 err_lms=11.65/22.65/14.40 0.03/0.27/0.31s (000933 0:06:58)
[2020-09-04 16:21:51] [700][24/34] l_rec=14.685 l_lms=1.5827 err_lms=13.08/21.83/15.27 0.03/0.27/0.30s (000934 0:06:58)
[2020-09-04 16:21:52] [700][25/34] l_rec=15.637 l_lms=1.5004 err_lms=11.46/19.65/13.51 0.03/0.27/0.30s (000935 0:06:58)
[2020-09-04 16:21:52] [700][26/34] l_rec=17.508 l_lms=1.2954 err_lms=9.77/16.75/11.52 0.03/0.27/0.30s (000936 0:06:59)
[2020-09-04 16:21:52] [700][27/34] l_rec=16.127 l_lms=1.3725 err_lms=10.70/16.19/12.07 0.03/0.27/0.30s (000937 0:06:59)
[2020-09-04 16:21:53] [700][28/34] l_rec=15.755 l_lms=1.4194 err_lms=15.69/20.33/16.85 0.03/0.27/0.30s (000938 0:06:59)
[2020-09-04 16:21:53] [700][29/34] l_rec=20.286 l_lms=2.2217 err_lms=21.31/32.81/24.19 0.03/0.27/0.30s (000939 0:07:00)
[2020-09-04 16:21:53] [700][30/34] l_rec=17.811 l_lms=2.3755 err_lms=29.49/37.93/31.60 0.03/0.27/0.30s (000940 0:07:00)
[2020-09-04 16:21:53] [700][31/34] l_rec=14.738 l_lms=2.2849 err_lms=24.95/35.32/27.54 0.03/0.27/0.30s (000941 0:07:00)
[2020-09-04 16:21:54] [700][32/34] l_rec=15.827 l_lms=2.2322 err_lms=24.26/36.83/27.41 0.03/0.27/0.30s (000942 0:07:01)
[2020-09-04 16:21:54] [700][33/34] l_rec=18.535 l_lms=2.1533 err_lms=20.99/35.79/24.69 0.03/0.27/0.30s (000943 0:07:01)
[2020-09-04 16:21:54] [700][34/34] l_rec=16.345 l_lms=2.4038 err_lms=26.94/41.60/30.61 0.03/0.27/0.30s (000944 0:07:01)
[2020-09-04 16:21:54] [700][35/34] l_rec=17.976 l_lms=2.4162 err_lms=26.16/43.11/30.40 0.03/0.12/0.16s (000945 0:07:01)
[2020-09-04 16:21:55] ----------------------------------------------------------------------------------------------------
[2020-09-04 16:21:55]            l_rec=16.486 l_lms=1.6241 err_lms=13.82/22.53/16.00 	T: 0:00:11
[2020-09-04 16:21:55] 
[2020-09-04 16:21:55] Epoch 701/1000
[2020-09-04 16:21:55] ==========
[2020-09-04 16:21:55] ----------------------------------------------------------------------------------------------------
[2020-09-04 16:21:55]            l_rec=11.825 l_lms=0.0090 err_lms=0.00/0.00/0.00 	T: 0:00:00
[2020-09-04 16:21:55] 
[2020-09-04 16:21:55] Epoch 702/1000
[2020-09-04 16:21:55] ==========
[2020-09-04 16:21:56] ----------------------------------------------------------------------------------------------------
[2020-09-04 16:21:56]            l_rec=11.825 l_lms=0.0090 err_lms=0.00/0.00/0.00 	T: 0:00:00
[2020-09-04 16:21:56] 
[2020-09-04 16:21:56] Epoch 703/1000
[2020-09-04 16:21:56] ==========
[2020-09-04 16:21:56] ----------------------------------------------------------------------------------------------------
[2020-09-04 16:21:56]            l_rec=11.825 l_lms=0.0090 err_lms=0.00/0.00/0.00 	T: 0:00:00
[2020-09-04 16:21:56] 
[2020-09-04 16:21:56] Epoch 704/1000
[2020-09-04 16:21:56] ==========
[2020-09-04 16:21:56] ----------------------------------------------------------------------------------------------------
[2020-09-04 16:21:56]            l_rec=11.825 l_lms=0.0089 err_lms=0.00/0.00/0.00 	T: 0:00:00
[2020-09-04 16:21:56] 
[2020-09-04 16:21:56] Epoch 705/1000
[2020-09-04 16:21:56] ==========
[2020-09-04 16:21:57] ----------------------------------------------------------------------------------------------------
[2020-09-04 16:21:57]            l_rec=11.825 l_lms=0.0089 err_lms=0.00/0.00/0.00 	T: 0:00:00
[2020-09-04 16:21:57] 
[2020-09-04 16:21:57] Epoch 706/1000
[2020-09-04 16:21:57] ==========
[2020-09-04 16:21:57] ----------------------------------------------------------------------------------------------------
[2020-09-04 16:21:57]            l_rec=11.825 l_lms=0.0088 err_lms=0.00/0.00/0.00 	T: 0:00:00
[2020-09-04 16:21:57] 
[2020-09-04 16:21:57] Epoch 707/1000
[2020-09-04 16:21:57] ==========
[2020-09-04 16:21:58] ----------------------------------------------------------------------------------------------------
[2020-09-04 16:21:58]            l_rec=11.825 l_lms=0.0089 err_lms=0.00/0.00/0.00 	T: 0:00:00
[2020-09-04 16:21:58] 
[2020-09-04 16:21:58] Epoch 708/1000
[2020-09-04 16:21:58] ==========
[2020-09-04 16:21:58] ----------------------------------------------------------------------------------------------------
[2020-09-04 16:21:58]            l_rec=11.825 l_lms=0.0088 err_lms=0.00/0.00/0.00 	T: 0:00:00
[2020-09-04 16:21:58] 
[2020-09-04 16:21:58] Epoch 709/1000
[2020-09-04 16:21:58] ==========
[2020-09-04 16:21:59] ----------------------------------------------------------------------------------------------------
[2020-09-04 16:21:59]            l_rec=11.825 l_lms=0.0088 err_lms=0.00/0.00/0.00 	T: 0:00:00
[2020-09-04 16:21:59] 
[2020-09-04 16:21:59] Epoch 710/1000
[2020-09-04 16:21:59] ==========
[2020-09-04 16:21:59] ----------------------------------------------------------------------------------------------------
[2020-09-04 16:21:59]            l_rec=11.825 l_lms=0.0087 err_lms=0.00/0.00/0.00 	T: 0:00:00
[2020-09-04 16:21:59] 
[2020-09-04 16:21:59] Epoch 711/1000
[2020-09-04 16:21:59] ==========
[2020-09-04 16:22:00] ----------------------------------------------------------------------------------------------------
[2020-09-04 16:22:00]            l_rec=11.825 l_lms=0.0087 err_lms=0.00/0.00/0.00 	T: 0:00:00
[2020-09-04 16:22:00] 
[2020-09-04 16:22:00] Epoch 712/1000
[2020-09-04 16:22:00] ==========
[2020-09-04 16:22:00] ----------------------------------------------------------------------------------------------------
[2020-09-04 16:22:00]            l_rec=11.825 l_lms=0.0087 err_lms=0.00/0.00/0.00 	T: 0:00:00
[2020-09-04 16:22:00] 
[2020-09-04 16:22:00] Epoch 713/1000
[2020-09-04 16:22:00] ==========
[2020-09-04 16:22:01] ----------------------------------------------------------------------------------------------------
[2020-09-04 16:22:01]            l_rec=11.825 l_lms=0.0087 err_lms=0.00/0.00/0.00 	T: 0:00:00
[2020-09-04 16:22:01] 
[2020-09-04 16:22:01] Epoch 714/1000
[2020-09-04 16:22:01] ==========
[2020-09-04 16:22:01] ----------------------------------------------------------------------------------------------------
[2020-09-04 16:22:01]            l_rec=11.825 l_lms=0.0087 err_lms=0.00/0.00/0.00 	T: 0:00:00
[2020-09-04 16:22:01] 
[2020-09-04 16:22:01] Epoch 715/1000
[2020-09-04 16:22:01] ==========
[2020-09-04 16:22:02] ----------------------------------------------------------------------------------------------------
[2020-09-04 16:22:02]            l_rec=11.825 l_lms=0.0087 err_lms=0.00/0.00/0.00 	T: 0:00:00
[2020-09-04 16:22:02] 
[2020-09-04 16:22:02] Epoch 716/1000
[2020-09-04 16:22:02] ==========
[2020-09-04 16:22:02] ----------------------------------------------------------------------------------------------------
[2020-09-04 16:22:02]            l_rec=11.825 l_lms=0.0088 err_lms=0.00/0.00/0.00 	T: 0:00:00
[2020-09-04 16:22:02] 
[2020-09-04 16:22:02] Epoch 717/1000
[2020-09-04 16:22:02] ==========
[2020-09-04 16:22:03] ----------------------------------------------------------------------------------------------------
[2020-09-04 16:22:03]            l_rec=11.825 l_lms=0.0089 err_lms=0.00/0.00/0.00 	T: 0:00:00
[2020-09-04 16:22:03] 
[2020-09-04 16:22:03] Epoch 718/1000
[2020-09-04 16:22:03] ==========
[2020-09-04 16:22:03] ----------------------------------------------------------------------------------------------------
[2020-09-04 16:22:03]            l_rec=11.825 l_lms=0.0091 err_lms=0.00/0.00/0.00 	T: 0:00:00
[2020-09-04 16:22:03] 
[2020-09-04 16:22:03] Epoch 719/1000
[2020-09-04 16:22:03] ==========
[2020-09-04 16:22:04] ----------------------------------------------------------------------------------------------------
[2020-09-04 16:22:04]            l_rec=11.825 l_lms=0.0095 err_lms=0.00/0.00/0.00 	T: 0:00:00
[2020-09-04 16:22:04] 
[2020-09-04 16:22:04] Epoch 720/1000
[2020-09-04 16:22:04] ==========
[2020-09-04 16:22:04] ----------------------------------------------------------------------------------------------------
[2020-09-04 16:22:04]            l_rec=11.825 l_lms=0.0099 err_lms=0.00/0.00/0.00 	T: 0:00:00
[2020-09-04 16:22:04] 
[2020-09-04 16:22:04] Epoch 721/1000
[2020-09-04 16:22:04] ==========
[2020-09-04 16:22:05] ----------------------------------------------------------------------------------------------------
[2020-09-04 16:22:05]            l_rec=11.825 l_lms=0.0106 err_lms=0.00/0.00/0.00 	T: 0:00:00
[2020-09-04 16:22:05] 
[2020-09-04 16:22:05] Epoch 722/1000
[2020-09-04 16:22:05] ==========
[2020-09-04 16:22:05] ----------------------------------------------------------------------------------------------------
[2020-09-04 16:22:05]            l_rec=11.825 l_lms=0.0116 err_lms=0.00/0.00/0.00 	T: 0:00:00
[2020-09-04 16:22:05] 
[2020-09-04 16:22:05] Epoch 723/1000
[2020-09-04 16:22:05] ==========
[2020-09-04 16:22:06] ----------------------------------------------------------------------------------------------------
[2020-09-04 16:22:06]            l_rec=11.825 l_lms=0.0127 err_lms=0.00/0.00/0.00 	T: 0:00:00
[2020-09-04 16:22:06] 
[2020-09-04 16:22:06] Epoch 724/1000
[2020-09-04 16:22:06] ==========
[2020-09-04 16:22:06] ----------------------------------------------------------------------------------------------------
[2020-09-04 16:22:06]            l_rec=11.825 l_lms=0.0142 err_lms=0.00/0.00/0.00 	T: 0:00:00
[2020-09-04 16:22:06] 
[2020-09-04 16:22:06] Epoch 725/1000
[2020-09-04 16:22:06] ==========
[2020-09-04 16:22:07] ----------------------------------------------------------------------------------------------------
[2020-09-04 16:22:07]            l_rec=11.825 l_lms=0.0148 err_lms=0.00/0.00/0.00 	T: 0:00:00
[2020-09-04 16:22:07] 
[2020-09-04 16:22:07] Epoch 726/1000
[2020-09-04 16:22:07] ==========
[2020-09-04 16:22:07] ----------------------------------------------------------------------------------------------------
[2020-09-04 16:22:07]            l_rec=11.825 l_lms=0.0149 err_lms=0.00/0.00/0.00 	T: 0:00:00
[2020-09-04 16:22:07] 
[2020-09-04 16:22:07] Epoch 727/1000
[2020-09-04 16:22:07] ==========
[2020-09-04 16:22:08] ----------------------------------------------------------------------------------------------------
[2020-09-04 16:22:08]            l_rec=11.825 l_lms=0.0135 err_lms=0.00/0.00/0.00 	T: 0:00:00
[2020-09-04 16:22:08] 
[2020-09-04 16:22:08] Epoch 728/1000
[2020-09-04 16:22:08] ==========
[2020-09-04 16:22:08] ----------------------------------------------------------------------------------------------------
[2020-09-04 16:22:08]            l_rec=11.825 l_lms=0.0118 err_lms=0.00/0.00/0.00 	T: 0:00:00
[2020-09-04 16:22:08] 
[2020-09-04 16:22:08] Epoch 729/1000
[2020-09-04 16:22:08] ==========
[2020-09-04 16:22:08] ----------------------------------------------------------------------------------------------------
[2020-09-04 16:22:08]            l_rec=11.825 l_lms=0.0115 err_lms=0.00/0.00/0.00 	T: 0:00:00
[2020-09-04 16:22:08] 
[2020-09-04 16:22:08] Epoch 730/1000
[2020-09-04 16:22:08] ==========
[2020-09-04 16:22:09] ----------------------------------------------------------------------------------------------------
[2020-09-04 16:22:09]            l_rec=11.825 l_lms=0.0120 err_lms=0.00/0.00/0.00 	T: 0:00:00
[2020-09-04 16:22:09] 
[2020-09-04 16:22:09] Epoch 731/1000
[2020-09-04 16:22:09] ==========
[2020-09-04 16:22:09] ----------------------------------------------------------------------------------------------------
[2020-09-04 16:22:09]            l_rec=11.825 l_lms=0.0138 err_lms=0.00/0.00/0.00 	T: 0:00:00
[2020-09-04 16:22:09] 
[2020-09-04 16:22:09] Epoch 732/1000
[2020-09-04 16:22:09] ==========
[2020-09-04 16:22:10] ----------------------------------------------------------------------------------------------------
[2020-09-04 16:22:10]            l_rec=11.825 l_lms=0.0139 err_lms=0.00/0.00/0.00 	T: 0:00:00
[2020-09-04 16:22:10] 
[2020-09-04 16:22:10] Epoch 733/1000
[2020-09-04 16:22:10] ==========
[2020-09-04 16:22:10] ----------------------------------------------------------------------------------------------------
[2020-09-04 16:22:10]            l_rec=11.825 l_lms=0.0134 err_lms=0.00/0.00/0.00 	T: 0:00:00
[2020-09-04 16:22:10] 
[2020-09-04 16:22:10] Epoch 734/1000
[2020-09-04 16:22:10] ==========
[2020-09-04 16:22:11] ----------------------------------------------------------------------------------------------------
[2020-09-04 16:22:11]            l_rec=11.825 l_lms=0.0113 err_lms=0.00/0.00/0.00 	T: 0:00:00
[2020-09-04 16:22:11] 
[2020-09-04 16:22:11] Epoch 735/1000
[2020-09-04 16:22:11] ==========
[2020-09-04 16:22:11] ----------------------------------------------------------------------------------------------------
[2020-09-04 16:22:11]            l_rec=11.825 l_lms=0.0100 err_lms=0.00/0.00/0.00 	T: 0:00:00
[2020-09-04 16:22:11] 
[2020-09-04 16:22:11] Epoch 736/1000
[2020-09-04 16:22:11] ==========
[2020-09-04 16:22:12] ----------------------------------------------------------------------------------------------------
[2020-09-04 16:22:12]            l_rec=11.825 l_lms=0.0099 err_lms=0.00/0.00/0.00 	T: 0:00:00
[2020-09-04 16:22:12] 
[2020-09-04 16:22:12] Epoch 737/1000
[2020-09-04 16:22:12] ==========
[2020-09-04 16:22:12] ----------------------------------------------------------------------------------------------------
[2020-09-04 16:22:12]            l_rec=11.825 l_lms=0.0103 err_lms=0.00/0.00/0.00 	T: 0:00:00
[2020-09-04 16:22:12] 
[2020-09-04 16:22:12] Epoch 738/1000
[2020-09-04 16:22:12] ==========
[2020-09-04 16:22:13] ----------------------------------------------------------------------------------------------------
[2020-09-04 16:22:13]            l_rec=11.825 l_lms=0.0106 err_lms=0.00/0.00/0.00 	T: 0:00:00
[2020-09-04 16:22:13] 
[2020-09-04 16:22:13] Epoch 739/1000
[2020-09-04 16:22:13] ==========
[2020-09-04 16:22:13] ----------------------------------------------------------------------------------------------------
[2020-09-04 16:22:13]            l_rec=11.825 l_lms=0.0101 err_lms=0.00/0.00/0.00 	T: 0:00:00
[2020-09-04 16:22:13] 
[2020-09-04 16:22:13] Epoch 740/1000
[2020-09-04 16:22:13] ==========
[2020-09-04 16:22:14] ----------------------------------------------------------------------------------------------------
[2020-09-04 16:22:14]            l_rec=11.825 l_lms=0.0098 err_lms=0.00/0.00/0.00 	T: 0:00:00
[2020-09-04 16:22:14] 
[2020-09-04 16:22:14] Epoch 741/1000
[2020-09-04 16:22:14] ==========
[2020-09-04 16:22:14] ----------------------------------------------------------------------------------------------------
[2020-09-04 16:22:14]            l_rec=11.825 l_lms=0.0096 err_lms=0.00/0.00/0.00 	T: 0:00:00
[2020-09-04 16:22:14] 
[2020-09-04 16:22:14] Epoch 742/1000
[2020-09-04 16:22:14] ==========
[2020-09-04 16:22:15] ----------------------------------------------------------------------------------------------------
[2020-09-04 16:22:15]            l_rec=11.825 l_lms=0.0095 err_lms=0.00/0.00/0.00 	T: 0:00:00
[2020-09-04 16:22:15] 
[2020-09-04 16:22:15] Epoch 743/1000
[2020-09-04 16:22:15] ==========
[2020-09-04 16:22:15] ----------------------------------------------------------------------------------------------------
[2020-09-04 16:22:15]            l_rec=11.825 l_lms=0.0091 err_lms=0.00/0.00/0.00 	T: 0:00:00
[2020-09-04 16:22:15] 
[2020-09-04 16:22:15] Epoch 744/1000
[2020-09-04 16:22:15] ==========
[2020-09-04 16:22:16] ----------------------------------------------------------------------------------------------------
[2020-09-04 16:22:16]            l_rec=11.825 l_lms=0.0087 err_lms=0.00/0.00/0.00 	T: 0:00:00
[2020-09-04 16:22:16] 
[2020-09-04 16:22:16] Epoch 745/1000
[2020-09-04 16:22:16] ==========
[2020-09-04 16:22:16] ----------------------------------------------------------------------------------------------------
[2020-09-04 16:22:16]            l_rec=11.825 l_lms=0.0087 err_lms=0.00/0.00/0.00 	T: 0:00:00
[2020-09-04 16:22:16] 
[2020-09-04 16:22:16] Epoch 746/1000
[2020-09-04 16:22:16] ==========
[2020-09-04 16:22:17] ----------------------------------------------------------------------------------------------------
[2020-09-04 16:22:17]            l_rec=11.825 l_lms=0.0090 err_lms=0.00/0.00/0.00 	T: 0:00:00
[2020-09-04 16:22:17] 
[2020-09-04 16:22:17] Epoch 747/1000
[2020-09-04 16:22:17] ==========
[2020-09-04 16:22:17] ----------------------------------------------------------------------------------------------------
[2020-09-04 16:22:17]            l_rec=11.825 l_lms=0.0091 err_lms=0.00/0.00/0.00 	T: 0:00:00
[2020-09-04 16:22:17] 
[2020-09-04 16:22:17] Epoch 748/1000
[2020-09-04 16:22:17] ==========
[2020-09-04 16:22:18] ----------------------------------------------------------------------------------------------------
[2020-09-04 16:22:18]            l_rec=11.825 l_lms=0.0088 err_lms=0.00/0.00/0.00 	T: 0:00:00
[2020-09-04 16:22:18] 
[2020-09-04 16:22:18] Epoch 749/1000
[2020-09-04 16:22:18] ==========
[2020-09-04 16:22:18] ----------------------------------------------------------------------------------------------------
[2020-09-04 16:22:18]            l_rec=11.825 l_lms=0.0084 err_lms=0.00/0.00/0.00 	T: 0:00:00
[2020-09-04 16:22:18] 
[2020-09-04 16:22:18] Epoch 750/1000
[2020-09-04 16:22:18] ==========
[2020-09-04 16:22:19] ----------------------------------------------------------------------------------------------------
[2020-09-04 16:22:19]            l_rec=11.825 l_lms=0.0083 err_lms=0.00/0.00/0.00 	T: 0:00:00
[2020-09-04 16:22:19] 
[2020-09-04 16:22:19] Epoch 751/1000
[2020-09-04 16:22:19] ==========
[2020-09-04 16:22:19] ----------------------------------------------------------------------------------------------------
[2020-09-04 16:22:19]            l_rec=11.825 l_lms=0.0085 err_lms=0.00/0.00/0.00 	T: 0:00:00
[2020-09-04 16:22:19] 
[2020-09-04 16:22:19] Epoch 752/1000
[2020-09-04 16:22:19] ==========
[2020-09-04 16:22:19] ----------------------------------------------------------------------------------------------------
[2020-09-04 16:22:19]            l_rec=11.825 l_lms=0.0086 err_lms=0.00/0.00/0.00 	T: 0:00:00
[2020-09-04 16:22:19] 
[2020-09-04 16:22:19] Epoch 753/1000
[2020-09-04 16:22:19] ==========
[2020-09-04 16:22:20] ----------------------------------------------------------------------------------------------------
[2020-09-04 16:22:20]            l_rec=11.825 l_lms=0.0085 err_lms=0.00/0.00/0.00 	T: 0:00:00
[2020-09-04 16:22:20] 
[2020-09-04 16:22:20] Epoch 754/1000
[2020-09-04 16:22:20] ==========
[2020-09-04 16:22:20] ----------------------------------------------------------------------------------------------------
[2020-09-04 16:22:20]            l_rec=11.825 l_lms=0.0082 err_lms=0.00/0.00/0.00 	T: 0:00:00
[2020-09-04 16:22:20] 
[2020-09-04 16:22:20] Epoch 755/1000
[2020-09-04 16:22:20] ==========
[2020-09-04 16:22:21] ----------------------------------------------------------------------------------------------------
[2020-09-04 16:22:21]            l_rec=11.825 l_lms=0.0081 err_lms=0.00/0.00/0.00 	T: 0:00:00
[2020-09-04 16:22:21] 
[2020-09-04 16:22:21] Epoch 756/1000
[2020-09-04 16:22:21] ==========
[2020-09-04 16:22:21] ----------------------------------------------------------------------------------------------------
[2020-09-04 16:22:21]            l_rec=11.825 l_lms=0.0082 err_lms=0.00/0.00/0.00 	T: 0:00:00
[2020-09-04 16:22:21] 
[2020-09-04 16:22:21] Epoch 757/1000
[2020-09-04 16:22:21] ==========
[2020-09-04 16:22:22] ----------------------------------------------------------------------------------------------------
[2020-09-04 16:22:22]            l_rec=11.825 l_lms=0.0083 err_lms=0.00/0.00/0.00 	T: 0:00:00
[2020-09-04 16:22:22] 
[2020-09-04 16:22:22] Epoch 758/1000
[2020-09-04 16:22:22] ==========
[2020-09-04 16:22:22] ----------------------------------------------------------------------------------------------------
[2020-09-04 16:22:22]            l_rec=11.825 l_lms=0.0082 err_lms=0.00/0.00/0.00 	T: 0:00:00
[2020-09-04 16:22:22] 
[2020-09-04 16:22:22] Epoch 759/1000
[2020-09-04 16:22:22] ==========
[2020-09-04 16:22:23] ----------------------------------------------------------------------------------------------------
[2020-09-04 16:22:23]            l_rec=11.825 l_lms=0.0080 err_lms=0.00/0.00/0.00 	T: 0:00:00
[2020-09-04 16:22:23] 
[2020-09-04 16:22:23] Epoch 760/1000
[2020-09-04 16:22:23] ==========
[2020-09-04 16:22:23] ----------------------------------------------------------------------------------------------------
[2020-09-04 16:22:23]            l_rec=11.825 l_lms=0.0079 err_lms=0.00/0.00/0.00 	T: 0:00:00
[2020-09-04 16:22:23] 
[2020-09-04 16:22:23] Epoch 761/1000
[2020-09-04 16:22:23] ==========
[2020-09-04 16:22:24] ----------------------------------------------------------------------------------------------------
[2020-09-04 16:22:24]            l_rec=11.825 l_lms=0.0080 err_lms=0.00/0.00/0.00 	T: 0:00:00
[2020-09-04 16:22:24] 
[2020-09-04 16:22:24] Epoch 762/1000
[2020-09-04 16:22:24] ==========
[2020-09-04 16:22:24] ----------------------------------------------------------------------------------------------------
[2020-09-04 16:22:24]            l_rec=11.825 l_lms=0.0080 err_lms=0.00/0.00/0.00 	T: 0:00:00
[2020-09-04 16:22:24] 
[2020-09-04 16:22:24] Epoch 763/1000
[2020-09-04 16:22:24] ==========
[2020-09-04 16:22:25] ----------------------------------------------------------------------------------------------------
[2020-09-04 16:22:25]            l_rec=11.825 l_lms=0.0080 err_lms=0.00/0.00/0.00 	T: 0:00:00
[2020-09-04 16:22:25] 
[2020-09-04 16:22:25] Epoch 764/1000
[2020-09-04 16:22:25] ==========
[2020-09-04 16:22:25] ----------------------------------------------------------------------------------------------------
[2020-09-04 16:22:25]            l_rec=11.825 l_lms=0.0079 err_lms=0.00/0.00/0.00 	T: 0:00:00
[2020-09-04 16:22:25] 
[2020-09-04 16:22:25] Epoch 765/1000
[2020-09-04 16:22:25] ==========
[2020-09-04 16:22:26] ----------------------------------------------------------------------------------------------------
[2020-09-04 16:22:26]            l_rec=11.825 l_lms=0.0079 err_lms=0.00/0.00/0.00 	T: 0:00:00
[2020-09-04 16:22:26] 
[2020-09-04 16:22:26] Epoch 766/1000
[2020-09-04 16:22:26] ==========
[2020-09-04 16:22:26] ----------------------------------------------------------------------------------------------------
[2020-09-04 16:22:26]            l_rec=11.825 l_lms=0.0078 err_lms=0.00/0.00/0.00 	T: 0:00:00
[2020-09-04 16:22:26] 
[2020-09-04 16:22:26] Epoch 767/1000
[2020-09-04 16:22:26] ==========
[2020-09-04 16:22:27] ----------------------------------------------------------------------------------------------------
[2020-09-04 16:22:27]            l_rec=11.825 l_lms=0.0079 err_lms=0.00/0.00/0.00 	T: 0:00:00
[2020-09-04 16:22:27] 
[2020-09-04 16:22:27] Epoch 768/1000
[2020-09-04 16:22:27] ==========
[2020-09-04 16:22:27] ----------------------------------------------------------------------------------------------------
[2020-09-04 16:22:27]            l_rec=11.825 l_lms=0.0079 err_lms=0.00/0.00/0.00 	T: 0:00:00
[2020-09-04 16:22:27] 
[2020-09-04 16:22:27] Epoch 769/1000
[2020-09-04 16:22:27] ==========
[2020-09-04 16:22:28] ----------------------------------------------------------------------------------------------------
[2020-09-04 16:22:28]            l_rec=11.825 l_lms=0.0079 err_lms=0.00/0.00/0.00 	T: 0:00:00
[2020-09-04 16:22:28] 
[2020-09-04 16:22:28] Epoch 770/1000
[2020-09-04 16:22:28] ==========
[2020-09-04 16:22:28] ----------------------------------------------------------------------------------------------------
[2020-09-04 16:22:28]            l_rec=11.825 l_lms=0.0078 err_lms=0.00/0.00/0.00 	T: 0:00:00
[2020-09-04 16:22:28] 
[2020-09-04 16:22:28] Epoch 771/1000
[2020-09-04 16:22:28] ==========
[2020-09-04 16:22:29] ----------------------------------------------------------------------------------------------------
[2020-09-04 16:22:29]            l_rec=11.825 l_lms=0.0077 err_lms=0.00/0.00/0.00 	T: 0:00:00
[2020-09-04 16:22:29] 
[2020-09-04 16:22:29] Epoch 772/1000
[2020-09-04 16:22:29] ==========
[2020-09-04 16:22:29] ----------------------------------------------------------------------------------------------------
[2020-09-04 16:22:29]            l_rec=11.825 l_lms=0.0077 err_lms=0.00/0.00/0.00 	T: 0:00:00
[2020-09-04 16:22:29] 
[2020-09-04 16:22:29] Epoch 773/1000
[2020-09-04 16:22:29] ==========
[2020-09-04 16:22:30] ----------------------------------------------------------------------------------------------------
[2020-09-04 16:22:30]            l_rec=11.825 l_lms=0.0077 err_lms=0.00/0.00/0.00 	T: 0:00:00
[2020-09-04 16:22:30] 
[2020-09-04 16:22:30] Epoch 774/1000
[2020-09-04 16:22:30] ==========
[2020-09-04 16:22:30] ----------------------------------------------------------------------------------------------------
[2020-09-04 16:22:30]            l_rec=11.825 l_lms=0.0077 err_lms=0.00/0.00/0.00 	T: 0:00:00
[2020-09-04 16:22:30] 
[2020-09-04 16:22:30] Epoch 775/1000
[2020-09-04 16:22:30] ==========
[2020-09-04 16:22:31] ----------------------------------------------------------------------------------------------------
[2020-09-04 16:22:31]            l_rec=11.825 l_lms=0.0077 err_lms=0.00/0.00/0.00 	T: 0:00:00
[2020-09-04 16:22:31] 
[2020-09-04 16:22:31] Epoch 776/1000
[2020-09-04 16:22:31] ==========
[2020-09-04 16:22:31] ----------------------------------------------------------------------------------------------------
[2020-09-04 16:22:31]            l_rec=11.825 l_lms=0.0077 err_lms=0.00/0.00/0.00 	T: 0:00:00
[2020-09-04 16:22:31] 
[2020-09-04 16:22:31] Epoch 777/1000
[2020-09-04 16:22:31] ==========
[2020-09-04 16:22:32] ----------------------------------------------------------------------------------------------------
[2020-09-04 16:22:32]            l_rec=11.825 l_lms=0.0077 err_lms=0.00/0.00/0.00 	T: 0:00:00
[2020-09-04 16:22:32] 
[2020-09-04 16:22:32] Epoch 778/1000
[2020-09-04 16:22:32] ==========
[2020-09-04 16:22:32] ----------------------------------------------------------------------------------------------------
[2020-09-04 16:22:32]            l_rec=11.825 l_lms=0.0076 err_lms=0.00/0.00/0.00 	T: 0:00:00
[2020-09-04 16:22:32] 
[2020-09-04 16:22:32] Epoch 779/1000
[2020-09-04 16:22:32] ==========
[2020-09-04 16:22:32] ----------------------------------------------------------------------------------------------------
[2020-09-04 16:22:32]            l_rec=11.825 l_lms=0.0077 err_lms=0.00/0.00/0.00 	T: 0:00:00
[2020-09-04 16:22:32] 
[2020-09-04 16:22:32] Epoch 780/1000
[2020-09-04 16:22:32] ==========
[2020-09-04 16:22:33] ----------------------------------------------------------------------------------------------------
[2020-09-04 16:22:33]            l_rec=11.825 l_lms=0.0077 err_lms=0.00/0.00/0.00 	T: 0:00:00
[2020-09-04 16:22:33] 
[2020-09-04 16:22:33] Epoch 781/1000
[2020-09-04 16:22:33] ==========
[2020-09-04 16:22:33] ----------------------------------------------------------------------------------------------------
[2020-09-04 16:22:33]            l_rec=11.825 l_lms=0.0077 err_lms=0.00/0.00/0.00 	T: 0:00:00
[2020-09-04 16:22:33] 
[2020-09-04 16:22:33] Epoch 782/1000
[2020-09-04 16:22:33] ==========
[2020-09-04 16:22:34] ----------------------------------------------------------------------------------------------------
[2020-09-04 16:22:34]            l_rec=11.825 l_lms=0.0077 err_lms=0.00/0.00/0.00 	T: 0:00:00
[2020-09-04 16:22:34] 
[2020-09-04 16:22:34] Epoch 783/1000
[2020-09-04 16:22:34] ==========
[2020-09-04 16:22:34] ----------------------------------------------------------------------------------------------------
[2020-09-04 16:22:34]            l_rec=11.825 l_lms=0.0076 err_lms=0.00/0.00/0.00 	T: 0:00:00
[2020-09-04 16:22:34] 
[2020-09-04 16:22:34] Epoch 784/1000
[2020-09-04 16:22:34] ==========
[2020-09-04 16:22:35] ----------------------------------------------------------------------------------------------------
[2020-09-04 16:22:35]            l_rec=11.825 l_lms=0.0077 err_lms=0.00/0.00/0.00 	T: 0:00:00
[2020-09-04 16:22:35] 
[2020-09-04 16:22:35] Epoch 785/1000
[2020-09-04 16:22:35] ==========
[2020-09-04 16:22:35] ----------------------------------------------------------------------------------------------------
[2020-09-04 16:22:35]            l_rec=11.825 l_lms=0.0077 err_lms=0.00/0.00/0.00 	T: 0:00:00
[2020-09-04 16:22:35] 
[2020-09-04 16:22:35] Epoch 786/1000
[2020-09-04 16:22:35] ==========
[2020-09-04 16:22:36] ----------------------------------------------------------------------------------------------------
[2020-09-04 16:22:36]            l_rec=11.825 l_lms=0.0078 err_lms=0.00/0.00/0.00 	T: 0:00:00
[2020-09-04 16:22:36] 
[2020-09-04 16:22:36] Epoch 787/1000
[2020-09-04 16:22:36] ==========
[2020-09-04 16:22:36] ----------------------------------------------------------------------------------------------------
[2020-09-04 16:22:36]            l_rec=11.825 l_lms=0.0079 err_lms=0.00/0.00/0.00 	T: 0:00:00
[2020-09-04 16:22:36] 
[2020-09-04 16:22:36] Epoch 788/1000
[2020-09-04 16:22:36] ==========
[2020-09-04 16:22:37] ----------------------------------------------------------------------------------------------------
[2020-09-04 16:22:37]            l_rec=11.825 l_lms=0.0081 err_lms=0.00/0.00/0.00 	T: 0:00:00
[2020-09-04 16:22:37] 
[2020-09-04 16:22:37] Epoch 789/1000
[2020-09-04 16:22:37] ==========
[2020-09-04 16:22:37] ----------------------------------------------------------------------------------------------------
[2020-09-04 16:22:37]            l_rec=11.825 l_lms=0.0083 err_lms=0.00/0.00/0.00 	T: 0:00:00
[2020-09-04 16:22:37] 
[2020-09-04 16:22:37] Epoch 790/1000
[2020-09-04 16:22:37] ==========
[2020-09-04 16:22:38] ----------------------------------------------------------------------------------------------------
[2020-09-04 16:22:38]            l_rec=11.825 l_lms=0.0088 err_lms=0.00/0.00/0.00 	T: 0:00:00
[2020-09-04 16:22:38] 
[2020-09-04 16:22:38] Epoch 791/1000
[2020-09-04 16:22:38] ==========
[2020-09-04 16:22:38] ----------------------------------------------------------------------------------------------------
[2020-09-04 16:22:38]            l_rec=11.825 l_lms=0.0093 err_lms=0.00/0.00/0.00 	T: 0:00:00
[2020-09-04 16:22:38] 
[2020-09-04 16:22:38] Epoch 792/1000
[2020-09-04 16:22:38] ==========
[2020-09-04 16:22:39] ----------------------------------------------------------------------------------------------------
[2020-09-04 16:22:39]            l_rec=11.825 l_lms=0.0102 err_lms=0.00/0.00/0.00 	T: 0:00:00
[2020-09-04 16:22:39] 
[2020-09-04 16:22:39] Epoch 793/1000
[2020-09-04 16:22:39] ==========
[2020-09-04 16:22:39] ----------------------------------------------------------------------------------------------------
[2020-09-04 16:22:39]            l_rec=11.825 l_lms=0.0111 err_lms=0.00/0.00/0.00 	T: 0:00:00
[2020-09-04 16:22:39] 
[2020-09-04 16:22:39] Epoch 794/1000
[2020-09-04 16:22:39] ==========
[2020-09-04 16:22:40] ----------------------------------------------------------------------------------------------------
[2020-09-04 16:22:40]            l_rec=11.825 l_lms=0.0127 err_lms=0.00/0.00/0.00 	T: 0:00:00
[2020-09-04 16:22:40] 
[2020-09-04 16:22:40] Epoch 795/1000
[2020-09-04 16:22:40] ==========
[2020-09-04 16:22:40] ----------------------------------------------------------------------------------------------------
[2020-09-04 16:22:40]            l_rec=11.825 l_lms=0.0135 err_lms=0.00/0.00/0.00 	T: 0:00:00
[2020-09-04 16:22:40] 
[2020-09-04 16:22:40] Epoch 796/1000
[2020-09-04 16:22:40] ==========
[2020-09-04 16:22:40] ----------------------------------------------------------------------------------------------------
[2020-09-04 16:22:40]            l_rec=11.825 l_lms=0.0157 err_lms=0.00/0.00/0.00 	T: 0:00:00
[2020-09-04 16:22:40] 
[2020-09-04 16:22:40] Epoch 797/1000
[2020-09-04 16:22:40] ==========
[2020-09-04 16:22:41] ----------------------------------------------------------------------------------------------------
[2020-09-04 16:22:41]            l_rec=11.825 l_lms=0.0152 err_lms=0.00/0.00/0.00 	T: 0:00:00
[2020-09-04 16:22:41] 
[2020-09-04 16:22:41] Epoch 798/1000
[2020-09-04 16:22:41] ==========
[2020-09-04 16:22:41] ----------------------------------------------------------------------------------------------------
[2020-09-04 16:22:41]            l_rec=11.825 l_lms=0.0174 err_lms=0.00/0.00/0.00 	T: 0:00:00
[2020-09-04 16:22:41] 
[2020-09-04 16:22:41] Epoch 799/1000
[2020-09-04 16:22:41] ==========
[2020-09-04 16:22:42] ----------------------------------------------------------------------------------------------------
[2020-09-04 16:22:42]            l_rec=11.825 l_lms=0.0161 err_lms=0.00/0.00/0.00 	T: 0:00:00
[2020-09-04 16:22:42] 
[2020-09-04 16:22:42] Epoch 800/1000
[2020-09-04 16:22:42] ==========
[2020-09-04 16:22:42] ----------------------------------------------------------------------------------------------------
[2020-09-04 16:22:42]            l_rec=11.825 l_lms=0.0177 err_lms=0.00/0.00/0.00 	T: 0:00:00
[2020-09-04 16:22:42] 
[2020-09-04 16:22:42] Evaluating 'test'...
[2020-09-04 16:22:43] [800][1/34] l_rec=17.692 l_lms=1.5575 err_lms=11.33/17.33/12.83 0.74/0.28/1.02s (001046 0:07:50)
[2020-09-04 16:22:44] [800][2/34] l_rec=18.864 l_lms=1.5781 err_lms=10.36/19.49/12.64 0.04/0.27/0.31s (001047 0:07:51)
[2020-09-04 16:22:44] [800][3/34] l_rec=18.910 l_lms=1.6281 err_lms=12.34/20.50/14.38 0.03/0.27/0.30s (001048 0:07:51)
[2020-09-04 16:22:44] [800][4/34] l_rec=17.424 l_lms=1.4885 err_lms=10.52/19.62/12.80 0.03/0.27/0.31s (001049 0:07:51)
[2020-09-04 16:22:45] [800][5/34] l_rec=14.632 l_lms=1.4430 err_lms=10.62/19.31/12.79 0.03/0.27/0.31s (001050 0:07:51)
[2020-09-04 16:22:45] [800][6/34] l_rec=15.156 l_lms=1.6765 err_lms=11.09/22.99/14.06 0.03/0.27/0.30s (001051 0:07:52)
[2020-09-04 16:22:45] [800][7/34] l_rec=15.814 l_lms=1.4319 err_lms=10.08/16.81/11.76 0.04/0.27/0.31s (001052 0:07:52)
[2020-09-04 16:22:45] [800][8/34] l_rec=17.165 l_lms=1.4858 err_lms=12.24/16.16/13.22 0.03/0.27/0.30s (001053 0:07:52)
[2020-09-04 16:22:46] [800][9/34] l_rec=17.000 l_lms=1.4905 err_lms=14.90/19.37/16.02 0.03/0.27/0.30s (001054 0:07:53)
[2020-09-04 16:22:46] [800][10/34] l_rec=16.566 l_lms=1.4861 err_lms=10.39/20.40/12.89 0.03/0.27/0.31s (001055 0:07:53)
[2020-09-04 16:22:46] [800][11/34] l_rec=15.644 l_lms=1.5522 err_lms=11.40/21.86/14.01 0.03/0.30/0.33s (001056 0:07:53)
[2020-09-04 16:22:47] [800][12/34] l_rec=18.277 l_lms=1.5442 err_lms=10.44/18.90/12.56 0.03/0.27/0.30s (001057 0:07:54)
[2020-09-04 16:22:47] [800][13/34] l_rec=13.183 l_lms=1.4864 err_lms=12.57/16.74/13.61 0.04/0.28/0.31s (001058 0:07:54)
[2020-09-04 16:22:47] [800][14/34] l_rec=13.438 l_lms=1.2619 err_lms=10.05/15.83/11.49 0.03/0.29/0.32s (001059 0:07:54)
[2020-09-04 16:22:48] [800][15/34] l_rec=14.831 l_lms=1.4751 err_lms=10.69/19.10/12.80 0.04/0.27/0.31s (001060 0:07:55)
[2020-09-04 16:22:48] [800][16/34] l_rec=18.122 l_lms=1.6454 err_lms=12.56/20.97/14.66 0.03/0.27/0.31s (001061 0:07:55)
[2020-09-04 16:22:48] [800][17/34] l_rec=16.159 l_lms=1.3870 err_lms=9.72/18.19/11.84 0.04/0.28/0.31s (001062 0:07:55)
[2020-09-04 16:22:49] [800][18/34] l_rec=15.427 l_lms=1.3423 err_lms=10.26/15.28/11.51 0.04/0.29/0.33s (001063 0:07:55)
[2020-09-04 16:22:49] [800][19/34] l_rec=16.121 l_lms=1.4587 err_lms=10.97/18.81/12.93 0.03/0.27/0.31s (001064 0:07:56)
[2020-09-04 16:22:49] [800][20/34] l_rec=16.219 l_lms=1.3545 err_lms=10.34/19.76/12.70 0.04/0.27/0.31s (001065 0:07:56)
[2020-09-04 16:22:50] [800][21/34] l_rec=14.441 l_lms=1.3468 err_lms=10.93/16.24/12.26 0.04/0.27/0.31s (001066 0:07:56)
[2020-09-04 16:22:50] [800][22/34] l_rec=16.949 l_lms=1.3019 err_lms=9.77/16.79/11.53 0.03/0.27/0.31s (001067 0:07:57)
[2020-09-04 16:22:50] [800][23/34] l_rec=17.735 l_lms=1.5627 err_lms=11.67/22.46/14.37 0.03/0.27/0.31s (001068 0:07:57)
[2020-09-04 16:22:50] [800][24/34] l_rec=14.685 l_lms=1.6005 err_lms=12.98/21.90/15.21 0.03/0.27/0.30s (001069 0:07:57)
[2020-09-04 16:22:51] [800][25/34] l_rec=15.637 l_lms=1.5166 err_lms=11.51/19.59/13.53 0.03/0.27/0.30s (001070 0:07:58)
[2020-09-04 16:22:51] [800][26/34] l_rec=17.508 l_lms=1.3174 err_lms=9.79/16.16/11.38 0.03/0.27/0.30s (001071 0:07:58)
[2020-09-04 16:22:51] [800][27/34] l_rec=16.127 l_lms=1.3907 err_lms=10.70/16.18/12.07 0.03/0.27/0.30s (001072 0:07:58)
[2020-09-04 16:22:52] [800][28/34] l_rec=15.755 l_lms=1.4301 err_lms=15.26/20.04/16.45 0.03/0.27/0.30s (001073 0:07:59)
[2020-09-04 16:22:52] [800][29/34] l_rec=20.286 l_lms=2.2364 err_lms=21.08/32.87/24.03 0.03/0.27/0.30s (001074 0:07:59)
[2020-09-04 16:22:52] [800][30/34] l_rec=17.811 l_lms=2.3885 err_lms=29.55/37.25/31.47 0.03/0.27/0.30s (001075 0:07:59)
[2020-09-04 16:22:53] [800][31/34] l_rec=14.738 l_lms=2.2968 err_lms=24.80/35.34/27.43 0.03/0.27/0.30s (001076 0:07:59)
[2020-09-04 16:22:53] [800][32/34] l_rec=15.827 l_lms=2.2458 err_lms=24.38/35.70/27.21 0.03/0.27/0.30s (001077 0:08:00)
[2020-09-04 16:22:53] [800][33/34] l_rec=18.535 l_lms=2.1678 err_lms=20.79/35.58/24.49 0.03/0.27/0.30s (001078 0:08:00)
[2020-09-04 16:22:53] [800][34/34] l_rec=16.345 l_lms=2.4142 err_lms=26.51/41.36/30.22 0.03/0.27/0.30s (001079 0:08:00)
[2020-09-04 16:22:54] [800][35/34] l_rec=17.976 l_lms=2.4293 err_lms=25.74/42.27/29.87 0.03/0.13/0.16s (001080 0:08:01)
[2020-09-04 16:22:54] ----------------------------------------------------------------------------------------------------
[2020-09-04 16:22:54]            l_rec=16.486 l_lms=1.6405 err_lms=13.76/22.17/15.87 	T: 0:00:11
[2020-09-04 16:22:54] 
[2020-09-04 16:22:54] Epoch 801/1000
[2020-09-04 16:22:54] ==========
[2020-09-04 16:22:54] ----------------------------------------------------------------------------------------------------
[2020-09-04 16:22:54]            l_rec=11.825 l_lms=0.0200 err_lms=0.00/0.00/0.00 	T: 0:00:00
[2020-09-04 16:22:54] 
[2020-09-04 16:22:54] Epoch 802/1000
[2020-09-04 16:22:54] ==========
[2020-09-04 16:22:55] ----------------------------------------------------------------------------------------------------
[2020-09-04 16:22:55]            l_rec=11.825 l_lms=0.0202 err_lms=0.00/0.00/0.00 	T: 0:00:00
[2020-09-04 16:22:55] 
[2020-09-04 16:22:55] Epoch 803/1000
[2020-09-04 16:22:55] ==========
[2020-09-04 16:22:55] ----------------------------------------------------------------------------------------------------
[2020-09-04 16:22:55]            l_rec=11.825 l_lms=0.0181 err_lms=0.00/0.00/0.00 	T: 0:00:00
[2020-09-04 16:22:55] 
[2020-09-04 16:22:55] Epoch 804/1000
[2020-09-04 16:22:55] ==========
[2020-09-04 16:22:56] ----------------------------------------------------------------------------------------------------
[2020-09-04 16:22:56]            l_rec=11.825 l_lms=0.0130 err_lms=0.00/0.00/0.00 	T: 0:00:00
[2020-09-04 16:22:56] 
[2020-09-04 16:22:56] Epoch 805/1000
[2020-09-04 16:22:56] ==========
[2020-09-04 16:22:56] ----------------------------------------------------------------------------------------------------
[2020-09-04 16:22:56]            l_rec=11.825 l_lms=0.0125 err_lms=0.00/0.00/0.00 	T: 0:00:00
[2020-09-04 16:22:56] 
[2020-09-04 16:22:56] Epoch 806/1000
[2020-09-04 16:22:56] ==========
[2020-09-04 16:22:57] ----------------------------------------------------------------------------------------------------
[2020-09-04 16:22:57]            l_rec=11.825 l_lms=0.0141 err_lms=0.00/0.00/0.00 	T: 0:00:00
[2020-09-04 16:22:57] 
[2020-09-04 16:22:57] Epoch 807/1000
[2020-09-04 16:22:57] ==========
[2020-09-04 16:22:57] ----------------------------------------------------------------------------------------------------
[2020-09-04 16:22:57]            l_rec=11.825 l_lms=0.0121 err_lms=0.00/0.00/0.00 	T: 0:00:00
[2020-09-04 16:22:57] 
[2020-09-04 16:22:57] Epoch 808/1000
[2020-09-04 16:22:57] ==========
[2020-09-04 16:22:57] ----------------------------------------------------------------------------------------------------
[2020-09-04 16:22:58]            l_rec=11.825 l_lms=0.0099 err_lms=0.00/0.00/0.00 	T: 0:00:00
[2020-09-04 16:22:58] 
[2020-09-04 16:22:58] Epoch 809/1000
[2020-09-04 16:22:58] ==========
[2020-09-04 16:22:58] ----------------------------------------------------------------------------------------------------
[2020-09-04 16:22:58]            l_rec=11.825 l_lms=0.0110 err_lms=0.00/0.00/0.00 	T: 0:00:00
[2020-09-04 16:22:58] 
[2020-09-04 16:22:58] Epoch 810/1000
[2020-09-04 16:22:58] ==========
[2020-09-04 16:22:58] ----------------------------------------------------------------------------------------------------
[2020-09-04 16:22:58]            l_rec=11.825 l_lms=0.0117 err_lms=0.00/0.00/0.00 	T: 0:00:00
[2020-09-04 16:22:58] 
[2020-09-04 16:22:58] Epoch 811/1000
[2020-09-04 16:22:58] ==========
[2020-09-04 16:22:59] ----------------------------------------------------------------------------------------------------
[2020-09-04 16:22:59]            l_rec=11.825 l_lms=0.0095 err_lms=0.00/0.00/0.00 	T: 0:00:00
[2020-09-04 16:22:59] 
[2020-09-04 16:22:59] Epoch 812/1000
[2020-09-04 16:22:59] ==========
[2020-09-04 16:22:59] ----------------------------------------------------------------------------------------------------
[2020-09-04 16:22:59]            l_rec=11.825 l_lms=0.0086 err_lms=0.00/0.00/0.00 	T: 0:00:00
[2020-09-04 16:22:59] 
[2020-09-04 16:22:59] Epoch 813/1000
[2020-09-04 16:22:59] ==========
[2020-09-04 16:23:00] ----------------------------------------------------------------------------------------------------
[2020-09-04 16:23:00]            l_rec=11.825 l_lms=0.0103 err_lms=0.00/0.00/0.00 	T: 0:00:00
[2020-09-04 16:23:00] 
[2020-09-04 16:23:00] Epoch 814/1000
[2020-09-04 16:23:00] ==========
[2020-09-04 16:23:00] ----------------------------------------------------------------------------------------------------
[2020-09-04 16:23:00]            l_rec=11.825 l_lms=0.0099 err_lms=0.00/0.00/0.00 	T: 0:00:00
[2020-09-04 16:23:00] 
[2020-09-04 16:23:00] Epoch 815/1000
[2020-09-04 16:23:00] ==========
[2020-09-04 16:23:01] ----------------------------------------------------------------------------------------------------
[2020-09-04 16:23:01]            l_rec=11.825 l_lms=0.0085 err_lms=0.00/0.00/0.00 	T: 0:00:00
[2020-09-04 16:23:01] 
[2020-09-04 16:23:01] Epoch 816/1000
[2020-09-04 16:23:01] ==========
[2020-09-04 16:23:01] ----------------------------------------------------------------------------------------------------
[2020-09-04 16:23:01]            l_rec=11.825 l_lms=0.0089 err_lms=0.00/0.00/0.00 	T: 0:00:00
[2020-09-04 16:23:01] 
[2020-09-04 16:23:01] Epoch 817/1000
[2020-09-04 16:23:01] ==========
[2020-09-04 16:23:02] ----------------------------------------------------------------------------------------------------
[2020-09-04 16:23:02]            l_rec=11.825 l_lms=0.0091 err_lms=0.00/0.00/0.00 	T: 0:00:00
[2020-09-04 16:23:02] 
[2020-09-04 16:23:02] Epoch 818/1000
[2020-09-04 16:23:02] ==========
[2020-09-04 16:23:02] ----------------------------------------------------------------------------------------------------
[2020-09-04 16:23:02]            l_rec=11.825 l_lms=0.0082 err_lms=0.00/0.00/0.00 	T: 0:00:00
[2020-09-04 16:23:02] 
[2020-09-04 16:23:02] Epoch 819/1000
[2020-09-04 16:23:02] ==========
[2020-09-04 16:23:03] ----------------------------------------------------------------------------------------------------
[2020-09-04 16:23:03]            l_rec=11.825 l_lms=0.0083 err_lms=0.00/0.00/0.00 	T: 0:00:00
[2020-09-04 16:23:03] 
[2020-09-04 16:23:03] Epoch 820/1000
[2020-09-04 16:23:03] ==========
[2020-09-04 16:23:03] ----------------------------------------------------------------------------------------------------
[2020-09-04 16:23:03]            l_rec=11.825 l_lms=0.0087 err_lms=0.00/0.00/0.00 	T: 0:00:00
[2020-09-04 16:23:03] 
[2020-09-04 16:23:03] Epoch 821/1000
[2020-09-04 16:23:03] ==========
[2020-09-04 16:23:04] ----------------------------------------------------------------------------------------------------
[2020-09-04 16:23:04]            l_rec=11.825 l_lms=0.0081 err_lms=0.00/0.00/0.00 	T: 0:00:00
[2020-09-04 16:23:04] 
[2020-09-04 16:23:04] Epoch 822/1000
[2020-09-04 16:23:04] ==========
[2020-09-04 16:23:04] ----------------------------------------------------------------------------------------------------
[2020-09-04 16:23:04]            l_rec=11.825 l_lms=0.0079 err_lms=0.00/0.00/0.00 	T: 0:00:00
[2020-09-04 16:23:04] 
[2020-09-04 16:23:04] Epoch 823/1000
[2020-09-04 16:23:04] ==========
[2020-09-04 16:23:05] ----------------------------------------------------------------------------------------------------
[2020-09-04 16:23:05]            l_rec=11.825 l_lms=0.0081 err_lms=0.00/0.00/0.00 	T: 0:00:00
[2020-09-04 16:23:05] 
[2020-09-04 16:23:05] Epoch 824/1000
[2020-09-04 16:23:05] ==========
[2020-09-04 16:23:05] ----------------------------------------------------------------------------------------------------
[2020-09-04 16:23:05]            l_rec=11.825 l_lms=0.0081 err_lms=0.00/0.00/0.00 	T: 0:00:00
[2020-09-04 16:23:05] 
[2020-09-04 16:23:05] Epoch 825/1000
[2020-09-04 16:23:05] ==========
[2020-09-04 16:23:05] ----------------------------------------------------------------------------------------------------
[2020-09-04 16:23:05]            l_rec=11.825 l_lms=0.0079 err_lms=0.00/0.00/0.00 	T: 0:00:00
[2020-09-04 16:23:05] 
[2020-09-04 16:23:05] Epoch 826/1000
[2020-09-04 16:23:05] ==========
[2020-09-04 16:23:06] ----------------------------------------------------------------------------------------------------
[2020-09-04 16:23:06]            l_rec=11.825 l_lms=0.0078 err_lms=0.00/0.00/0.00 	T: 0:00:00
[2020-09-04 16:23:06] 
[2020-09-04 16:23:06] Epoch 827/1000
[2020-09-04 16:23:06] ==========
[2020-09-04 16:23:06] ----------------------------------------------------------------------------------------------------
[2020-09-04 16:23:06]            l_rec=11.825 l_lms=0.0077 err_lms=0.00/0.00/0.00 	T: 0:00:00
[2020-09-04 16:23:06] 
[2020-09-04 16:23:06] Epoch 828/1000
[2020-09-04 16:23:06] ==========
[2020-09-04 16:23:07] ----------------------------------------------------------------------------------------------------
[2020-09-04 16:23:07]            l_rec=11.825 l_lms=0.0077 err_lms=0.00/0.00/0.00 	T: 0:00:00
[2020-09-04 16:23:07] 
[2020-09-04 16:23:07] Epoch 829/1000
[2020-09-04 16:23:07] ==========
[2020-09-04 16:23:07] ----------------------------------------------------------------------------------------------------
[2020-09-04 16:23:07]            l_rec=11.825 l_lms=0.0077 err_lms=0.00/0.00/0.00 	T: 0:00:00
[2020-09-04 16:23:07] 
[2020-09-04 16:23:07] Epoch 830/1000
[2020-09-04 16:23:07] ==========
[2020-09-04 16:23:08] ----------------------------------------------------------------------------------------------------
[2020-09-04 16:23:08]            l_rec=11.825 l_lms=0.0075 err_lms=0.00/0.00/0.00 	T: 0:00:00
[2020-09-04 16:23:08] 
[2020-09-04 16:23:08] Epoch 831/1000
[2020-09-04 16:23:08] ==========
[2020-09-04 16:23:08] ----------------------------------------------------------------------------------------------------
[2020-09-04 16:23:08]            l_rec=11.825 l_lms=0.0074 err_lms=0.00/0.00/0.00 	T: 0:00:00
[2020-09-04 16:23:08] 
[2020-09-04 16:23:08] Epoch 832/1000
[2020-09-04 16:23:08] ==========
[2020-09-04 16:23:09] ----------------------------------------------------------------------------------------------------
[2020-09-04 16:23:09]            l_rec=11.825 l_lms=0.0074 err_lms=0.00/0.00/0.00 	T: 0:00:00
[2020-09-04 16:23:09] 
[2020-09-04 16:23:09] Epoch 833/1000
[2020-09-04 16:23:09] ==========
[2020-09-04 16:23:09] ----------------------------------------------------------------------------------------------------
[2020-09-04 16:23:09]            l_rec=11.825 l_lms=0.0074 err_lms=0.00/0.00/0.00 	T: 0:00:00
[2020-09-04 16:23:09] 
[2020-09-04 16:23:09] Epoch 834/1000
[2020-09-04 16:23:09] ==========
[2020-09-04 16:23:10] ----------------------------------------------------------------------------------------------------
[2020-09-04 16:23:10]            l_rec=11.825 l_lms=0.0074 err_lms=0.00/0.00/0.00 	T: 0:00:00
[2020-09-04 16:23:10] 
[2020-09-04 16:23:10] Epoch 835/1000
[2020-09-04 16:23:10] ==========
[2020-09-04 16:23:10] ----------------------------------------------------------------------------------------------------
[2020-09-04 16:23:10]            l_rec=11.825 l_lms=0.0073 err_lms=0.00/0.00/0.00 	T: 0:00:00
[2020-09-04 16:23:10] 
[2020-09-04 16:23:10] Epoch 836/1000
[2020-09-04 16:23:10] ==========
[2020-09-04 16:23:11] ----------------------------------------------------------------------------------------------------
[2020-09-04 16:23:11]            l_rec=11.825 l_lms=0.0072 err_lms=0.00/0.00/0.00 	T: 0:00:00
[2020-09-04 16:23:11] 
[2020-09-04 16:23:11] Epoch 837/1000
[2020-09-04 16:23:11] ==========
[2020-09-04 16:23:11] ----------------------------------------------------------------------------------------------------
[2020-09-04 16:23:11]            l_rec=11.825 l_lms=0.0072 err_lms=0.00/0.00/0.00 	T: 0:00:00
[2020-09-04 16:23:11] 
[2020-09-04 16:23:11] Epoch 838/1000
[2020-09-04 16:23:11] ==========
[2020-09-04 16:23:12] ----------------------------------------------------------------------------------------------------
[2020-09-04 16:23:12]            l_rec=11.825 l_lms=0.0073 err_lms=0.00/0.00/0.00 	T: 0:00:00
[2020-09-04 16:23:12] 
[2020-09-04 16:23:12] Epoch 839/1000
[2020-09-04 16:23:12] ==========
[2020-09-04 16:23:12] ----------------------------------------------------------------------------------------------------
[2020-09-04 16:23:12]            l_rec=11.825 l_lms=0.0072 err_lms=0.00/0.00/0.00 	T: 0:00:00
[2020-09-04 16:23:12] 
[2020-09-04 16:23:12] Epoch 840/1000
[2020-09-04 16:23:12] ==========
[2020-09-04 16:23:13] ----------------------------------------------------------------------------------------------------
[2020-09-04 16:23:13]            l_rec=11.825 l_lms=0.0072 err_lms=0.00/0.00/0.00 	T: 0:00:00
[2020-09-04 16:23:13] 
[2020-09-04 16:23:13] Epoch 841/1000
[2020-09-04 16:23:13] ==========
[2020-09-04 16:23:13] ----------------------------------------------------------------------------------------------------
[2020-09-04 16:23:13]            l_rec=11.825 l_lms=0.0072 err_lms=0.00/0.00/0.00 	T: 0:00:00
[2020-09-04 16:23:13] 
[2020-09-04 16:23:13] Epoch 842/1000
[2020-09-04 16:23:13] ==========
[2020-09-04 16:23:14] ----------------------------------------------------------------------------------------------------
[2020-09-04 16:23:14]            l_rec=11.825 l_lms=0.0072 err_lms=0.00/0.00/0.00 	T: 0:00:00
[2020-09-04 16:23:14] 
[2020-09-04 16:23:14] Epoch 843/1000
[2020-09-04 16:23:14] ==========
[2020-09-04 16:23:14] ----------------------------------------------------------------------------------------------------
[2020-09-04 16:23:14]            l_rec=11.825 l_lms=0.0072 err_lms=0.00/0.00/0.00 	T: 0:00:00
[2020-09-04 16:23:14] 
[2020-09-04 16:23:14] Epoch 844/1000
[2020-09-04 16:23:14] ==========
[2020-09-04 16:23:15] ----------------------------------------------------------------------------------------------------
[2020-09-04 16:23:15]            l_rec=11.825 l_lms=0.0072 err_lms=0.00/0.00/0.00 	T: 0:00:00
[2020-09-04 16:23:15] 
[2020-09-04 16:23:15] Epoch 845/1000
[2020-09-04 16:23:15] ==========
[2020-09-04 16:23:15] ----------------------------------------------------------------------------------------------------
[2020-09-04 16:23:15]            l_rec=11.825 l_lms=0.0073 err_lms=0.00/0.00/0.00 	T: 0:00:00
[2020-09-04 16:23:15] 
[2020-09-04 16:23:15] Epoch 846/1000
[2020-09-04 16:23:15] ==========
[2020-09-04 16:23:16] ----------------------------------------------------------------------------------------------------
[2020-09-04 16:23:16]            l_rec=11.825 l_lms=0.0073 err_lms=0.00/0.00/0.00 	T: 0:00:00
[2020-09-04 16:23:16] 
[2020-09-04 16:23:16] Epoch 847/1000
[2020-09-04 16:23:16] ==========
[2020-09-04 16:23:16] ----------------------------------------------------------------------------------------------------
[2020-09-04 16:23:16]            l_rec=11.825 l_lms=0.0075 err_lms=0.00/0.00/0.00 	T: 0:00:00
[2020-09-04 16:23:16] 
[2020-09-04 16:23:16] Epoch 848/1000
[2020-09-04 16:23:16] ==========
[2020-09-04 16:23:16] ----------------------------------------------------------------------------------------------------
[2020-09-04 16:23:16]            l_rec=11.825 l_lms=0.0077 err_lms=0.00/0.00/0.00 	T: 0:00:00
[2020-09-04 16:23:16] 
[2020-09-04 16:23:16] Epoch 849/1000
[2020-09-04 16:23:16] ==========
[2020-09-04 16:23:17] ----------------------------------------------------------------------------------------------------
[2020-09-04 16:23:17]            l_rec=11.825 l_lms=0.0079 err_lms=0.00/0.00/0.00 	T: 0:00:00
[2020-09-04 16:23:17] 
[2020-09-04 16:23:17] Epoch 850/1000
[2020-09-04 16:23:17] ==========
[2020-09-04 16:23:17] ----------------------------------------------------------------------------------------------------
[2020-09-04 16:23:17]            l_rec=11.825 l_lms=0.0084 err_lms=0.00/0.00/0.00 	T: 0:00:00
[2020-09-04 16:23:17] 
[2020-09-04 16:23:17] Epoch 851/1000
[2020-09-04 16:23:17] ==========
[2020-09-04 16:23:18] ----------------------------------------------------------------------------------------------------
[2020-09-04 16:23:18]            l_rec=11.825 l_lms=0.0090 err_lms=0.00/0.00/0.00 	T: 0:00:00
[2020-09-04 16:23:18] 
[2020-09-04 16:23:18] Epoch 852/1000
[2020-09-04 16:23:18] ==========
[2020-09-04 16:23:18] ----------------------------------------------------------------------------------------------------
[2020-09-04 16:23:18]            l_rec=11.825 l_lms=0.0100 err_lms=0.00/0.00/0.00 	T: 0:00:00
[2020-09-04 16:23:18] 
[2020-09-04 16:23:18] Epoch 853/1000
[2020-09-04 16:23:18] ==========
[2020-09-04 16:23:19] ----------------------------------------------------------------------------------------------------
[2020-09-04 16:23:19]            l_rec=11.825 l_lms=0.0108 err_lms=0.00/0.00/0.00 	T: 0:00:00
[2020-09-04 16:23:19] 
[2020-09-04 16:23:19] Epoch 854/1000
[2020-09-04 16:23:19] ==========
[2020-09-04 16:23:19] ----------------------------------------------------------------------------------------------------
[2020-09-04 16:23:19]            l_rec=11.825 l_lms=0.0127 err_lms=0.00/0.00/0.00 	T: 0:00:00
[2020-09-04 16:23:19] 
[2020-09-04 16:23:19] Epoch 855/1000
[2020-09-04 16:23:19] ==========
[2020-09-04 16:23:20] ----------------------------------------------------------------------------------------------------
[2020-09-04 16:23:20]            l_rec=11.825 l_lms=0.0131 err_lms=0.00/0.00/0.00 	T: 0:00:00
[2020-09-04 16:23:20] 
[2020-09-04 16:23:20] Epoch 856/1000
[2020-09-04 16:23:20] ==========
[2020-09-04 16:23:20] ----------------------------------------------------------------------------------------------------
[2020-09-04 16:23:20]            l_rec=11.825 l_lms=0.0146 err_lms=0.00/0.00/0.00 	T: 0:00:00
[2020-09-04 16:23:20] 
[2020-09-04 16:23:20] Epoch 857/1000
[2020-09-04 16:23:20] ==========
[2020-09-04 16:23:21] ----------------------------------------------------------------------------------------------------
[2020-09-04 16:23:21]            l_rec=11.825 l_lms=0.0132 err_lms=0.00/0.00/0.00 	T: 0:00:00
[2020-09-04 16:23:21] 
[2020-09-04 16:23:21] Epoch 858/1000
[2020-09-04 16:23:21] ==========
[2020-09-04 16:23:21] ----------------------------------------------------------------------------------------------------
[2020-09-04 16:23:21]            l_rec=11.825 l_lms=0.0121 err_lms=0.00/0.00/0.00 	T: 0:00:00
[2020-09-04 16:23:21] 
[2020-09-04 16:23:21] Epoch 859/1000
[2020-09-04 16:23:21] ==========
[2020-09-04 16:23:22] ----------------------------------------------------------------------------------------------------
[2020-09-04 16:23:22]            l_rec=11.825 l_lms=0.0093 err_lms=0.00/0.00/0.00 	T: 0:00:00
[2020-09-04 16:23:22] 
[2020-09-04 16:23:22] Epoch 860/1000
[2020-09-04 16:23:22] ==========
[2020-09-04 16:23:22] ----------------------------------------------------------------------------------------------------
[2020-09-04 16:23:22]            l_rec=11.825 l_lms=0.0075 err_lms=0.00/0.00/0.00 	T: 0:00:00
[2020-09-04 16:23:22] 
[2020-09-04 16:23:22] Epoch 861/1000
[2020-09-04 16:23:22] ==========
[2020-09-04 16:23:23] ----------------------------------------------------------------------------------------------------
[2020-09-04 16:23:23]            l_rec=11.825 l_lms=0.0071 err_lms=0.00/0.00/0.00 	T: 0:00:00
[2020-09-04 16:23:23] 
[2020-09-04 16:23:23] Epoch 862/1000
[2020-09-04 16:23:23] ==========
[2020-09-04 16:23:23] ----------------------------------------------------------------------------------------------------
[2020-09-04 16:23:23]            l_rec=11.825 l_lms=0.0079 err_lms=0.00/0.00/0.00 	T: 0:00:00
[2020-09-04 16:23:23] 
[2020-09-04 16:23:23] Epoch 863/1000
[2020-09-04 16:23:23] ==========
[2020-09-04 16:23:24] ----------------------------------------------------------------------------------------------------
[2020-09-04 16:23:24]            l_rec=11.825 l_lms=0.0092 err_lms=0.00/0.00/0.00 	T: 0:00:00
[2020-09-04 16:23:24] 
[2020-09-04 16:23:24] Epoch 864/1000
[2020-09-04 16:23:24] ==========
[2020-09-04 16:23:24] ----------------------------------------------------------------------------------------------------
[2020-09-04 16:23:24]            l_rec=11.825 l_lms=0.0093 err_lms=0.00/0.00/0.00 	T: 0:00:00
[2020-09-04 16:23:24] 
[2020-09-04 16:23:24] Epoch 865/1000
[2020-09-04 16:23:24] ==========
[2020-09-04 16:23:24] ----------------------------------------------------------------------------------------------------
[2020-09-04 16:23:24]            l_rec=11.825 l_lms=0.0089 err_lms=0.00/0.00/0.00 	T: 0:00:00
[2020-09-04 16:23:24] 
[2020-09-04 16:23:24] Epoch 866/1000
[2020-09-04 16:23:24] ==========
[2020-09-04 16:23:25] ----------------------------------------------------------------------------------------------------
[2020-09-04 16:23:25]            l_rec=11.825 l_lms=0.0076 err_lms=0.00/0.00/0.00 	T: 0:00:00
[2020-09-04 16:23:25] 
[2020-09-04 16:23:25] Epoch 867/1000
[2020-09-04 16:23:25] ==========
[2020-09-04 16:23:25] ----------------------------------------------------------------------------------------------------
[2020-09-04 16:23:25]            l_rec=11.825 l_lms=0.0069 err_lms=0.00/0.00/0.00 	T: 0:00:00
[2020-09-04 16:23:25] 
[2020-09-04 16:23:25] Epoch 868/1000
[2020-09-04 16:23:25] ==========
[2020-09-04 16:23:26] ----------------------------------------------------------------------------------------------------
[2020-09-04 16:23:26]            l_rec=11.825 l_lms=0.0070 err_lms=0.00/0.00/0.00 	T: 0:00:00
[2020-09-04 16:23:26] 
[2020-09-04 16:23:26] Epoch 869/1000
[2020-09-04 16:23:26] ==========
[2020-09-04 16:23:26] ----------------------------------------------------------------------------------------------------
[2020-09-04 16:23:26]            l_rec=11.825 l_lms=0.0076 err_lms=0.00/0.00/0.00 	T: 0:00:00
[2020-09-04 16:23:26] 
[2020-09-04 16:23:26] Epoch 870/1000
[2020-09-04 16:23:26] ==========
[2020-09-04 16:23:27] ----------------------------------------------------------------------------------------------------
[2020-09-04 16:23:27]            l_rec=11.825 l_lms=0.0081 err_lms=0.00/0.00/0.00 	T: 0:00:00
[2020-09-04 16:23:27] 
[2020-09-04 16:23:27] Epoch 871/1000
[2020-09-04 16:23:27] ==========
[2020-09-04 16:23:27] ----------------------------------------------------------------------------------------------------
[2020-09-04 16:23:27]            l_rec=11.825 l_lms=0.0079 err_lms=0.00/0.00/0.00 	T: 0:00:00
[2020-09-04 16:23:27] 
[2020-09-04 16:23:27] Epoch 872/1000
[2020-09-04 16:23:27] ==========
[2020-09-04 16:23:28] ----------------------------------------------------------------------------------------------------
[2020-09-04 16:23:28]            l_rec=11.825 l_lms=0.0074 err_lms=0.00/0.00/0.00 	T: 0:00:00
[2020-09-04 16:23:28] 
[2020-09-04 16:23:28] Epoch 873/1000
[2020-09-04 16:23:28] ==========
[2020-09-04 16:23:28] ----------------------------------------------------------------------------------------------------
[2020-09-04 16:23:28]            l_rec=11.825 l_lms=0.0069 err_lms=0.00/0.00/0.00 	T: 0:00:00
[2020-09-04 16:23:28] 
[2020-09-04 16:23:28] Epoch 874/1000
[2020-09-04 16:23:28] ==========
[2020-09-04 16:23:29] ----------------------------------------------------------------------------------------------------
[2020-09-04 16:23:29]            l_rec=11.825 l_lms=0.0069 err_lms=0.00/0.00/0.00 	T: 0:00:00
[2020-09-04 16:23:29] 
[2020-09-04 16:23:29] Epoch 875/1000
[2020-09-04 16:23:29] ==========
[2020-09-04 16:23:29] ----------------------------------------------------------------------------------------------------
[2020-09-04 16:23:29]            l_rec=11.825 l_lms=0.0072 err_lms=0.00/0.00/0.00 	T: 0:00:00
[2020-09-04 16:23:29] 
[2020-09-04 16:23:29] Epoch 876/1000
[2020-09-04 16:23:29] ==========
[2020-09-04 16:23:30] ----------------------------------------------------------------------------------------------------
[2020-09-04 16:23:30]            l_rec=11.825 l_lms=0.0074 err_lms=0.00/0.00/0.00 	T: 0:00:00
[2020-09-04 16:23:30] 
[2020-09-04 16:23:30] Epoch 877/1000
[2020-09-04 16:23:30] ==========
[2020-09-04 16:23:30] ----------------------------------------------------------------------------------------------------
[2020-09-04 16:23:30]            l_rec=11.825 l_lms=0.0075 err_lms=0.00/0.00/0.00 	T: 0:00:00
[2020-09-04 16:23:30] 
[2020-09-04 16:23:30] Epoch 878/1000
[2020-09-04 16:23:30] ==========
[2020-09-04 16:23:31] ----------------------------------------------------------------------------------------------------
[2020-09-04 16:23:31]            l_rec=11.825 l_lms=0.0072 err_lms=0.00/0.00/0.00 	T: 0:00:00
[2020-09-04 16:23:31] 
[2020-09-04 16:23:31] Epoch 879/1000
[2020-09-04 16:23:31] ==========
[2020-09-04 16:23:31] ----------------------------------------------------------------------------------------------------
[2020-09-04 16:23:31]            l_rec=11.825 l_lms=0.0072 err_lms=0.00/0.00/0.00 	T: 0:00:00
[2020-09-04 16:23:31] 
[2020-09-04 16:23:31] Epoch 880/1000
[2020-09-04 16:23:31] ==========
[2020-09-04 16:23:32] ----------------------------------------------------------------------------------------------------
[2020-09-04 16:23:32]            l_rec=11.825 l_lms=0.0073 err_lms=0.00/0.00/0.00 	T: 0:00:00
[2020-09-04 16:23:32] 
[2020-09-04 16:23:32] Epoch 881/1000
[2020-09-04 16:23:32] ==========
[2020-09-04 16:23:32] ----------------------------------------------------------------------------------------------------
[2020-09-04 16:23:32]            l_rec=11.825 l_lms=0.0077 err_lms=0.00/0.00/0.00 	T: 0:00:00
[2020-09-04 16:23:32] 
[2020-09-04 16:23:32] Epoch 882/1000
[2020-09-04 16:23:32] ==========
[2020-09-04 16:23:33] ----------------------------------------------------------------------------------------------------
[2020-09-04 16:23:33]            l_rec=11.825 l_lms=0.0085 err_lms=0.00/0.00/0.00 	T: 0:00:00
[2020-09-04 16:23:33] 
[2020-09-04 16:23:33] Epoch 883/1000
[2020-09-04 16:23:33] ==========
[2020-09-04 16:23:33] ----------------------------------------------------------------------------------------------------
[2020-09-04 16:23:33]            l_rec=11.825 l_lms=0.0100 err_lms=0.00/0.00/0.00 	T: 0:00:00
[2020-09-04 16:23:33] 
[2020-09-04 16:23:33] Epoch 884/1000
[2020-09-04 16:23:33] ==========
[2020-09-04 16:23:34] ----------------------------------------------------------------------------------------------------
[2020-09-04 16:23:34]            l_rec=11.825 l_lms=0.0115 err_lms=0.00/0.00/0.00 	T: 0:00:00
[2020-09-04 16:23:34] 
[2020-09-04 16:23:34] Epoch 885/1000
[2020-09-04 16:23:34] ==========
[2020-09-04 16:23:34] ----------------------------------------------------------------------------------------------------
[2020-09-04 16:23:34]            l_rec=11.825 l_lms=0.0146 err_lms=0.00/0.00/0.00 	T: 0:00:00
[2020-09-04 16:23:34] 
[2020-09-04 16:23:34] Epoch 886/1000
[2020-09-04 16:23:34] ==========
[2020-09-04 16:23:35] ----------------------------------------------------------------------------------------------------
[2020-09-04 16:23:35]            l_rec=11.825 l_lms=0.0155 err_lms=0.00/0.00/0.00 	T: 0:00:00
[2020-09-04 16:23:35] 
[2020-09-04 16:23:35] Epoch 887/1000
[2020-09-04 16:23:35] ==========
[2020-09-04 16:23:35] ----------------------------------------------------------------------------------------------------
[2020-09-04 16:23:35]            l_rec=11.825 l_lms=0.0179 err_lms=0.00/0.00/0.00 	T: 0:00:00
[2020-09-04 16:23:35] 
[2020-09-04 16:23:35] Epoch 888/1000
[2020-09-04 16:23:35] ==========
[2020-09-04 16:23:36] ----------------------------------------------------------------------------------------------------
[2020-09-04 16:23:36]            l_rec=11.825 l_lms=0.0151 err_lms=0.00/0.00/0.00 	T: 0:00:00
[2020-09-04 16:23:36] 
[2020-09-04 16:23:36] Epoch 889/1000
[2020-09-04 16:23:36] ==========
[2020-09-04 16:23:36] ----------------------------------------------------------------------------------------------------
[2020-09-04 16:23:36]            l_rec=11.825 l_lms=0.0137 err_lms=0.00/0.00/0.00 	T: 0:00:00
[2020-09-04 16:23:36] 
[2020-09-04 16:23:36] Epoch 890/1000
[2020-09-04 16:23:36] ==========
[2020-09-04 16:23:36] ----------------------------------------------------------------------------------------------------
[2020-09-04 16:23:36]            l_rec=11.825 l_lms=0.0116 err_lms=0.00/0.00/0.00 	T: 0:00:00
[2020-09-04 16:23:36] 
[2020-09-04 16:23:36] Epoch 891/1000
[2020-09-04 16:23:36] ==========
[2020-09-04 16:23:37] ----------------------------------------------------------------------------------------------------
[2020-09-04 16:23:37]            l_rec=11.825 l_lms=0.0120 err_lms=0.00/0.00/0.00 	T: 0:00:00
[2020-09-04 16:23:37] 
[2020-09-04 16:23:37] Epoch 892/1000
[2020-09-04 16:23:37] ==========
[2020-09-04 16:23:37] ----------------------------------------------------------------------------------------------------
[2020-09-04 16:23:37]            l_rec=11.825 l_lms=0.0128 err_lms=0.00/0.00/0.00 	T: 0:00:00
[2020-09-04 16:23:37] 
[2020-09-04 16:23:37] Epoch 893/1000
[2020-09-04 16:23:37] ==========
[2020-09-04 16:23:38] ----------------------------------------------------------------------------------------------------
[2020-09-04 16:23:38]            l_rec=11.825 l_lms=0.0113 err_lms=0.00/0.00/0.00 	T: 0:00:00
[2020-09-04 16:23:38] 
[2020-09-04 16:23:38] Epoch 894/1000
[2020-09-04 16:23:38] ==========
[2020-09-04 16:23:38] ----------------------------------------------------------------------------------------------------
[2020-09-04 16:23:38]            l_rec=11.825 l_lms=0.0095 err_lms=0.00/0.00/0.00 	T: 0:00:00
[2020-09-04 16:23:38] 
[2020-09-04 16:23:38] Epoch 895/1000
[2020-09-04 16:23:38] ==========
[2020-09-04 16:23:39] ----------------------------------------------------------------------------------------------------
[2020-09-04 16:23:39]            l_rec=11.825 l_lms=0.0086 err_lms=0.00/0.00/0.00 	T: 0:00:00
[2020-09-04 16:23:39] 
[2020-09-04 16:23:39] Epoch 896/1000
[2020-09-04 16:23:39] ==========
[2020-09-04 16:23:39] ----------------------------------------------------------------------------------------------------
[2020-09-04 16:23:39]            l_rec=11.825 l_lms=0.0097 err_lms=0.00/0.00/0.00 	T: 0:00:00
[2020-09-04 16:23:39] 
[2020-09-04 16:23:39] Epoch 897/1000
[2020-09-04 16:23:39] ==========
[2020-09-04 16:23:40] ----------------------------------------------------------------------------------------------------
[2020-09-04 16:23:40]            l_rec=11.825 l_lms=0.0105 err_lms=0.00/0.00/0.00 	T: 0:00:00
[2020-09-04 16:23:40] 
[2020-09-04 16:23:40] Epoch 898/1000
[2020-09-04 16:23:40] ==========
[2020-09-04 16:23:40] ----------------------------------------------------------------------------------------------------
[2020-09-04 16:23:40]            l_rec=11.825 l_lms=0.0093 err_lms=0.00/0.00/0.00 	T: 0:00:00
[2020-09-04 16:23:40] 
[2020-09-04 16:23:40] Epoch 899/1000
[2020-09-04 16:23:40] ==========
[2020-09-04 16:23:41] ----------------------------------------------------------------------------------------------------
[2020-09-04 16:23:41]            l_rec=11.825 l_lms=0.0077 err_lms=0.00/0.00/0.00 	T: 0:00:00
[2020-09-04 16:23:41] 
[2020-09-04 16:23:41] Epoch 900/1000
[2020-09-04 16:23:41] ==========
[2020-09-04 16:23:41] ----------------------------------------------------------------------------------------------------
[2020-09-04 16:23:41]            l_rec=11.825 l_lms=0.0075 err_lms=0.00/0.00/0.00 	T: 0:00:00
[2020-09-04 16:23:41] 
[2020-09-04 16:23:41] Evaluating 'test'...
[2020-09-04 16:23:42] [900][1/34] l_rec=17.692 l_lms=1.5433 err_lms=11.34/18.06/13.02 0.72/0.28/1.00s (001181 0:08:49)
[2020-09-04 16:23:43] [900][2/34] l_rec=18.864 l_lms=1.5587 err_lms=10.46/20.66/13.01 0.04/0.27/0.31s (001182 0:08:49)
[2020-09-04 16:23:43] [900][3/34] l_rec=18.910 l_lms=1.6093 err_lms=12.34/21.28/14.57 0.03/0.27/0.30s (001183 0:08:50)
[2020-09-04 16:23:43] [900][4/34] l_rec=17.424 l_lms=1.4709 err_lms=10.50/20.45/12.99 0.03/0.27/0.31s (001184 0:08:50)
[2020-09-04 16:23:43] [900][5/34] l_rec=14.632 l_lms=1.4259 err_lms=10.61/20.42/13.07 0.03/0.27/0.30s (001185 0:08:50)
[2020-09-04 16:23:44] [900][6/34] l_rec=15.156 l_lms=1.6595 err_lms=11.07/23.58/14.20 0.03/0.27/0.30s (001186 0:08:51)
[2020-09-04 16:23:44] [900][7/34] l_rec=15.814 l_lms=1.4154 err_lms=10.06/18.45/12.16 0.04/0.27/0.31s (001187 0:08:51)
[2020-09-04 16:23:44] [900][8/34] l_rec=17.165 l_lms=1.4728 err_lms=12.31/17.26/13.55 0.03/0.27/0.31s (001188 0:08:51)
[2020-09-04 16:23:45] [900][9/34] l_rec=17.000 l_lms=1.4766 err_lms=15.21/20.48/16.53 0.03/0.27/0.31s (001189 0:08:52)
[2020-09-04 16:23:45] [900][10/34] l_rec=16.566 l_lms=1.4694 err_lms=10.42/21.26/13.13 0.03/0.27/0.30s (001190 0:08:52)
[2020-09-04 16:23:45] [900][11/34] l_rec=15.644 l_lms=1.5385 err_lms=11.40/21.93/14.03 0.03/0.27/0.30s (001191 0:08:52)
[2020-09-04 16:23:46] [900][12/34] l_rec=18.277 l_lms=1.5278 err_lms=10.48/20.22/12.92 0.03/0.27/0.30s (001192 0:08:52)
[2020-09-04 16:23:46] [900][13/34] l_rec=13.183 l_lms=1.4717 err_lms=12.67/17.10/13.78 0.03/0.27/0.31s (001193 0:08:53)
[2020-09-04 16:23:46] [900][14/34] l_rec=13.438 l_lms=1.2483 err_lms=10.00/17.56/11.89 0.03/0.27/0.31s (001194 0:08:53)
[2020-09-04 16:23:46] [900][15/34] l_rec=14.831 l_lms=1.4644 err_lms=10.73/19.45/12.91 0.05/0.27/0.32s (001195 0:08:53)
[2020-09-04 16:23:47] [900][16/34] l_rec=18.122 l_lms=1.6296 err_lms=12.57/22.15/14.96 0.04/0.28/0.31s (001196 0:08:54)
[2020-09-04 16:23:47] [900][17/34] l_rec=16.159 l_lms=1.3693 err_lms=9.71/18.52/11.91 0.03/0.29/0.33s (001197 0:08:54)
[2020-09-04 16:23:47] [900][18/34] l_rec=15.427 l_lms=1.3290 err_lms=10.28/15.59/11.61 0.03/0.27/0.31s (001198 0:08:54)
[2020-09-04 16:23:48] [900][19/34] l_rec=16.121 l_lms=1.4464 err_lms=10.95/20.50/13.34 0.03/0.27/0.31s (001199 0:08:55)
[2020-09-04 16:23:48] [900][20/34] l_rec=16.219 l_lms=1.3411 err_lms=10.34/21.41/13.11 0.04/0.27/0.31s (001200 0:08:55)
[2020-09-04 16:23:48] [900][21/34] l_rec=14.441 l_lms=1.3356 err_lms=10.94/16.82/12.41 0.03/0.27/0.31s (001201 0:08:55)
[2020-09-04 16:23:49] [900][22/34] l_rec=16.949 l_lms=1.2859 err_lms=9.74/17.57/11.70 0.04/0.27/0.31s (001202 0:08:56)
[2020-09-04 16:23:49] [900][23/34] l_rec=17.735 l_lms=1.5452 err_lms=11.72/23.99/14.79 0.04/0.27/0.31s (001203 0:08:56)
[2020-09-04 16:23:49] [900][24/34] l_rec=14.685 l_lms=1.5832 err_lms=13.09/21.98/15.31 0.03/0.27/0.30s (001204 0:08:56)
[2020-09-04 16:23:50] [900][25/34] l_rec=15.637 l_lms=1.5016 err_lms=11.45/20.33/13.67 0.03/0.27/0.30s (001205 0:08:56)
[2020-09-04 16:23:50] [900][26/34] l_rec=17.508 l_lms=1.2996 err_lms=9.79/16.65/11.51 0.03/0.27/0.30s (001206 0:08:57)
[2020-09-04 16:23:50] [900][27/34] l_rec=16.127 l_lms=1.3746 err_lms=10.70/16.72/12.21 0.03/0.27/0.30s (001207 0:08:57)
[2020-09-04 16:23:51] [900][28/34] l_rec=15.755 l_lms=1.4202 err_lms=15.60/20.87/16.91 0.03/0.27/0.30s (001208 0:08:57)
[2020-09-04 16:23:51] [900][29/34] l_rec=20.286 l_lms=2.2205 err_lms=21.37/34.16/24.57 0.03/0.27/0.30s (001209 0:08:58)
[2020-09-04 16:23:51] [900][30/34] l_rec=17.811 l_lms=2.3713 err_lms=29.30/37.47/31.34 0.03/0.27/0.30s (001210 0:08:58)
[2020-09-04 16:23:51] [900][31/34] l_rec=14.738 l_lms=2.2825 err_lms=25.08/37.22/28.12 0.03/0.27/0.30s (001211 0:08:58)
[2020-09-04 16:23:52] [900][32/34] l_rec=15.827 l_lms=2.2302 err_lms=24.23/36.65/27.34 0.03/0.27/0.30s (001212 0:08:59)
[2020-09-04 16:23:52] [900][33/34] l_rec=18.535 l_lms=2.1531 err_lms=20.97/36.33/24.81 0.03/0.27/0.30s (001213 0:08:59)
[2020-09-04 16:23:52] [900][34/34] l_rec=16.345 l_lms=2.4008 err_lms=26.53/42.43/30.50 0.03/0.27/0.30s (001214 0:08:59)
[2020-09-04 16:23:52] [900][35/34] l_rec=17.976 l_lms=2.4153 err_lms=25.99/43.33/30.33 0.03/0.12/0.16s (001215 0:08:59)
[2020-09-04 16:23:53] ----------------------------------------------------------------------------------------------------
[2020-09-04 16:23:53]            l_rec=16.486 l_lms=1.6254 err_lms=13.81/23.08/16.12 	T: 0:00:11
[2020-09-04 16:23:53] 
[2020-09-04 16:23:53] Epoch 901/1000
[2020-09-04 16:23:53] ==========
[2020-09-04 16:23:53] ----------------------------------------------------------------------------------------------------
[2020-09-04 16:23:53]            l_rec=11.825 l_lms=0.0085 err_lms=0.00/0.00/0.00 	T: 0:00:00
[2020-09-04 16:23:53] 
[2020-09-04 16:23:53] Epoch 902/1000
[2020-09-04 16:23:53] ==========
[2020-09-04 16:23:54] ----------------------------------------------------------------------------------------------------
[2020-09-04 16:23:54]            l_rec=11.825 l_lms=0.0088 err_lms=0.00/0.00/0.00 	T: 0:00:00
[2020-09-04 16:23:54] 
[2020-09-04 16:23:54] Epoch 903/1000
[2020-09-04 16:23:54] ==========
[2020-09-04 16:23:54] ----------------------------------------------------------------------------------------------------
[2020-09-04 16:23:54]            l_rec=11.825 l_lms=0.0079 err_lms=0.00/0.00/0.00 	T: 0:00:00
[2020-09-04 16:23:54] 
[2020-09-04 16:23:54] Epoch 904/1000
[2020-09-04 16:23:54] ==========
[2020-09-04 16:23:54] ----------------------------------------------------------------------------------------------------
[2020-09-04 16:23:54]            l_rec=11.825 l_lms=0.0072 err_lms=0.00/0.00/0.00 	T: 0:00:00
[2020-09-04 16:23:54] 
[2020-09-04 16:23:54] Epoch 905/1000
[2020-09-04 16:23:54] ==========
[2020-09-04 16:23:55] ----------------------------------------------------------------------------------------------------
[2020-09-04 16:23:55]            l_rec=11.825 l_lms=0.0075 err_lms=0.00/0.00/0.00 	T: 0:00:00
[2020-09-04 16:23:55] 
[2020-09-04 16:23:55] Epoch 906/1000
[2020-09-04 16:23:55] ==========
[2020-09-04 16:23:55] ----------------------------------------------------------------------------------------------------
[2020-09-04 16:23:55]            l_rec=11.825 l_lms=0.0078 err_lms=0.00/0.00/0.00 	T: 0:00:00
[2020-09-04 16:23:55] 
[2020-09-04 16:23:55] Epoch 907/1000
[2020-09-04 16:23:55] ==========
[2020-09-04 16:23:56] ----------------------------------------------------------------------------------------------------
[2020-09-04 16:23:56]            l_rec=11.825 l_lms=0.0074 err_lms=0.00/0.00/0.00 	T: 0:00:00
[2020-09-04 16:23:56] 
[2020-09-04 16:23:56] Epoch 908/1000
[2020-09-04 16:23:56] ==========
[2020-09-04 16:23:56] ----------------------------------------------------------------------------------------------------
[2020-09-04 16:23:56]            l_rec=11.825 l_lms=0.0069 err_lms=0.00/0.00/0.00 	T: 0:00:00
[2020-09-04 16:23:56] 
[2020-09-04 16:23:56] Epoch 909/1000
[2020-09-04 16:23:56] ==========
[2020-09-04 16:23:57] ----------------------------------------------------------------------------------------------------
[2020-09-04 16:23:57]            l_rec=11.825 l_lms=0.0071 err_lms=0.00/0.00/0.00 	T: 0:00:00
[2020-09-04 16:23:57] 
[2020-09-04 16:23:57] Epoch 910/1000
[2020-09-04 16:23:57] ==========
[2020-09-04 16:23:57] ----------------------------------------------------------------------------------------------------
[2020-09-04 16:23:57]            l_rec=11.825 l_lms=0.0074 err_lms=0.00/0.00/0.00 	T: 0:00:00
[2020-09-04 16:23:57] 
[2020-09-04 16:23:57] Epoch 911/1000
[2020-09-04 16:23:57] ==========
[2020-09-04 16:23:58] ----------------------------------------------------------------------------------------------------
[2020-09-04 16:23:58]            l_rec=11.825 l_lms=0.0071 err_lms=0.00/0.00/0.00 	T: 0:00:00
[2020-09-04 16:23:58] 
[2020-09-04 16:23:58] Epoch 912/1000
[2020-09-04 16:23:58] ==========
[2020-09-04 16:23:58] ----------------------------------------------------------------------------------------------------
[2020-09-04 16:23:58]            l_rec=11.825 l_lms=0.0068 err_lms=0.00/0.00/0.00 	T: 0:00:00
[2020-09-04 16:23:58] 
[2020-09-04 16:23:58] Epoch 913/1000
[2020-09-04 16:23:58] ==========
[2020-09-04 16:23:59] ----------------------------------------------------------------------------------------------------
[2020-09-04 16:23:59]            l_rec=11.825 l_lms=0.0068 err_lms=0.00/0.00/0.00 	T: 0:00:00
[2020-09-04 16:23:59] 
[2020-09-04 16:23:59] Epoch 914/1000
[2020-09-04 16:23:59] ==========
[2020-09-04 16:23:59] ----------------------------------------------------------------------------------------------------
[2020-09-04 16:23:59]            l_rec=11.825 l_lms=0.0070 err_lms=0.00/0.00/0.00 	T: 0:00:00
[2020-09-04 16:23:59] 
[2020-09-04 16:23:59] Epoch 915/1000
[2020-09-04 16:23:59] ==========
[2020-09-04 16:24:00] ----------------------------------------------------------------------------------------------------
[2020-09-04 16:24:00]            l_rec=11.825 l_lms=0.0068 err_lms=0.00/0.00/0.00 	T: 0:00:00
[2020-09-04 16:24:00] 
[2020-09-04 16:24:00] Epoch 916/1000
[2020-09-04 16:24:00] ==========
[2020-09-04 16:24:00] ----------------------------------------------------------------------------------------------------
[2020-09-04 16:24:00]            l_rec=11.825 l_lms=0.0066 err_lms=0.00/0.00/0.00 	T: 0:00:00
[2020-09-04 16:24:00] 
[2020-09-04 16:24:00] Epoch 917/1000
[2020-09-04 16:24:00] ==========
[2020-09-04 16:24:01] ----------------------------------------------------------------------------------------------------
[2020-09-04 16:24:01]            l_rec=11.825 l_lms=0.0067 err_lms=0.00/0.00/0.00 	T: 0:00:00
[2020-09-04 16:24:01] 
[2020-09-04 16:24:01] Epoch 918/1000
[2020-09-04 16:24:01] ==========
[2020-09-04 16:24:01] ----------------------------------------------------------------------------------------------------
[2020-09-04 16:24:01]            l_rec=11.825 l_lms=0.0068 err_lms=0.00/0.00/0.00 	T: 0:00:00
[2020-09-04 16:24:01] 
[2020-09-04 16:24:01] Epoch 919/1000
[2020-09-04 16:24:01] ==========
[2020-09-04 16:24:02] ----------------------------------------------------------------------------------------------------
[2020-09-04 16:24:02]            l_rec=11.825 l_lms=0.0066 err_lms=0.00/0.00/0.00 	T: 0:00:00
[2020-09-04 16:24:02] 
[2020-09-04 16:24:02] Epoch 920/1000
[2020-09-04 16:24:02] ==========
[2020-09-04 16:24:02] ----------------------------------------------------------------------------------------------------
[2020-09-04 16:24:02]            l_rec=11.825 l_lms=0.0064 err_lms=0.00/0.00/0.00 	T: 0:00:00
[2020-09-04 16:24:02] 
[2020-09-04 16:24:02] Epoch 921/1000
[2020-09-04 16:24:02] ==========
[2020-09-04 16:24:03] ----------------------------------------------------------------------------------------------------
[2020-09-04 16:24:03]            l_rec=11.825 l_lms=0.0065 err_lms=0.00/0.00/0.00 	T: 0:00:00
[2020-09-04 16:24:03] 
[2020-09-04 16:24:03] Epoch 922/1000
[2020-09-04 16:24:03] ==========
[2020-09-04 16:24:03] ----------------------------------------------------------------------------------------------------
[2020-09-04 16:24:03]            l_rec=11.825 l_lms=0.0066 err_lms=0.00/0.00/0.00 	T: 0:00:00
[2020-09-04 16:24:03] 
[2020-09-04 16:24:03] Epoch 923/1000
[2020-09-04 16:24:03] ==========
[2020-09-04 16:24:04] ----------------------------------------------------------------------------------------------------
[2020-09-04 16:24:04]            l_rec=11.825 l_lms=0.0065 err_lms=0.00/0.00/0.00 	T: 0:00:00
[2020-09-04 16:24:04] 
[2020-09-04 16:24:04] Epoch 924/1000
[2020-09-04 16:24:04] ==========
[2020-09-04 16:24:04] ----------------------------------------------------------------------------------------------------
[2020-09-04 16:24:04]            l_rec=11.825 l_lms=0.0064 err_lms=0.00/0.00/0.00 	T: 0:00:00
[2020-09-04 16:24:04] 
[2020-09-04 16:24:04] Epoch 925/1000
[2020-09-04 16:24:04] ==========
[2020-09-04 16:24:05] ----------------------------------------------------------------------------------------------------
[2020-09-04 16:24:05]            l_rec=11.825 l_lms=0.0064 err_lms=0.00/0.00/0.00 	T: 0:00:00
[2020-09-04 16:24:05] 
[2020-09-04 16:24:05] Epoch 926/1000
[2020-09-04 16:24:05] ==========
[2020-09-04 16:24:05] ----------------------------------------------------------------------------------------------------
[2020-09-04 16:24:05]            l_rec=11.825 l_lms=0.0065 err_lms=0.00/0.00/0.00 	T: 0:00:00
[2020-09-04 16:24:05] 
[2020-09-04 16:24:05] Epoch 927/1000
[2020-09-04 16:24:05] ==========
[2020-09-04 16:24:05] ----------------------------------------------------------------------------------------------------
[2020-09-04 16:24:05]            l_rec=11.825 l_lms=0.0065 err_lms=0.00/0.00/0.00 	T: 0:00:00
[2020-09-04 16:24:05] 
[2020-09-04 16:24:05] Epoch 928/1000
[2020-09-04 16:24:05] ==========
[2020-09-04 16:24:06] ----------------------------------------------------------------------------------------------------
[2020-09-04 16:24:06]            l_rec=11.825 l_lms=0.0064 err_lms=0.00/0.00/0.00 	T: 0:00:00
[2020-09-04 16:24:06] 
[2020-09-04 16:24:06] Epoch 929/1000
[2020-09-04 16:24:06] ==========
[2020-09-04 16:24:06] ----------------------------------------------------------------------------------------------------
[2020-09-04 16:24:06]            l_rec=11.825 l_lms=0.0063 err_lms=0.00/0.00/0.00 	T: 0:00:00
[2020-09-04 16:24:06] 
[2020-09-04 16:24:06] Epoch 930/1000
[2020-09-04 16:24:06] ==========
[2020-09-04 16:24:07] ----------------------------------------------------------------------------------------------------
[2020-09-04 16:24:07]            l_rec=11.825 l_lms=0.0063 err_lms=0.00/0.00/0.00 	T: 0:00:00
[2020-09-04 16:24:07] 
[2020-09-04 16:24:07] Epoch 931/1000
[2020-09-04 16:24:07] ==========
[2020-09-04 16:24:07] ----------------------------------------------------------------------------------------------------
[2020-09-04 16:24:07]            l_rec=11.825 l_lms=0.0063 err_lms=0.00/0.00/0.00 	T: 0:00:00
[2020-09-04 16:24:07] 
[2020-09-04 16:24:07] Epoch 932/1000
[2020-09-04 16:24:07] ==========
[2020-09-04 16:24:08] ----------------------------------------------------------------------------------------------------
[2020-09-04 16:24:08]            l_rec=11.825 l_lms=0.0063 err_lms=0.00/0.00/0.00 	T: 0:00:00
[2020-09-04 16:24:08] 
[2020-09-04 16:24:08] Epoch 933/1000
[2020-09-04 16:24:08] ==========
[2020-09-04 16:24:08] ----------------------------------------------------------------------------------------------------
[2020-09-04 16:24:08]            l_rec=11.825 l_lms=0.0063 err_lms=0.00/0.00/0.00 	T: 0:00:00
[2020-09-04 16:24:08] 
[2020-09-04 16:24:08] Epoch 934/1000
[2020-09-04 16:24:08] ==========
[2020-09-04 16:24:09] ----------------------------------------------------------------------------------------------------
[2020-09-04 16:24:09]            l_rec=11.825 l_lms=0.0063 err_lms=0.00/0.00/0.00 	T: 0:00:00
[2020-09-04 16:24:09] 
[2020-09-04 16:24:09] Epoch 935/1000
[2020-09-04 16:24:09] ==========
[2020-09-04 16:24:09] ----------------------------------------------------------------------------------------------------
[2020-09-04 16:24:09]            l_rec=11.825 l_lms=0.0063 err_lms=0.00/0.00/0.00 	T: 0:00:00
[2020-09-04 16:24:09] 
[2020-09-04 16:24:09] Epoch 936/1000
[2020-09-04 16:24:09] ==========
[2020-09-04 16:24:10] ----------------------------------------------------------------------------------------------------
[2020-09-04 16:24:10]            l_rec=11.825 l_lms=0.0062 err_lms=0.00/0.00/0.00 	T: 0:00:00
[2020-09-04 16:24:10] 
[2020-09-04 16:24:10] Epoch 937/1000
[2020-09-04 16:24:10] ==========
[2020-09-04 16:24:10] ----------------------------------------------------------------------------------------------------
[2020-09-04 16:24:10]            l_rec=11.825 l_lms=0.0062 err_lms=0.00/0.00/0.00 	T: 0:00:00
[2020-09-04 16:24:10] 
[2020-09-04 16:24:10] Epoch 938/1000
[2020-09-04 16:24:10] ==========
[2020-09-04 16:24:11] ----------------------------------------------------------------------------------------------------
[2020-09-04 16:24:11]            l_rec=11.825 l_lms=0.0062 err_lms=0.00/0.00/0.00 	T: 0:00:00
[2020-09-04 16:24:11] 
[2020-09-04 16:24:11] Epoch 939/1000
[2020-09-04 16:24:11] ==========
[2020-09-04 16:24:11] ----------------------------------------------------------------------------------------------------
[2020-09-04 16:24:11]            l_rec=11.825 l_lms=0.0062 err_lms=0.00/0.00/0.00 	T: 0:00:00
[2020-09-04 16:24:11] 
[2020-09-04 16:24:11] Epoch 940/1000
[2020-09-04 16:24:11] ==========
[2020-09-04 16:24:12] ----------------------------------------------------------------------------------------------------
[2020-09-04 16:24:12]            l_rec=11.825 l_lms=0.0062 err_lms=0.00/0.00/0.00 	T: 0:00:00
[2020-09-04 16:24:12] 
[2020-09-04 16:24:12] Epoch 941/1000
[2020-09-04 16:24:12] ==========
[2020-09-04 16:24:12] ----------------------------------------------------------------------------------------------------
[2020-09-04 16:24:12]            l_rec=11.825 l_lms=0.0062 err_lms=0.00/0.00/0.00 	T: 0:00:00
[2020-09-04 16:24:12] 
[2020-09-04 16:24:12] Epoch 942/1000
[2020-09-04 16:24:12] ==========
[2020-09-04 16:24:13] ----------------------------------------------------------------------------------------------------
[2020-09-04 16:24:13]            l_rec=11.825 l_lms=0.0062 err_lms=0.00/0.00/0.00 	T: 0:00:00
[2020-09-04 16:24:13] 
[2020-09-04 16:24:13] Epoch 943/1000
[2020-09-04 16:24:13] ==========
[2020-09-04 16:24:13] ----------------------------------------------------------------------------------------------------
[2020-09-04 16:24:13]            l_rec=11.825 l_lms=0.0062 err_lms=0.00/0.00/0.00 	T: 0:00:00
[2020-09-04 16:24:13] 
[2020-09-04 16:24:13] Epoch 944/1000
[2020-09-04 16:24:13] ==========
[2020-09-04 16:24:14] ----------------------------------------------------------------------------------------------------
[2020-09-04 16:24:14]            l_rec=11.825 l_lms=0.0062 err_lms=0.00/0.00/0.00 	T: 0:00:00
[2020-09-04 16:24:14] 
[2020-09-04 16:24:14] Epoch 945/1000
[2020-09-04 16:24:14] ==========
[2020-09-04 16:24:14] ----------------------------------------------------------------------------------------------------
[2020-09-04 16:24:14]            l_rec=11.825 l_lms=0.0062 err_lms=0.00/0.00/0.00 	T: 0:00:00
[2020-09-04 16:24:14] 
[2020-09-04 16:24:14] Epoch 946/1000
[2020-09-04 16:24:14] ==========
[2020-09-04 16:24:15] ----------------------------------------------------------------------------------------------------
[2020-09-04 16:24:15]            l_rec=11.825 l_lms=0.0062 err_lms=0.00/0.00/0.00 	T: 0:00:00
[2020-09-04 16:24:15] 
[2020-09-04 16:24:15] Epoch 947/1000
[2020-09-04 16:24:15] ==========
[2020-09-04 16:24:15] ----------------------------------------------------------------------------------------------------
[2020-09-04 16:24:15]            l_rec=11.825 l_lms=0.0062 err_lms=0.00/0.00/0.00 	T: 0:00:00
[2020-09-04 16:24:15] 
[2020-09-04 16:24:15] Epoch 948/1000
[2020-09-04 16:24:15] ==========
[2020-09-04 16:24:16] ----------------------------------------------------------------------------------------------------
[2020-09-04 16:24:16]            l_rec=11.825 l_lms=0.0062 err_lms=0.00/0.00/0.00 	T: 0:00:00
[2020-09-04 16:24:16] 
[2020-09-04 16:24:16] Epoch 949/1000
[2020-09-04 16:24:16] ==========
[2020-09-04 16:24:16] ----------------------------------------------------------------------------------------------------
[2020-09-04 16:24:16]            l_rec=11.825 l_lms=0.0062 err_lms=0.00/0.00/0.00 	T: 0:00:00
[2020-09-04 16:24:16] 
[2020-09-04 16:24:16] Epoch 950/1000
[2020-09-04 16:24:16] ==========
[2020-09-04 16:24:17] ----------------------------------------------------------------------------------------------------
[2020-09-04 16:24:17]            l_rec=11.825 l_lms=0.0063 err_lms=0.00/0.00/0.00 	T: 0:00:00
[2020-09-04 16:24:17] 
[2020-09-04 16:24:17] Epoch 951/1000
[2020-09-04 16:24:17] ==========
[2020-09-04 16:24:17] ----------------------------------------------------------------------------------------------------
[2020-09-04 16:24:17]            l_rec=11.825 l_lms=0.0064 err_lms=0.00/0.00/0.00 	T: 0:00:00
[2020-09-04 16:24:17] 
[2020-09-04 16:24:17] Epoch 952/1000
[2020-09-04 16:24:17] ==========
[2020-09-04 16:24:17] ----------------------------------------------------------------------------------------------------
[2020-09-04 16:24:17]            l_rec=11.825 l_lms=0.0067 err_lms=0.00/0.00/0.00 	T: 0:00:00
[2020-09-04 16:24:17] 
[2020-09-04 16:24:17] Epoch 953/1000
[2020-09-04 16:24:17] ==========
[2020-09-04 16:24:18] ----------------------------------------------------------------------------------------------------
[2020-09-04 16:24:18]            l_rec=11.825 l_lms=0.0070 err_lms=0.00/0.00/0.00 	T: 0:00:00
[2020-09-04 16:24:18] 
[2020-09-04 16:24:18] Epoch 954/1000
[2020-09-04 16:24:18] ==========
[2020-09-04 16:24:18] ----------------------------------------------------------------------------------------------------
[2020-09-04 16:24:18]            l_rec=11.825 l_lms=0.0077 err_lms=0.00/0.00/0.00 	T: 0:00:00
[2020-09-04 16:24:18] 
[2020-09-04 16:24:18] Epoch 955/1000
[2020-09-04 16:24:18] ==========
[2020-09-04 16:24:19] ----------------------------------------------------------------------------------------------------
[2020-09-04 16:24:19]            l_rec=11.825 l_lms=0.0086 err_lms=0.00/0.00/0.00 	T: 0:00:00
[2020-09-04 16:24:19] 
[2020-09-04 16:24:19] Epoch 956/1000
[2020-09-04 16:24:19] ==========
[2020-09-04 16:24:19] ----------------------------------------------------------------------------------------------------
[2020-09-04 16:24:19]            l_rec=11.825 l_lms=0.0105 err_lms=0.00/0.00/0.00 	T: 0:00:00
[2020-09-04 16:24:19] 
[2020-09-04 16:24:19] Epoch 957/1000
[2020-09-04 16:24:19] ==========
[2020-09-04 16:24:20] ----------------------------------------------------------------------------------------------------
[2020-09-04 16:24:20]            l_rec=11.825 l_lms=0.0124 err_lms=0.00/0.00/0.00 	T: 0:00:00
[2020-09-04 16:24:20] 
[2020-09-04 16:24:20] Epoch 958/1000
[2020-09-04 16:24:20] ==========
[2020-09-04 16:24:20] ----------------------------------------------------------------------------------------------------
[2020-09-04 16:24:20]            l_rec=11.825 l_lms=0.0162 err_lms=0.00/0.00/0.00 	T: 0:00:00
[2020-09-04 16:24:20] 
[2020-09-04 16:24:20] Epoch 959/1000
[2020-09-04 16:24:20] ==========
[2020-09-04 16:24:21] ----------------------------------------------------------------------------------------------------
[2020-09-04 16:24:21]            l_rec=11.825 l_lms=0.0175 err_lms=0.00/0.00/0.00 	T: 0:00:00
[2020-09-04 16:24:21] 
[2020-09-04 16:24:21] Epoch 960/1000
[2020-09-04 16:24:21] ==========
[2020-09-04 16:24:21] ----------------------------------------------------------------------------------------------------
[2020-09-04 16:24:21]            l_rec=11.825 l_lms=0.0194 err_lms=0.00/0.00/0.00 	T: 0:00:00
[2020-09-04 16:24:21] 
[2020-09-04 16:24:21] Epoch 961/1000
[2020-09-04 16:24:21] ==========
[2020-09-04 16:24:22] ----------------------------------------------------------------------------------------------------
[2020-09-04 16:24:22]            l_rec=11.825 l_lms=0.0150 err_lms=0.00/0.00/0.00 	T: 0:00:00
[2020-09-04 16:24:22] 
[2020-09-04 16:24:22] Epoch 962/1000
[2020-09-04 16:24:22] ==========
[2020-09-04 16:24:22] ----------------------------------------------------------------------------------------------------
[2020-09-04 16:24:22]            l_rec=11.825 l_lms=0.0101 err_lms=0.00/0.00/0.00 	T: 0:00:00
[2020-09-04 16:24:22] 
[2020-09-04 16:24:22] Epoch 963/1000
[2020-09-04 16:24:22] ==========
[2020-09-04 16:24:23] ----------------------------------------------------------------------------------------------------
[2020-09-04 16:24:23]            l_rec=11.825 l_lms=0.0072 err_lms=0.00/0.00/0.00 	T: 0:00:00
[2020-09-04 16:24:23] 
[2020-09-04 16:24:23] Epoch 964/1000
[2020-09-04 16:24:23] ==========
[2020-09-04 16:24:23] ----------------------------------------------------------------------------------------------------
[2020-09-04 16:24:23]            l_rec=11.825 l_lms=0.0085 err_lms=0.00/0.00/0.00 	T: 0:00:00
[2020-09-04 16:24:23] 
[2020-09-04 16:24:23] Epoch 965/1000
[2020-09-04 16:24:23] ==========
[2020-09-04 16:24:24] ----------------------------------------------------------------------------------------------------
[2020-09-04 16:24:24]            l_rec=11.825 l_lms=0.0114 err_lms=0.00/0.00/0.00 	T: 0:00:00
[2020-09-04 16:24:24] 
[2020-09-04 16:24:24] Epoch 966/1000
[2020-09-04 16:24:24] ==========
[2020-09-04 16:24:24] ----------------------------------------------------------------------------------------------------
[2020-09-04 16:24:24]            l_rec=11.825 l_lms=0.0104 err_lms=0.00/0.00/0.00 	T: 0:00:00
[2020-09-04 16:24:24] 
[2020-09-04 16:24:24] Epoch 967/1000
[2020-09-04 16:24:24] ==========
[2020-09-04 16:24:25] ----------------------------------------------------------------------------------------------------
[2020-09-04 16:24:25]            l_rec=11.825 l_lms=0.0079 err_lms=0.00/0.00/0.00 	T: 0:00:00
[2020-09-04 16:24:25] 
[2020-09-04 16:24:25] Epoch 968/1000
[2020-09-04 16:24:25] ==========
[2020-09-04 16:24:25] ----------------------------------------------------------------------------------------------------
[2020-09-04 16:24:25]            l_rec=11.825 l_lms=0.0067 err_lms=0.00/0.00/0.00 	T: 0:00:00
[2020-09-04 16:24:25] 
[2020-09-04 16:24:25] Epoch 969/1000
[2020-09-04 16:24:25] ==========
[2020-09-04 16:24:26] ----------------------------------------------------------------------------------------------------
[2020-09-04 16:24:26]            l_rec=11.825 l_lms=0.0081 err_lms=0.00/0.00/0.00 	T: 0:00:00
[2020-09-04 16:24:26] 
[2020-09-04 16:24:26] Epoch 970/1000
[2020-09-04 16:24:26] ==========
[2020-09-04 16:24:26] ----------------------------------------------------------------------------------------------------
[2020-09-04 16:24:26]            l_rec=11.825 l_lms=0.0094 err_lms=0.00/0.00/0.00 	T: 0:00:00
[2020-09-04 16:24:26] 
[2020-09-04 16:24:26] Epoch 971/1000
[2020-09-04 16:24:26] ==========
[2020-09-04 16:24:27] ----------------------------------------------------------------------------------------------------
[2020-09-04 16:24:27]            l_rec=11.825 l_lms=0.0078 err_lms=0.00/0.00/0.00 	T: 0:00:00
[2020-09-04 16:24:27] 
[2020-09-04 16:24:27] Epoch 972/1000
[2020-09-04 16:24:27] ==========
[2020-09-04 16:24:27] ----------------------------------------------------------------------------------------------------
[2020-09-04 16:24:27]            l_rec=11.825 l_lms=0.0066 err_lms=0.00/0.00/0.00 	T: 0:00:00
[2020-09-04 16:24:27] 
[2020-09-04 16:24:27] Epoch 973/1000
[2020-09-04 16:24:27] ==========
[2020-09-04 16:24:28] ----------------------------------------------------------------------------------------------------
[2020-09-04 16:24:28]            l_rec=11.825 l_lms=0.0070 err_lms=0.00/0.00/0.00 	T: 0:00:00
[2020-09-04 16:24:28] 
[2020-09-04 16:24:28] Epoch 974/1000
[2020-09-04 16:24:28] ==========
[2020-09-04 16:24:28] ----------------------------------------------------------------------------------------------------
[2020-09-04 16:24:28]            l_rec=11.825 l_lms=0.0077 err_lms=0.00/0.00/0.00 	T: 0:00:00
[2020-09-04 16:24:28] 
[2020-09-04 16:24:28] Epoch 975/1000
[2020-09-04 16:24:28] ==========
[2020-09-04 16:24:29] ----------------------------------------------------------------------------------------------------
[2020-09-04 16:24:29]            l_rec=11.825 l_lms=0.0074 err_lms=0.00/0.00/0.00 	T: 0:00:00
[2020-09-04 16:24:29] 
[2020-09-04 16:24:29] Epoch 976/1000
[2020-09-04 16:24:29] ==========
[2020-09-04 16:24:29] ----------------------------------------------------------------------------------------------------
[2020-09-04 16:24:29]            l_rec=11.825 l_lms=0.0065 err_lms=0.00/0.00/0.00 	T: 0:00:00
[2020-09-04 16:24:29] 
[2020-09-04 16:24:29] Epoch 977/1000
[2020-09-04 16:24:29] ==========
[2020-09-04 16:24:30] ----------------------------------------------------------------------------------------------------
[2020-09-04 16:24:30]            l_rec=11.825 l_lms=0.0066 err_lms=0.00/0.00/0.00 	T: 0:00:00
[2020-09-04 16:24:30] 
[2020-09-04 16:24:30] Epoch 978/1000
[2020-09-04 16:24:30] ==========
[2020-09-04 16:24:30] ----------------------------------------------------------------------------------------------------
[2020-09-04 16:24:30]            l_rec=11.825 l_lms=0.0071 err_lms=0.00/0.00/0.00 	T: 0:00:00
[2020-09-04 16:24:30] 
[2020-09-04 16:24:30] Epoch 979/1000
[2020-09-04 16:24:30] ==========
[2020-09-04 16:24:31] ----------------------------------------------------------------------------------------------------
[2020-09-04 16:24:31]            l_rec=11.825 l_lms=0.0068 err_lms=0.00/0.00/0.00 	T: 0:00:00
[2020-09-04 16:24:31] 
[2020-09-04 16:24:31] Epoch 980/1000
[2020-09-04 16:24:31] ==========
[2020-09-04 16:24:31] ----------------------------------------------------------------------------------------------------
[2020-09-04 16:24:31]            l_rec=11.825 l_lms=0.0063 err_lms=0.00/0.00/0.00 	T: 0:00:00
[2020-09-04 16:24:31] 
[2020-09-04 16:24:31] Epoch 981/1000
[2020-09-04 16:24:31] ==========
[2020-09-04 16:24:32] ----------------------------------------------------------------------------------------------------
[2020-09-04 16:24:32]            l_rec=11.825 l_lms=0.0064 err_lms=0.00/0.00/0.00 	T: 0:00:00
[2020-09-04 16:24:32] 
[2020-09-04 16:24:32] Epoch 982/1000
[2020-09-04 16:24:32] ==========
[2020-09-04 16:24:32] ----------------------------------------------------------------------------------------------------
[2020-09-04 16:24:32]            l_rec=11.825 l_lms=0.0067 err_lms=0.00/0.00/0.00 	T: 0:00:00
[2020-09-04 16:24:32] 
[2020-09-04 16:24:32] Epoch 983/1000
[2020-09-04 16:24:32] ==========
[2020-09-04 16:24:32] ----------------------------------------------------------------------------------------------------
[2020-09-04 16:24:32]            l_rec=11.825 l_lms=0.0065 err_lms=0.00/0.00/0.00 	T: 0:00:00
[2020-09-04 16:24:32] 
[2020-09-04 16:24:32] Epoch 984/1000
[2020-09-04 16:24:32] ==========
[2020-09-04 16:24:33] ----------------------------------------------------------------------------------------------------
[2020-09-04 16:24:33]            l_rec=11.825 l_lms=0.0062 err_lms=0.00/0.00/0.00 	T: 0:00:00
[2020-09-04 16:24:33] 
[2020-09-04 16:24:33] Epoch 985/1000
[2020-09-04 16:24:33] ==========
[2020-09-04 16:24:33] ----------------------------------------------------------------------------------------------------
[2020-09-04 16:24:33]            l_rec=11.825 l_lms=0.0062 err_lms=0.00/0.00/0.00 	T: 0:00:00
[2020-09-04 16:24:33] 
[2020-09-04 16:24:33] Epoch 986/1000
[2020-09-04 16:24:33] ==========
[2020-09-04 16:24:34] ----------------------------------------------------------------------------------------------------
[2020-09-04 16:24:34]            l_rec=11.825 l_lms=0.0065 err_lms=0.00/0.00/0.00 	T: 0:00:00
[2020-09-04 16:24:34] 
[2020-09-04 16:24:34] Epoch 987/1000
[2020-09-04 16:24:34] ==========
[2020-09-04 16:24:34] ----------------------------------------------------------------------------------------------------
[2020-09-04 16:24:34]            l_rec=11.825 l_lms=0.0064 err_lms=0.00/0.00/0.00 	T: 0:00:00
[2020-09-04 16:24:34] 
[2020-09-04 16:24:34] Epoch 988/1000
[2020-09-04 16:24:34] ==========
[2020-09-04 16:24:35] ----------------------------------------------------------------------------------------------------
[2020-09-04 16:24:35]            l_rec=11.825 l_lms=0.0062 err_lms=0.00/0.00/0.00 	T: 0:00:00
[2020-09-04 16:24:35] 
[2020-09-04 16:24:35] Epoch 989/1000
[2020-09-04 16:24:35] ==========
[2020-09-04 16:24:35] ----------------------------------------------------------------------------------------------------
[2020-09-04 16:24:35]            l_rec=11.825 l_lms=0.0063 err_lms=0.00/0.00/0.00 	T: 0:00:00
[2020-09-04 16:24:35] 
[2020-09-04 16:24:35] Epoch 990/1000
[2020-09-04 16:24:35] ==========
[2020-09-04 16:24:36] ----------------------------------------------------------------------------------------------------
[2020-09-04 16:24:36]            l_rec=11.825 l_lms=0.0065 err_lms=0.00/0.00/0.00 	T: 0:00:00
[2020-09-04 16:24:36] 
[2020-09-04 16:24:36] Epoch 991/1000
[2020-09-04 16:24:36] ==========
[2020-09-04 16:24:36] ----------------------------------------------------------------------------------------------------
[2020-09-04 16:24:36]            l_rec=11.825 l_lms=0.0065 err_lms=0.00/0.00/0.00 	T: 0:00:00
[2020-09-04 16:24:36] 
[2020-09-04 16:24:36] Epoch 992/1000
[2020-09-04 16:24:36] ==========
[2020-09-04 16:24:37] ----------------------------------------------------------------------------------------------------
[2020-09-04 16:24:37]            l_rec=11.825 l_lms=0.0065 err_lms=0.00/0.00/0.00 	T: 0:00:00
[2020-09-04 16:24:37] 
[2020-09-04 16:24:37] Epoch 993/1000
[2020-09-04 16:24:37] ==========
[2020-09-04 16:24:37] ----------------------------------------------------------------------------------------------------
[2020-09-04 16:24:37]            l_rec=11.825 l_lms=0.0067 err_lms=0.00/0.00/0.00 	T: 0:00:00
[2020-09-04 16:24:37] 
[2020-09-04 16:24:37] Epoch 994/1000
[2020-09-04 16:24:37] ==========
[2020-09-04 16:24:38] ----------------------------------------------------------------------------------------------------
[2020-09-04 16:24:38]            l_rec=11.825 l_lms=0.0072 err_lms=0.00/0.00/0.00 	T: 0:00:00
[2020-09-04 16:24:38] 
[2020-09-04 16:24:38] Epoch 995/1000
[2020-09-04 16:24:38] ==========
[2020-09-04 16:24:38] ----------------------------------------------------------------------------------------------------
[2020-09-04 16:24:38]            l_rec=11.825 l_lms=0.0075 err_lms=0.00/0.00/0.00 	T: 0:00:00
[2020-09-04 16:24:38] 
[2020-09-04 16:24:38] Epoch 996/1000
[2020-09-04 16:24:38] ==========
[2020-09-04 16:24:39] ----------------------------------------------------------------------------------------------------
[2020-09-04 16:24:39]            l_rec=11.825 l_lms=0.0082 err_lms=0.00/0.00/0.00 	T: 0:00:00
[2020-09-04 16:24:39] 
[2020-09-04 16:24:39] Epoch 997/1000
[2020-09-04 16:24:39] ==========
[2020-09-04 16:24:39] ----------------------------------------------------------------------------------------------------
[2020-09-04 16:24:39]            l_rec=11.825 l_lms=0.0086 err_lms=0.00/0.00/0.00 	T: 0:00:00
[2020-09-04 16:24:39] 
[2020-09-04 16:24:39] Epoch 998/1000
[2020-09-04 16:24:39] ==========
[2020-09-04 16:24:40] ----------------------------------------------------------------------------------------------------
[2020-09-04 16:24:40]            l_rec=11.825 l_lms=0.0099 err_lms=0.00/0.00/0.00 	T: 0:00:00
[2020-09-04 16:24:40] 
[2020-09-04 16:24:40] Epoch 999/1000
[2020-09-04 16:24:40] ==========
[2020-09-04 16:24:40] ----------------------------------------------------------------------------------------------------
[2020-09-04 16:24:40]            l_rec=11.825 l_lms=0.0102 err_lms=0.00/0.00/0.00 	T: 0:00:00
[2020-09-04 16:24:40] 
[2020-09-04 16:24:40] Epoch 1000/1000
[2020-09-04 16:24:40] ==========
[2020-09-04 16:24:41] ----------------------------------------------------------------------------------------------------
[2020-09-04 16:24:41]            l_rec=11.825 l_lms=0.0114 err_lms=0.00/0.00/0.00 	T: 0:00:00
[2020-09-04 16:24:41] 
[2020-09-04 16:24:41] Evaluating 'test'...
[2020-09-04 16:24:42] [1000][1/34] l_rec=17.692 l_lms=1.5184 err_lms=11.43/18.95/13.31 0.71/0.29/1.00s (001316 0:09:48)
[2020-09-04 16:24:42] [1000][2/34] l_rec=18.864 l_lms=1.5260 err_lms=10.41/20.63/12.96 0.05/0.28/0.33s (001317 0:09:49)
[2020-09-04 16:24:42] [1000][3/34] l_rec=18.910 l_lms=1.5791 err_lms=12.38/21.63/14.70 0.04/0.28/0.32s (001318 0:09:49)
[2020-09-04 16:24:43] [1000][4/34] l_rec=17.424 l_lms=1.4402 err_lms=10.52/20.76/13.08 0.04/0.28/0.32s (001319 0:09:49)
[2020-09-04 16:24:43] [1000][5/34] l_rec=14.632 l_lms=1.3968 err_lms=10.63/20.33/13.05 0.04/0.28/0.32s (001320 0:09:50)
[2020-09-04 16:24:43] [1000][6/34] l_rec=15.156 l_lms=1.6280 err_lms=11.07/24.32/14.38 0.04/0.28/0.32s (001321 0:09:50)
[2020-09-04 16:24:44] [1000][7/34] l_rec=15.814 l_lms=1.3884 err_lms=10.12/18.30/12.17 0.04/0.28/0.32s (001322 0:09:50)
[2020-09-04 16:24:44] [1000][8/34] l_rec=17.165 l_lms=1.4472 err_lms=12.40/17.20/13.60 0.04/0.28/0.32s (001323 0:09:51)
[2020-09-04 16:24:44] [1000][9/34] l_rec=17.000 l_lms=1.4550 err_lms=15.25/20.40/16.53 0.04/0.28/0.32s (001324 0:09:51)
[2020-09-04 16:24:45] [1000][10/34] l_rec=16.566 l_lms=1.4403 err_lms=10.50/21.42/13.23 0.04/0.28/0.32s (001325 0:09:51)
[2020-09-04 16:24:45] [1000][11/34] l_rec=15.644 l_lms=1.5098 err_lms=11.43/21.80/14.02 0.04/0.28/0.32s (001326 0:09:52)
[2020-09-04 16:24:45] [1000][12/34] l_rec=18.277 l_lms=1.4960 err_lms=10.45/20.61/12.99 0.04/0.28/0.32s (001327 0:09:52)
[2020-09-04 16:24:45] [1000][13/34] l_rec=13.183 l_lms=1.4508 err_lms=12.62/17.98/13.96 0.04/0.28/0.32s (001328 0:09:52)
[2020-09-04 16:24:46] [1000][14/34] l_rec=13.438 l_lms=1.2280 err_lms=10.08/17.96/12.05 0.04/0.28/0.32s (001329 0:09:53)
[2020-09-04 16:24:46] [1000][15/34] l_rec=14.831 l_lms=1.4444 err_lms=10.75/20.21/13.12 0.04/0.28/0.32s (001330 0:09:53)
[2020-09-04 16:24:46] [1000][16/34] l_rec=18.122 l_lms=1.6025 err_lms=12.56/22.51/15.05 0.04/0.28/0.32s (001331 0:09:53)
[2020-09-04 16:24:47] [1000][17/34] l_rec=16.159 l_lms=1.3403 err_lms=9.78/19.54/12.22 0.04/0.28/0.32s (001332 0:09:54)
[2020-09-04 16:24:47] [1000][18/34] l_rec=15.427 l_lms=1.3095 err_lms=10.34/15.74/11.69 0.04/0.29/0.33s (001333 0:09:54)
[2020-09-04 16:24:47] [1000][19/34] l_rec=16.121 l_lms=1.4211 err_lms=11.00/20.25/13.31 0.04/0.29/0.33s (001334 0:09:54)
[2020-09-04 16:24:48] [1000][20/34] l_rec=16.219 l_lms=1.3191 err_lms=10.40/20.65/12.96 0.04/0.28/0.32s (001335 0:09:55)
[2020-09-04 16:24:48] [1000][21/34] l_rec=14.441 l_lms=1.3155 err_lms=11.02/17.14/12.55 0.04/0.29/0.32s (001336 0:09:55)
[2020-09-04 16:24:48] [1000][22/34] l_rec=16.949 l_lms=1.2624 err_lms=9.82/18.59/12.02 0.04/0.28/0.32s (001337 0:09:55)
[2020-09-04 16:24:49] [1000][23/34] l_rec=17.735 l_lms=1.5182 err_lms=11.76/24.29/14.89 0.04/0.28/0.32s (001338 0:09:56)
[2020-09-04 16:24:49] [1000][24/34] l_rec=14.685 l_lms=1.5564 err_lms=13.25/22.89/15.66 0.04/0.28/0.32s (001339 0:09:56)
[2020-09-04 16:24:49] [1000][25/34] l_rec=15.637 l_lms=1.4759 err_lms=11.51/21.11/13.91 0.04/0.28/0.32s (001340 0:09:56)
[2020-09-04 16:24:50] [1000][26/34] l_rec=17.508 l_lms=1.2755 err_lms=9.87/17.62/11.81 0.04/0.28/0.32s (001341 0:09:56)
[2020-09-04 16:24:50] [1000][27/34] l_rec=16.127 l_lms=1.3493 err_lms=10.74/18.06/12.57 0.04/0.28/0.32s (001342 0:09:57)
[2020-09-04 16:24:50] [1000][28/34] l_rec=15.755 l_lms=1.4021 err_lms=15.67/20.84/16.96 0.04/0.28/0.32s (001343 0:09:57)
[2020-09-04 16:24:51] [1000][29/34] l_rec=20.286 l_lms=2.1913 err_lms=21.26/33.69/24.37 0.04/0.28/0.32s (001344 0:09:57)
[2020-09-04 16:24:51] [1000][30/34] l_rec=17.811 l_lms=2.3453 err_lms=29.12/37.86/31.31 0.04/0.28/0.31s (001345 0:09:58)
[2020-09-04 16:24:51] [1000][31/34] l_rec=14.738 l_lms=2.2550 err_lms=24.97/37.49/28.10 0.03/0.28/0.31s (001346 0:09:58)
[2020-09-04 16:24:52] [1000][32/34] l_rec=15.827 l_lms=2.2037 err_lms=24.10/37.02/27.33 0.03/0.28/0.31s (001347 0:09:58)
[2020-09-04 16:24:52] [1000][33/34] l_rec=18.535 l_lms=2.1257 err_lms=20.86/36.58/24.79 0.03/0.28/0.31s (001348 0:09:59)
[2020-09-04 16:24:52] [1000][34/34] l_rec=16.345 l_lms=2.3718 err_lms=25.80/41.72/29.78 0.03/0.28/0.32s (001349 0:09:59)
[2020-09-04 16:24:52] [1000][35/34] l_rec=17.976 l_lms=2.3881 err_lms=25.58/42.46/29.80 0.04/0.13/0.17s (001350 0:09:59)
[2020-09-04 16:24:52] ----------------------------------------------------------------------------------------------------
[2020-09-04 16:24:52]            l_rec=16.486 l_lms=1.5993 err_lms=13.80/23.37/16.19 	T: 0:00:11
[2020-09-04 16:24:52] Training completed in 9m 60s
